Archive member included to satisfy reference by file (symbol)

/opt/devkitpro/libnds/lib/libfat.a(libfat.o)
                              bootstrap.o (fatInitDefault)
/opt/devkitpro/libnds/lib/libfat.a(disc.o)
                              /opt/devkitpro/libnds/lib/libfat.a(libfat.o) (_FAT_disc_interfaces)
/opt/devkitpro/libnds/lib/libfat.a(fatfile.o)
                              /opt/devkitpro/libnds/lib/libfat.a(libfat.o) (_FAT_open_r)
/opt/devkitpro/libnds/lib/libfat.a(cache.o)
                              /opt/devkitpro/libnds/lib/libfat.a(fatfile.o) (_FAT_cache_readSectors)
/opt/devkitpro/libnds/lib/libfat.a(fatdir.o)
                              /opt/devkitpro/libnds/lib/libfat.a(libfat.o) (_FAT_stat_r)
/opt/devkitpro/libnds/lib/libfat.a(directory.o)
                              /opt/devkitpro/libnds/lib/libfat.a(fatfile.o) (_FAT_directory_entryGetCluster)
/opt/devkitpro/libnds/lib/libfat.a(partition.o)
                              /opt/devkitpro/libnds/lib/libfat.a(libfat.o) (_FAT_partition_destructor)
/opt/devkitpro/libnds/lib/libfat.a(lock.o)
                              /opt/devkitpro/libnds/lib/libfat.a(partition.o) (_FAT_lock_init)
/opt/devkitpro/libnds/lib/libfat.a(filetime.o)
                              /opt/devkitpro/libnds/lib/libfat.a(fatfile.o) (_FAT_filetime_getTimeFromRTC)
/opt/devkitpro/libnds/lib/libfat.a(file_allocation_table.o)
                              /opt/devkitpro/libnds/lib/libfat.a(fatfile.o) (_FAT_fat_nextCluster)
/opt/devkitpro/libnds/lib/libnds9.a(console.o)
                              bootstrap.o (consoleDemoInit)
/opt/devkitpro/libnds/lib/libnds9.a(dldi.o)
                              /opt/devkitpro/libnds/lib/libfat.a(disc.o) (dldiGetInternal)
/opt/devkitpro/libnds/lib/libnds9.a(initSystem.o)
                              /opt/devkitpro/devkitARM/bin/../lib/gcc/arm-none-eabi/11.1.0/../../../../arm-none-eabi/lib/thumb/ds_arm9_crt0.o (initSystem)
/opt/devkitpro/libnds/lib/libnds9.a(timeSupport.o)
                              /opt/devkitpro/libnds/lib/libnds9.a(initSystem.o) (__libnds_gtod)
/opt/devkitpro/libnds/lib/libnds9.a(securearea.o)
                              /opt/devkitpro/devkitARM/bin/../lib/gcc/arm-none-eabi/11.1.0/../../../../arm-none-eabi/lib/thumb/ds_arm9_crt0.o (__secure_area__)
/opt/devkitpro/libnds/lib/libnds9.a(reset.o)
                              nds_loader_arm9.o (resetARM7)
/opt/devkitpro/libnds/lib/libnds9.a(interrupts.o)
                              /opt/devkitpro/libnds/lib/libnds9.a(initSystem.o) (irqInit)
/opt/devkitpro/libnds/lib/libnds9.a(libnds_exit.arm.o)
                              /opt/devkitpro/devkitARM/bin/../lib/gcc/arm-none-eabi/11.1.0/../../../../arm-none-eabi/lib/thumb/ds_arm9_crt0.o (__libnds_exit)
/opt/devkitpro/libnds/lib/libnds9.a(fifosystem.o)
                              /opt/devkitpro/libnds/lib/libnds9.a(initSystem.o) (fifoSetValue32Handler)
/opt/devkitpro/libnds/lib/libnds9.a(dldi_stub.o)
                              /opt/devkitpro/libnds/lib/libnds9.a(dldi.o) (_io_dldi_stub)
/opt/devkitpro/libnds/lib/libnds9.a(mpu_setup.o)
                              /opt/devkitpro/devkitARM/bin/../lib/gcc/arm-none-eabi/11.1.0/../../../../arm-none-eabi/lib/thumb/ds_arm9_crt0.o (__libnds_mpu_setup)
/opt/devkitpro/libnds/lib/libnds9.a(IntrWait.o)
                              bootstrap.o (swiWaitForVBlank)
/opt/devkitpro/libnds/lib/libnds9.a(cpu_clock.o)
                              /opt/devkitpro/libnds/lib/libnds9.a(initSystem.o) (setCpuClock)
/opt/devkitpro/libnds/lib/libnds9.a(interruptDispatcher.o)
                              /opt/devkitpro/libnds/lib/libnds9.a(interrupts.o) (IntrMain)
/opt/devkitpro/libnds/lib/libnds9.a(debugprint.o)
                              /opt/devkitpro/libnds/lib/libnds9.a(console.o) (nocashWrite)
/opt/devkitpro/libnds/lib/libnds9.a(swiSoftReset.o)
                              nds_loader_arm9.o (swiSoftReset)
/opt/devkitpro/libnds/lib/libnds9.a(default_font.bin.o)
                              /opt/devkitpro/libnds/lib/libnds9.a(console.o) (default_font_bin)
/opt/devkitpro/libnds/lib/libnds9.a(background.o)
                              /opt/devkitpro/libnds/lib/libnds9.a(console.o) (bgState)
/opt/devkitpro/libnds/lib/libnds9.a(video.o)
                              /opt/devkitpro/libnds/lib/libnds9.a(initSystem.o) (vramDefault)
/opt/devkitpro/libnds/lib/libnds9.a(system.o)
                              /opt/devkitpro/libnds/lib/libnds9.a(initSystem.o) (systemValueHandler)
/opt/devkitpro/libnds/lib/libnds9.a(trig.o)
                              /opt/devkitpro/libnds/lib/libnds9.a(background.o) (sinLerp)
/opt/devkitpro/libnds/lib/libnds9.a(sd.twl.o)
                              /opt/devkitpro/libnds/lib/libnds9.a(dldi.o) (__io_dsisd)
/opt/devkitpro/libnds/lib/libnds9.a(dcache.o)
                              /opt/devkitpro/libnds/lib/libnds9.a(sd.twl.o) (DC_FlushRange)
/opt/devkitpro/libnds/lib/libnds9.a(biosCalls.o)
[...]
Memory Configuration

Name             Origin             Length             Attributes
ewram            0x0000000002000000 0x0000000000380000
dtcm             0x0000000002ff0000 0x0000000000004000
vectors          0x0000000001000000 0x0000000000000100
itcm             0x0000000001000100 0x0000000000007f00
*default*        0x0000000000000000 0xffffffffffffffff

Linker script and memory map

                0x0000000002380000                __ewram_end = (ORIGIN (ewram) + LENGTH (ewram))
                0x0000000002380000                __eheap_end = (ORIGIN (ewram) + LENGTH (ewram))
                0x0000000002ff4000                __dtcm_top = (ORIGIN (dtcm) + LENGTH (dtcm))
                0x0000000002ff3ff8                __irq_flags = (__dtcm_top - 0x8)
                0x0000000002ff3ffc                __irq_vector = (__dtcm_top - 0x4)
                0x0000000002ff3f00                __sp_svc = (__dtcm_top - 0x100)
                0x0000000002ff3e00                __sp_irq = (__sp_svc - 0x100)
                0x0000000002ff3d00                __sp_usr = (__sp_irq - 0x100)

.secure         0x0000000002000000      0x800
 *(.secure)
 .secure        0x0000000002000000      0x800 /opt/devkitpro/libnds/lib/libnds9.a(securearea.o)
                0x0000000002000000                __secure_area__

.crt0           0x0000000002000800      0x300
                0x0000000002000800                __text_start = .
 *(.crt0)
 .crt0          0x0000000002000800      0x300 /opt/devkitpro/devkitARM/bin/../lib/gcc/arm-none-eabi/11.1.0/../../../../arm-none-eabi/lib/thumb/ds_arm9_crt0.o
                0x0000000002000800                _start
                0x0000000002000b00                . = ALIGN (0x4)

.plt
 *(.plt)

.init           0x0000000002000b00        0xc
 *(SORT_NONE(.init))
 .init          0x0000000002000b00        0x4 /opt/devkitpro/devkitARM/bin/../lib/gcc/arm-none-eabi/11.1.0/thumb/crti.o
                0x0000000002000b00                _init
 .init          0x0000000002000b04        0x8 /opt/devkitpro/devkitARM/bin/../lib/gcc/arm-none-eabi/11.1.0/thumb/crtn.o

.text           0x0000000002000b40    0x13340
 *(EXCLUDE_FILE(*.twl* *.vectors* *.itcm*) .text)
 .text          0x0000000002000b40      0x424 nds_loader_arm9.o
                0x0000000002000b40                runNds
                0x0000000002000eec                runNdsFile
                0x0000000002000f60                installBootStub
 *fill*         0x0000000002000f64       0x1c ff
 .text          0x0000000002000f80     0x4000 /opt/devkitpro/libnds/lib/libnds9.a(dldi_stub.o)
                0x0000000002000f80                _io_dldi_stub
 .text          0x0000000002004f80      0x11c /opt/devkitpro/devkitARM/bin/../lib/gcc/arm-none-eabi/11.1.0/thumb/libgcc.a(_udivsi3.o)
                0x0000000002004f80                __udivsi3
                0x0000000002004f80                __aeabi_uidiv
                0x000000000200507c                __aeabi_uidivmod
 .text          0x000000000200509c      0x150 /opt/devkitpro/devkitARM/bin/../lib/gcc/arm-none-eabi/11.1.0/thumb/libgcc.a(_divsi3.o)
                0x000000000200509c                __aeabi_idiv
                0x000000000200509c                __divsi3
                0x00000000020051cc                __aeabi_idivmod
 .text          0x00000000020051ec        0x4 /opt/devkitpro/devkitARM/bin/../lib/gcc/arm-none-eabi/11.1.0/thumb/libgcc.a(_dvmd_tls.o)
                0x00000000020051ec                __aeabi_ldiv0
                0x00000000020051ec                __aeabi_idiv0
 .text          0x00000000020051f0       0xd4 /opt/devkitpro/devkitARM/bin/../lib/gcc/arm-none-eabi/11.1.0/thumb/libgcc.a(_aeabi_ldivmod.o)
                0x00000000020051f0                __aeabi_ldivmod
 .text          0x00000000020052c4       0x28 /opt/devkitpro/devkitARM/bin/../lib/gcc/arm-none-eabi/11.1.0/thumb/libgcc.a(_clzdi2.o)
                0x00000000020052c4                __clzdi2
 .text          0x00000000020052ec       0x48 /opt/devkitpro/devkitARM/bin/../lib/gcc/arm-none-eabi/11.1.0/thumb/libgcc.a(_clzsi2.o)
                0x00000000020052ec                __clzsi2
 .text          0x0000000002005334      0x224 /opt/devkitpro/devkitARM/bin/../lib/gcc/arm-none-eabi/11.1.0/../../../../arm-none-eabi/lib/thumb/libg.a(lib_a-strcmp.o)
                0x0000000002005334                strcmp
 .text          0x0000000002005558       0x14 /opt/devkitpro/devkitARM/bin/../lib/gcc/arm-none-eabi/11.1.0/thumb/libgcc.a(_thumb1_case_uqi.o)
                0x0000000002005558                __gnu_thumb1_case_uqi
 .text          0x000000000200556c       0x14 /opt/devkitpro/devkitARM/bin/../lib/gcc/arm-none-eabi/11.1.0/thumb/libgcc.a(_thumb1_case_uhi.o)
                0x000000000200556c                __gnu_thumb1_case_uhi
 .text          0x0000000002005580       0x3c /opt/devkitpro/devkitARM/bin/../lib/gcc/arm-none-eabi/11.1.0/thumb/libgcc.a(_aeabi_uldivmod.o)
                0x0000000002005580                __aeabi_uldivmod
 *(EXCLUDE_FILE(*.twl* *.vectors* *.itcm*) .stub)
 *(EXCLUDE_FILE(*.twl* *.vectors* *.itcm*) .text.*)
 .text.__do_global_dtors_aux
                0x00000000020055bc       0x2c /opt/devkitpro/devkitARM/bin/../lib/gcc/arm-none-eabi/11.1.0/thumb/crtbegin.o
 .text.frame_dummy
                0x00000000020055e8       0x24 /opt/devkitpro/devkitARM/bin/../lib/gcc/arm-none-eabi/11.1.0/thumb/crtbegin.o
 .text.startup  0x000000000200560c       0x38 bootstrap.o
                0x000000000200560c                main
 .text.fatMount.part.0
                0x0000000002005644       0xa0 /opt/devkitpro/libnds/lib/libfat.a(libfat.o)
 .text.fatMount
                0x00000000020056e4       0x3c /opt/devkitpro/libnds/lib/libfat.a(libfat.o)
                0x00000000020056e4                fatMount
 .text.fatInit  0x0000000002005720      0x130 /opt/devkitpro/libnds/lib/libfat.a(libfat.o)
                0x0000000002005720                fatInit
 .text.fatInitDefault
                0x0000000002005850        0xc /opt/devkitpro/libnds/lib/libfat.a(libfat.o)
                0x0000000002005850                fatInitDefault
 .text._FAT_check_position_for_next_cluster.part.0
                0x000000000200585c       0x68 /opt/devkitpro/libnds/lib/libfat.a(fatfile.o)
 .text._FAT_syncToDisc.part.0
                0x00000000020058c4       0xd4 /opt/devkitpro/libnds/lib/libfat.a(fatfile.o)
 .text._FAT_file_extend_r
                0x0000000002005998      0x208 /opt/devkitpro/libnds/lib/libfat.a(fatfile.o)
 .text._FAT_open_r
                0x0000000002005ba0      0x2d4 /opt/devkitpro/libnds/lib/libfat.a(fatfile.o)
                0x0000000002005ba0                _FAT_open_r
 .text._FAT_close_r
                0x0000000002005e74       0x74 /opt/devkitpro/libnds/lib/libfat.a(fatfile.o)
                0x0000000002005e74                _FAT_close_r
 .text._FAT_read_r
                0x0000000002005ee8      0x398 /opt/devkitpro/libnds/lib/libfat.a(fatfile.o)
                0x0000000002005ee8                _FAT_read_r
 .text._FAT_write_r
                0x0000000002006280      0x53c /opt/devkitpro/libnds/lib/libfat.a(fatfile.o)
                0x0000000002006280                _FAT_write_r
 .text._FAT_seek_r
                0x00000000020067bc      0x194 /opt/devkitpro/libnds/lib/libfat.a(fatfile.o)
                0x00000000020067bc                _FAT_seek_r
 .text._FAT_fstat_r
                0x0000000002006950       0x8c /opt/devkitpro/libnds/lib/libfat.a(fatfile.o)
                0x0000000002006950                _FAT_fstat_r
 .text._FAT_ftruncate_r
                0x00000000020069dc      0x16c /opt/devkitpro/libnds/lib/libfat.a(fatfile.o)
                0x00000000020069dc                _FAT_ftruncate_r
 .text._FAT_fsync_r
                0x0000000002006b48       0x44 /opt/devkitpro/libnds/lib/libfat.a(fatfile.o)
                0x0000000002006b48                _FAT_fsync_r
 .text._FAT_cache_getPage
                0x0000000002006b8c       0xf0 /opt/devkitpro/libnds/lib/libfat.a(cache.o)
 .text._FAT_cache_constructor
                0x0000000002006c7c       0x90 /opt/devkitpro/libnds/lib/libfat.a(cache.o)
                0x0000000002006c7c                _FAT_cache_constructor
 .text._FAT_cache_readSectors
                0x0000000002006d0c       0x60 /opt/devkitpro/libnds/lib/libfat.a(cache.o)
                0x0000000002006d0c                _FAT_cache_readSectors
 .text._FAT_cache_readPartialSector
                0x0000000002006d6c       0x3c /opt/devkitpro/libnds/lib/libfat.a(cache.o)
                0x0000000002006d6c                _FAT_cache_readPartialSector
 .text._FAT_cache_readLittleEndianValue
                0x0000000002006da8       0x70 /opt/devkitpro/libnds/lib/libfat.a(cache.o)
                0x0000000002006da8                _FAT_cache_readLittleEndianValue
 .text._FAT_cache_writePartialSector
                0x0000000002006e18       0x4c /opt/devkitpro/libnds/lib/libfat.a(cache.o)
                0x0000000002006e18                _FAT_cache_writePartialSector
 .text._FAT_cache_writeLittleEndianValue
                0x0000000002006e64       0x8c /opt/devkitpro/libnds/lib/libfat.a(cache.o)
                0x0000000002006e64                _FAT_cache_writeLittleEndianValue
 .text._FAT_cache_eraseWritePartialSector
                0x0000000002006ef0       0x60 /opt/devkitpro/libnds/lib/libfat.a(cache.o)
                0x0000000002006ef0                _FAT_cache_eraseWritePartialSector
 .text._FAT_cache_writeSectors
                0x0000000002006f50       0x80 /opt/devkitpro/libnds/lib/libfat.a(cache.o)
                0x0000000002006f50                _FAT_cache_writeSectors
 .text._FAT_cache_flush
                0x0000000002006fd0       0x40 /opt/devkitpro/libnds/lib/libfat.a(cache.o)
                0x0000000002006fd0                _FAT_cache_flush
 .text._FAT_stat_r
                0x0000000002007010       0x90 /opt/devkitpro/libnds/lib/libfat.a(fatdir.o)
                0x0000000002007010                _FAT_stat_r
 .text._FAT_link_r
                0x00000000020070a0        0xc /opt/devkitpro/libnds/lib/libfat.a(fatdir.o)
                0x00000000020070a0                _FAT_link_r
 .text._FAT_unlink_r
                0x00000000020070ac      0x184 /opt/devkitpro/libnds/lib/libfat.a(fatdir.o)
                0x00000000020070ac                _FAT_unlink_r
 .text._FAT_chdir_r
                0x0000000002007230       0x70 /opt/devkitpro/libnds/lib/libfat.a(fatdir.o)
                0x0000000002007230                _FAT_chdir_r
 .text._FAT_rename_r
                0x00000000020072a0      0x1c4 /opt/devkitpro/libnds/lib/libfat.a(fatdir.o)
                0x00000000020072a0                _FAT_rename_r
 .text._FAT_mkdir_r
                0x0000000002007464      0x244 /opt/devkitpro/libnds/lib/libfat.a(fatdir.o)
                0x0000000002007464                _FAT_mkdir_r
 .text._FAT_statvfs_r
                0x00000000020076a8       0x78 /opt/devkitpro/libnds/lib/libfat.a(fatdir.o)
                0x00000000020076a8                _FAT_statvfs_r
 .text._FAT_diropen_r
                0x0000000002007720       0xb0 /opt/devkitpro/libnds/lib/libfat.a(fatdir.o)
                0x0000000002007720                _FAT_diropen_r
 .text._FAT_dirreset_r
                0x00000000020077d0       0x4c /opt/devkitpro/libnds/lib/libfat.a(fatdir.o)
                0x00000000020077d0                _FAT_dirreset_r
 .text._FAT_dirnext_r
                0x000000000200781c       0x7c /opt/devkitpro/libnds/lib/libfat.a(fatdir.o)
                0x000000000200781c                _FAT_dirnext_r
 .text._FAT_dirclose_r
                0x0000000002007898       0x20 /opt/devkitpro/libnds/lib/libfat.a(fatdir.o)
                0x0000000002007898                _FAT_dirclose_r
 .text._FAT_directory_entryGetAlias
                0x00000000020078b8       0xc8 /opt/devkitpro/libnds/lib/libfat.a(directory.o)
 .text._FAT_directory_incrementDirEntryPosition
                0x0000000002007980       0x80 /opt/devkitpro/libnds/lib/libfat.a(directory.o)
 .text._FAT_directory_mbsncasecmp
                0x0000000002007a00       0xa8 /opt/devkitpro/libnds/lib/libfat.a(directory.o)
 .text._FAT_directory_ucs2tombs.constprop.0
                0x0000000002007aa8       0x90 /opt/devkitpro/libnds/lib/libfat.a(directory.o)
 .text._FAT_directory_entryGetCluster
                0x0000000002007b38       0x20 /opt/devkitpro/libnds/lib/libfat.a(directory.o)
                0x0000000002007b38                _FAT_directory_entryGetCluster
 .text._FAT_directory_getNextEntry
                0x0000000002007b58      0x23c /opt/devkitpro/libnds/lib/libfat.a(directory.o)
                0x0000000002007b58                _FAT_directory_getNextEntry
 .text._FAT_directory_entryExists
                0x0000000002007d94       0x80 /opt/devkitpro/libnds/lib/libfat.a(directory.o)
 .text._FAT_directory_getFirstEntry
                0x0000000002007e14       0x20 /opt/devkitpro/libnds/lib/libfat.a(directory.o)
                0x0000000002007e14                _FAT_directory_getFirstEntry
 .text._FAT_directory_getRootEntry
                0x0000000002007e34       0x60 /opt/devkitpro/libnds/lib/libfat.a(directory.o)
                0x0000000002007e34                _FAT_directory_getRootEntry
 .text._FAT_directory_entryFromPosition
                0x0000000002007e94      0x150 /opt/devkitpro/libnds/lib/libfat.a(directory.o)
                0x0000000002007e94                _FAT_directory_entryFromPosition
 .text._FAT_directory_entryFromPath
                0x0000000002007fe4      0x248 /opt/devkitpro/libnds/lib/libfat.a(directory.o)
                0x0000000002007fe4                _FAT_directory_entryFromPath
 .text._FAT_directory_removeEntry
                0x000000000200822c       0xd8 /opt/devkitpro/libnds/lib/libfat.a(directory.o)
                0x000000000200822c                _FAT_directory_removeEntry
 .text._FAT_directory_addEntry
                0x0000000002008304      0x808 /opt/devkitpro/libnds/lib/libfat.a(directory.o)
                0x0000000002008304                _FAT_directory_addEntry
 .text._FAT_directory_chdir
                0x0000000002008b0c       0x3c /opt/devkitpro/libnds/lib/libfat.a(directory.o)
                0x0000000002008b0c                _FAT_directory_chdir
 .text._FAT_directory_entryStat
                0x0000000002008b48       0xe4 /opt/devkitpro/libnds/lib/libfat.a(directory.o)
                0x0000000002008b48                _FAT_directory_entryStat
 .text.isValidMBR
                0x0000000002008c2c       0x5c /opt/devkitpro/libnds/lib/libfat.a(partition.o)
 .text._FAT_updateFS_INFO
                0x0000000002008c88       0x54 /opt/devkitpro/libnds/lib/libfat.a(partition.o)
 .text.FindFirstValidPartition_buf.part.0
                0x0000000002008cdc      0x11c /opt/devkitpro/libnds/lib/libfat.a(partition.o)
 .text._FAT_partition_getPartitionFromPath
                0x0000000002008df8       0x10 /opt/devkitpro/libnds/lib/libfat.a(partition.o)
                0x0000000002008df8                _FAT_partition_getPartitionFromPath
 .text._FAT_partition_createFSinfo
                0x0000000002008e08       0x50 /opt/devkitpro/libnds/lib/libfat.a(partition.o)
                0x0000000002008e08                _FAT_partition_createFSinfo
 .text._FAT_partition_readFSinfo.part.0
                0x0000000002008e58       0x74 /opt/devkitpro/libnds/lib/libfat.a(partition.o)
 .text._FAT_partition_constructor_buf
                0x0000000002008ecc      0x2e8 /opt/devkitpro/libnds/lib/libfat.a(partition.o)
                0x0000000002008ecc                _FAT_partition_constructor_buf
 .text._FAT_partition_constructor
                0x00000000020091b4       0x40 /opt/devkitpro/libnds/lib/libfat.a(partition.o)
                0x00000000020091b4                _FAT_partition_constructor
 .text._FAT_partition_readFSinfo
                0x00000000020091f4       0x10 /opt/devkitpro/libnds/lib/libfat.a(partition.o)
                0x00000000020091f4                _FAT_partition_readFSinfo
 .text._FAT_lock_init
                0x0000000002009204        0x4 /opt/devkitpro/libnds/lib/libfat.a(lock.o)
                0x0000000002009204                _FAT_lock_init
 .text._FAT_lock
                0x0000000002009208        0x4 /opt/devkitpro/libnds/lib/libfat.a(lock.o)
                0x0000000002009208                _FAT_lock
 .text._FAT_unlock
                0x000000000200920c        0x4 /opt/devkitpro/libnds/lib/libfat.a(lock.o)
                0x000000000200920c                _FAT_unlock
 .text._FAT_filetime_getTimeFromRTC
                0x0000000002009210       0x44 /opt/devkitpro/libnds/lib/libfat.a(filetime.o)
                0x0000000002009210                _FAT_filetime_getTimeFromRTC
 .text._FAT_filetime_getDateFromRTC
                0x0000000002009254       0x44 /opt/devkitpro/libnds/lib/libfat.a(filetime.o)
                0x0000000002009254                _FAT_filetime_getDateFromRTC
 .text._FAT_filetime_to_time_t
                0x0000000002009298       0x38 /opt/devkitpro/libnds/lib/libfat.a(filetime.o)
                0x0000000002009298                _FAT_filetime_to_time_t
 .text._FAT_fat_writeFatEntry.part.0.isra.0
                0x00000000020092d0      0x12c /opt/devkitpro/libnds/lib/libfat.a(file_allocation_table.o)
 .text._FAT_fat_nextCluster
                0x00000000020093fc      0x108 /opt/devkitpro/libnds/lib/libfat.a(file_allocation_table.o)
                0x00000000020093fc                _FAT_fat_nextCluster
 .text._FAT_fat_linkFreeCluster
                0x0000000002009504       0xac /opt/devkitpro/libnds/lib/libfat.a(file_allocation_table.o)
                0x0000000002009504                _FAT_fat_linkFreeCluster
 .text._FAT_fat_linkFreeClusterCleared
                0x00000000020095b0       0x68 /opt/devkitpro/libnds/lib/libfat.a(file_allocation_table.o)
                0x00000000020095b0                _FAT_fat_linkFreeClusterCleared
 .text._FAT_fat_clearLinks
                0x0000000002009618       0x7c /opt/devkitpro/libnds/lib/libfat.a(file_allocation_table.o)
                0x0000000002009618                _FAT_fat_clearLinks
 .text._FAT_fat_trimChain
                0x0000000002009694       0x80 /opt/devkitpro/libnds/lib/libfat.a(file_allocation_table.o)
                0x0000000002009694                _FAT_fat_trimChain
 .text._FAT_fat_lastCluster
                0x0000000002009714       0x34 /opt/devkitpro/libnds/lib/libfat.a(file_allocation_table.o)
                0x0000000002009714                _FAT_fat_lastCluster
 .text._FAT_fat_freeClusterCount
                0x0000000002009748       0x2c /opt/devkitpro/libnds/lib/libfat.a(file_allocation_table.o)
                0x0000000002009748                _FAT_fat_freeClusterCount
 .text.newRow   0x0000000002009774       0xb0 /opt/devkitpro/libnds/lib/libnds9.a(console.o)
 .text.consolePrintChar
                0x0000000002009824       0xec /opt/devkitpro/libnds/lib/libnds9.a(console.o)
                0x0000000002009824                consolePrintChar
 .text.con_write
                0x0000000002009910      0x374 /opt/devkitpro/libnds/lib/libnds9.a(console.o)
                0x0000000002009910                con_write
 .text.consoleLoadFont
                0x0000000002009c84      0x2a8 /opt/devkitpro/libnds/lib/libnds9.a(console.o)
                0x0000000002009c84                consoleLoadFont
 .text.consoleInit
                0x0000000002009f2c      0x194 /opt/devkitpro/libnds/lib/libnds9.a(console.o)
                0x0000000002009f2c                consoleInit
 .text.consoleDemoInit
                0x000000000200a0c0       0x40 /opt/devkitpro/libnds/lib/libnds9.a(console.o)
                0x000000000200a0c0                consoleDemoInit
 .text.dldiGetInternal
                0x000000000200a100       0x34 /opt/devkitpro/libnds/lib/libnds9.a(dldi.o)
                0x000000000200a100                dldiGetInternal
 .text.get_io_dsisd
                0x000000000200a134       0x24 /opt/devkitpro/libnds/lib/libnds9.a(dldi.o)
                0x000000000200a134                get_io_dsisd
 .text.initSystem
                0x000000000200a158      0x198 /opt/devkitpro/libnds/lib/libnds9.a(initSystem.o)
                0x000000000200a158                initSystem
 .text.__libnds_gtod
                0x000000000200a2f0       0x28 /opt/devkitpro/libnds/lib/libnds9.a(timeSupport.o)
                0x000000000200a2f0                __libnds_gtod
 .text.resetARM7
                0x000000000200a318       0x3c /opt/devkitpro/libnds/lib/libnds9.a(reset.o)
                0x000000000200a318                resetARM7
 .text.irqDummy
                0x000000000200a354        0x4 /opt/devkitpro/libnds/lib/libnds9.a(interrupts.o)
                0x000000000200a354                irqDummy
 .text.irqSet   0x000000000200a358       0x6c /opt/devkitpro/libnds/lib/libnds9.a(interrupts.o)
                0x000000000200a358                irqSet
 .text.irqInit  0x000000000200a3c4       0x50 /opt/devkitpro/libnds/lib/libnds9.a(interrupts.o)
                0x000000000200a3c4                irqInit
 .text.irqEnable
                0x000000000200a414       0x64 /opt/devkitpro/libnds/lib/libnds9.a(interrupts.o)
                0x000000000200a414                irqEnable
 .text.irqDisable
                0x000000000200a478       0x64 /opt/devkitpro/libnds/lib/libnds9.a(interrupts.o)
                0x000000000200a478                irqDisable
 .text.systemErrorExit
                0x000000000200a4dc        0x4 /opt/devkitpro/libnds/lib/libnds9.a(libnds_exit.arm.o)
                0x000000000200a4dc                systemErrorExit
 .text.__libnds_exit
                0x000000000200a4e0       0x5c /opt/devkitpro/libnds/lib/libnds9.a(libnds_exit.arm.o)
                0x000000000200a4e0                __libnds_exit
 .text.fifo_queueBlock
                0x000000000200a53c       0x44 /opt/devkitpro/libnds/lib/libnds9.a(fifosystem.o)
 .text.fifo_waitBlock
                0x000000000200a580       0x80 /opt/devkitpro/libnds/lib/libnds9.a(fifosystem.o)
 .text.fifoInternalSend.part.0
                0x000000000200a600       0xd4 /opt/devkitpro/libnds/lib/libnds9.a(fifosystem.o)
 .text.fifoInternalSendInterrupt
                0x000000000200a6d4       0xa8 /opt/devkitpro/libnds/lib/libnds9.a(fifosystem.o)
 .text.fifoSetValue32Handler
                0x000000000200a77c       0xd8 /opt/devkitpro/libnds/lib/libnds9.a(fifosystem.o)
                0x000000000200a77c                fifoSetValue32Handler
 .text.fifoSendValue32
                0x000000000200a854       0x4c /opt/devkitpro/libnds/lib/libnds9.a(fifosystem.o)
                0x000000000200a854                fifoSendValue32
 .text.fifoSendDatamsg
                0x000000000200a8a0       0x90 /opt/devkitpro/libnds/lib/libnds9.a(fifosystem.o)
                0x000000000200a8a0                fifoSendDatamsg
 .text.fifoGetValue32
                0x000000000200a930       0x70 /opt/devkitpro/libnds/lib/libnds9.a(fifosystem.o)
                0x000000000200a930                fifoGetValue32
 .text.fifoGetDatamsg
                0x000000000200a9a0       0xf4 /opt/devkitpro/libnds/lib/libnds9.a(fifosystem.o)
                0x000000000200a9a0                fifoGetDatamsg
 .text.fifoInternalRecvInterrupt
                0x000000000200aa94      0x380 /opt/devkitpro/libnds/lib/libnds9.a(fifosystem.o)
 .text.fifoSetDatamsgHandler
                0x000000000200ae14       0x9c /opt/devkitpro/libnds/lib/libnds9.a(fifosystem.o)
                0x000000000200ae14                fifoSetDatamsgHandler
 .text.fifoCheckValue32
                0x000000000200aeb0       0x24 /opt/devkitpro/libnds/lib/libnds9.a(fifosystem.o)
                0x000000000200aeb0                fifoCheckValue32
 .text.fifoInit
                0x000000000200aed4       0xf8 /opt/devkitpro/libnds/lib/libnds9.a(fifosystem.o)
                0x000000000200aed4                fifoInit
 .text.__libnds_mpu_setup
                0x000000000200afcc      0x174 /opt/devkitpro/libnds/lib/libnds9.a(mpu_setup.o)
                0x000000000200afcc                __libnds_mpu_setup
 .text.memUncached
                0x000000000200b140       0x20 /opt/devkitpro/libnds/lib/libnds9.a(mpu_setup.o)
                0x000000000200b140                memUncached
 .text.swiWaitForVBlank
                0x000000000200b160        0x8 /opt/devkitpro/libnds/lib/libnds9.a(IntrWait.o)
                0x000000000200b160                swiWaitForVBlank
 .text.swiIntrWait
                0x000000000200b168       0x70 /opt/devkitpro/libnds/lib/libnds9.a(IntrWait.o)
                0x000000000200b168                swiIntrWait
 .text.setCpuClock
                0x000000000200b1d8       0x50 /opt/devkitpro/libnds/lib/libnds9.a(cpu_clock.o)
                0x000000000200b1d8                setCpuClock
 .text.swiSoftReset
                0x000000000200b228       0x2c /opt/devkitpro/libnds/lib/libnds9.a(swiSoftReset.o)
                0x000000000200b228                swiSoftReset
 .text.checkIfText
                0x000000000200b254       0x5c /opt/devkitpro/libnds/lib/libnds9.a(background.o)
                0x000000000200b254                checkIfText
 .text.bgUpdate
                0x000000000200b2b0       0xf4 /opt/devkitpro/libnds/lib/libnds9.a(background.o)
                0x000000000200b2b0                bgUpdate
 .text.bgInit_call
                0x000000000200b3a4       0xc4 /opt/devkitpro/libnds/lib/libnds9.a(background.o)
                0x000000000200b3a4                bgInit_call
 .text.bgInitSub_call
                0x000000000200b468       0xcc /opt/devkitpro/libnds/lib/libnds9.a(background.o)
                0x000000000200b468                bgInitSub_call
 .text.vramDefault
                0x000000000200b534       0xd0 /opt/devkitpro/libnds/lib/libnds9.a(video.o)
                0x000000000200b534                vramDefault
 .text.systemValueHandler
                0x000000000200b604       0x48 /opt/devkitpro/libnds/lib/libnds9.a(system.o)
                0x000000000200b604                systemValueHandler
 .text.systemMsgHandler
                0x000000000200b64c       0x60 /opt/devkitpro/libnds/lib/libnds9.a(system.o)
                0x000000000200b64c                systemMsgHandler
 .text.powerOn  0x000000000200b6ac       0x2c /opt/devkitpro/libnds/lib/libnds9.a(system.o)
                0x000000000200b6ac                powerOn
 .text.sinLutLookup
                0x000000000200b6d8       0x38 /opt/devkitpro/libnds/lib/libnds9.a(trig.o)
                0x000000000200b6d8                sinLutLookup
 .text.sinLerp  0x000000000200b710       0x40 /opt/devkitpro/libnds/lib/libnds9.a(trig.o)
                0x000000000200b710                sinLerp
 .text.cosLerp  0x000000000200b750       0x4c /opt/devkitpro/libnds/lib/libnds9.a(trig.o)
                0x000000000200b750                cosLerp
 .text.DC_FlushRange
                0x000000000200b79c       0x24 /opt/devkitpro/libnds/lib/libnds9.a(dcache.o)
                0x000000000200b79c                DC_FlushRange
 .text.swiDelay
                0x000000000200b7c0        0x4 /opt/devkitpro/libnds/lib/libnds9.a(biosCalls.o)
                0x000000000200b7c0                swiDelay
 .text.__muldi3
                0x000000000200b7c4       0x54 /opt/devkitpro/devkitARM/bin/../lib/gcc/arm-none-eabi/11.1.0/thumb/libgcc.a(_muldi3.o)
                0x000000000200b7c4                __aeabi_lmul
                0x000000000200b7c4                __muldi3
 .text.__udivmoddi4
                0x000000000200b818      0x19c /opt/devkitpro/devkitARM/bin/../lib/gcc/arm-none-eabi/11.1.0/thumb/libgcc.a(_udivmoddi4.o)
                0x000000000200b818                __udivmoddi4
 .text.calloc   0x000000000200b9b4       0x18 /opt/devkitpro/devkitARM/bin/../lib/gcc/arm-none-eabi/11.1.0/../../../../arm-none-eabi/lib/thumb/libg.a(lib_a-calloc.o)
                0x000000000200b9b4                calloc
 .text._calloc_r
                0x000000000200b9cc       0xb0 /opt/devkitpro/devkitARM/bin/../lib/gcc/arm-none-eabi/11.1.0/../../../../arm-none-eabi/lib/thumb/libg.a(lib_a-callocr.o)
                0x000000000200b9cc                _calloc_r
 .text.__errno  0x000000000200ba7c        0xc /opt/devkitpro/devkitARM/bin/../lib/gcc/arm-none-eabi/11.1.0/../../../../arm-none-eabi/lib/thumb/libg.a(lib_a-errno.o)
                0x000000000200ba7c                __errno
 .text.__libc_init_array
                0x000000000200ba88       0x50 /opt/devkitpro/devkitARM/bin/../lib/gcc/arm-none-eabi/11.1.0/../../../../arm-none-eabi/lib/thumb/libg.a(lib_a-init.o)
                0x000000000200ba88                __libc_init_array
 .text.iprintf  0x000000000200bad8       0x24 /opt/devkitpro/devkitARM/bin/../lib/gcc/arm-none-eabi/11.1.0/../../../../arm-none-eabi/lib/thumb/libg.a(lib_a-iprintf.o)
                0x000000000200bad8                iprintf
 .text.localtime_r
                0x000000000200bafc      0x244 /opt/devkitpro/devkitARM/bin/../lib/gcc/arm-none-eabi/11.1.0/../../../../arm-none-eabi/lib/thumb/libg.a(lib_a-lcltime_r.o)
                0x000000000200bafc                localtime_r
 .text.__locale_mb_cur_max
                0x000000000200bd40       0x10 /opt/devkitpro/devkitARM/bin/../lib/gcc/arm-none-eabi/11.1.0/../../../../arm-none-eabi/lib/thumb/libg.a(lib_a-locale.o)
                0x000000000200bd40                __locale_mb_cur_max
 .text.malloc   0x000000000200bd50       0x14 /opt/devkitpro/devkitARM/bin/../lib/gcc/arm-none-eabi/11.1.0/../../../../arm-none-eabi/lib/thumb/libg.a(lib_a-malloc.o)
                0x000000000200bd50                malloc
 .text.free     0x000000000200bd64       0x14 /opt/devkitpro/devkitARM/bin/../lib/gcc/arm-none-eabi/11.1.0/../../../../arm-none-eabi/lib/thumb/libg.a(lib_a-malloc.o)
                0x000000000200bd64                free
 .text._malloc_r
                0x000000000200bd78      0x58c /opt/devkitpro/devkitARM/bin/../lib/gcc/arm-none-eabi/11.1.0/../../../../arm-none-eabi/lib/thumb/libg.a(lib_a-mallocr.o)
                0x000000000200bd78                _malloc_r
 .text._mbrtowc_r
                0x000000000200c304       0x60 /opt/devkitpro/devkitARM/bin/../lib/gcc/arm-none-eabi/11.1.0/../../../../arm-none-eabi/lib/thumb/libg.a(lib_a-mbrtowc.o)
                0x000000000200c304                _mbrtowc_r
 .text.mbrtowc  0x000000000200c364       0x7c /opt/devkitpro/devkitARM/bin/../lib/gcc/arm-none-eabi/11.1.0/../../../../arm-none-eabi/lib/thumb/libg.a(lib_a-mbrtowc.o)
                0x000000000200c364                mbrtowc
 .text.mbsrtowcs
                0x000000000200c3e0       0x28 /opt/devkitpro/devkitARM/bin/../lib/gcc/arm-none-eabi/11.1.0/../../../../arm-none-eabi/lib/thumb/libg.a(lib_a-mbsrtowcs.o)
                0x000000000200c3e0                mbsrtowcs
 .text.__utf8_mbtowc
                0x000000000200c408      0x294 /opt/devkitpro/devkitARM/bin/../lib/gcc/arm-none-eabi/11.1.0/../../../../arm-none-eabi/lib/thumb/libg.a(lib_a-mbtowc_r.o)
                0x000000000200c408                __utf8_mbtowc
 .text.memcmp   0x000000000200c69c       0x4c /opt/devkitpro/devkitARM/bin/../lib/gcc/arm-none-eabi/11.1.0/../../../../arm-none-eabi/lib/thumb/libg.a(lib_a-memcmp.o)
                0x000000000200c69c                memcmp
 .text.memcpy   0x000000000200c6e8       0xa8 /opt/devkitpro/devkitARM/bin/../lib/gcc/arm-none-eabi/11.1.0/../../../../arm-none-eabi/lib/thumb/libg.a(lib_a-memcpy-stub.o)
                0x000000000200c6e8                memcpy
 .text.memmove  0x000000000200c790       0xbc /opt/devkitpro/devkitARM/bin/../lib/gcc/arm-none-eabi/11.1.0/../../../../arm-none-eabi/lib/thumb/libg.a(lib_a-memmove.o)
                0x000000000200c790                memmove
 .text.memset   0x000000000200c84c       0xb0 /opt/devkitpro/devkitARM/bin/../lib/gcc/arm-none-eabi/11.1.0/../../../../arm-none-eabi/lib/thumb/libg.a(lib_a-memset.o)
                0x000000000200c84c                memset
 .text.validate_structure
                0x000000000200c8fc      0x1dc /opt/devkitpro/devkitARM/bin/../lib/gcc/arm-none-eabi/11.1.0/../../../../arm-none-eabi/lib/thumb/libg.a(lib_a-mktime.o)
 .text.mktime   0x000000000200cad8      0x450 /opt/devkitpro/devkitARM/bin/../lib/gcc/arm-none-eabi/11.1.0/../../../../arm-none-eabi/lib/thumb/libg.a(lib_a-mktime.o)
                0x000000000200cad8                mktime
 .text.__malloc_lock
                0x000000000200cf28       0x14 /opt/devkitpro/devkitARM/bin/../lib/gcc/arm-none-eabi/11.1.0/../../../../arm-none-eabi/lib/thumb/libg.a(lib_a-mlock.o)
                0x000000000200cf28                __malloc_lock
 .text.__malloc_unlock
                0x000000000200cf3c       0x14 /opt/devkitpro/devkitARM/bin/../lib/gcc/arm-none-eabi/11.1.0/../../../../arm-none-eabi/lib/thumb/libg.a(lib_a-mlock.o)
                0x000000000200cf3c                __malloc_unlock
 .text.setvbuf  0x000000000200cf50      0x1ac /opt/devkitpro/devkitARM/bin/../lib/gcc/arm-none-eabi/11.1.0/../../../../arm-none-eabi/lib/thumb/libg.a(lib_a-setvbuf.o)
                0x000000000200cf50                setvbuf
 .text.siscanf  0x000000000200d0fc       0x4c /opt/devkitpro/devkitARM/bin/../lib/gcc/arm-none-eabi/11.1.0/../../../../arm-none-eabi/lib/thumb/libg.a(lib_a-siscanf.o)
                0x000000000200d0fc                siscanf
 .text.__sread  0x000000000200d148       0x34 /opt/devkitpro/devkitARM/bin/../lib/gcc/arm-none-eabi/11.1.0/../../../../arm-none-eabi/lib/thumb/libg.a(lib_a-stdio.o)
                0x000000000200d148                __sread
 .text.__seofread
                0x000000000200d17c        0x4 /opt/devkitpro/devkitARM/bin/../lib/gcc/arm-none-eabi/11.1.0/../../../../arm-none-eabi/lib/thumb/libg.a(lib_a-stdio.o)
                0x000000000200d17c                __seofread
 .text.__swrite
                0x000000000200d180       0x4c /opt/devkitpro/devkitARM/bin/../lib/gcc/arm-none-eabi/11.1.0/../../../../arm-none-eabi/lib/thumb/libg.a(lib_a-stdio.o)
                0x000000000200d180                __swrite
 .text.__sseek  0x000000000200d1cc       0x40 /opt/devkitpro/devkitARM/bin/../lib/gcc/arm-none-eabi/11.1.0/../../../../arm-none-eabi/lib/thumb/libg.a(lib_a-stdio.o)
                0x000000000200d1cc                __sseek
 .text.__sclose
                0x000000000200d20c       0x10 /opt/devkitpro/devkitARM/bin/../lib/gcc/arm-none-eabi/11.1.0/../../../../arm-none-eabi/lib/thumb/libg.a(lib_a-stdio.o)
                0x000000000200d20c                __sclose
 .text.stpcpy   0x000000000200d21c       0x50 /opt/devkitpro/devkitARM/bin/../lib/gcc/arm-none-eabi/11.1.0/../../../../arm-none-eabi/lib/thumb/libg.a(lib_a-stpcpy.o)
                0x000000000200d21c                stpcpy
 .text.strchr   0x000000000200d26c       0xc8 /opt/devkitpro/devkitARM/bin/../lib/gcc/arm-none-eabi/11.1.0/../../../../arm-none-eabi/lib/thumb/libg.a(lib_a-strchr.o)
                0x000000000200d26c                strchr
 .text.strcpy   0x000000000200d334       0x10 /opt/devkitpro/devkitARM/bin/../lib/gcc/arm-none-eabi/11.1.0/../../../../arm-none-eabi/lib/thumb/libg.a(lib_a-strcpy.o)
                0x000000000200d334                strcpy
 .text.strlen   0x000000000200d344       0x60 /opt/devkitpro/devkitARM/bin/../lib/gcc/arm-none-eabi/11.1.0/../../../../arm-none-eabi/lib/thumb/libg.a(lib_a-strlen-stub.o)
                0x000000000200d344                strlen
 .text.strncasecmp
                0x000000000200d3a4       0x54 /opt/devkitpro/devkitARM/bin/../lib/gcc/arm-none-eabi/11.1.0/../../../../arm-none-eabi/lib/thumb/libg.a(lib_a-strncasecmp.o)
                0x000000000200d3a4                strncasecmp
 .text.strncmp  0x000000000200d3f8       0x78 /opt/devkitpro/devkitARM/bin/../lib/gcc/arm-none-eabi/11.1.0/../../../../arm-none-eabi/lib/thumb/libg.a(lib_a-strncmp.o)
                0x000000000200d3f8                strncmp
 .text.strncpy  0x000000000200d470       0x74 /opt/devkitpro/devkitARM/bin/../lib/gcc/arm-none-eabi/11.1.0/../../../../arm-none-eabi/lib/thumb/libg.a(lib_a-strncpy.o)
                0x000000000200d470                strncpy
 .text.strnlen  0x000000000200d4e4       0x28 /opt/devkitpro/devkitARM/bin/../lib/gcc/arm-none-eabi/11.1.0/../../../../arm-none-eabi/lib/thumb/libg.a(lib_a-strnlen.o)
                0x000000000200d4e4                strnlen
 .text.strpbrk  0x000000000200d50c       0x3c /opt/devkitpro/devkitARM/bin/../lib/gcc/arm-none-eabi/11.1.0/../../../../arm-none-eabi/lib/thumb/libg.a(lib_a-strpbrk.o)
                0x000000000200d50c                strpbrk
 .text.strrchr  0x000000000200d548       0x2c /opt/devkitpro/devkitARM/bin/../lib/gcc/arm-none-eabi/11.1.0/../../../../arm-none-eabi/lib/thumb/libg.a(lib_a-strrchr.o)
                0x000000000200d548                strrchr
 .text._strtol_l.part.0
                0x000000000200d574      0x144 /opt/devkitpro/devkitARM/bin/../lib/gcc/arm-none-eabi/11.1.0/../../../../arm-none-eabi/lib/thumb/libg.a(lib_a-strtol.o)
 .text._strtol_r
                0x000000000200d6b8       0x20 /opt/devkitpro/devkitARM/bin/../lib/gcc/arm-none-eabi/11.1.0/../../../../arm-none-eabi/lib/thumb/libg.a(lib_a-strtol.o)
                0x000000000200d6b8                _strtol_r
 .text.get_arg  0x000000000200d6d8       0x32 /opt/devkitpro/devkitARM/bin/../lib/gcc/arm-none-eabi/11.1.0/../../../../arm-none-eabi/lib/thumb/libg.a(lib_a-svfiscanf.o)
 .text._sungetc_r
                0x000000000200d70a       0x7e /opt/devkitpro/devkitARM/bin/../lib/gcc/arm-none-eabi/11.1.0/../../../../arm-none-eabi/lib/thumb/libg.a(lib_a-svfiscanf.o)
                0x000000000200d70a                _sungetc_r
 .text.__ssrefill_r
                0x000000000200d788       0x42 /opt/devkitpro/devkitARM/bin/../lib/gcc/arm-none-eabi/11.1.0/../../../../arm-none-eabi/lib/thumb/libg.a(lib_a-svfiscanf.o)
                0x000000000200d788                __ssrefill_r
 .text._sfread_r
                0x000000000200d7ca       0x88 /opt/devkitpro/devkitARM/bin/../lib/gcc/arm-none-eabi/11.1.0/../../../../arm-none-eabi/lib/thumb/libg.a(lib_a-svfiscanf.o)
                0x000000000200d7ca                _sfread_r
 *fill*         0x000000000200d852        0x2 ff
 .text.__ssvfiscanf_r
                0x000000000200d854     0x1a04 /opt/devkitpro/devkitARM/bin/../lib/gcc/arm-none-eabi/11.1.0/../../../../arm-none-eabi/lib/thumb/libg.a(lib_a-svfiscanf.o)
                0x000000000200d854                __ssvfiscanf_r
 .text.stat     0x000000000200f258       0x18 /opt/devkitpro/devkitARM/bin/../lib/gcc/arm-none-eabi/11.1.0/../../../../arm-none-eabi/lib/thumb/libg.a(lib_a-sysstat.o)
                0x000000000200f258                stat
 .text.time     0x000000000200f270       0x34 /opt/devkitpro/devkitARM/bin/../lib/gcc/arm-none-eabi/11.1.0/../../../../arm-none-eabi/lib/thumb/libg.a(lib_a-time.o)
                0x000000000200f270                time
 .text.towlower
                0x000000000200f2a4       0x10 /opt/devkitpro/devkitARM/bin/../lib/gcc/arm-none-eabi/11.1.0/../../../../arm-none-eabi/lib/thumb/libg.a(lib_a-towlower.o)
                0x000000000200f2a4                towlower
 .text.towupper
                0x000000000200f2b4       0x10 /opt/devkitpro/devkitARM/bin/../lib/gcc/arm-none-eabi/11.1.0/../../../../arm-none-eabi/lib/thumb/libg.a(lib_a-towupper.o)
                0x000000000200f2b4                towupper
 .text.__tzcalc_limits
                0x000000000200f2c4      0x1b4 /opt/devkitpro/devkitARM/bin/../lib/gcc/arm-none-eabi/11.1.0/../../../../arm-none-eabi/lib/thumb/libg.a(lib_a-tzcalc_limits.o)
                0x000000000200f2c4                __tzcalc_limits
 .text.__tz_lock
                0x000000000200f478       0x14 /opt/devkitpro/devkitARM/bin/../lib/gcc/arm-none-eabi/11.1.0/../../../../arm-none-eabi/lib/thumb/libg.a(lib_a-tzlock.o)
                0x000000000200f478                __tz_lock
 .text.__tz_unlock
                0x000000000200f48c       0x14 /opt/devkitpro/devkitARM/bin/../lib/gcc/arm-none-eabi/11.1.0/../../../../arm-none-eabi/lib/thumb/libg.a(lib_a-tzlock.o)
                0x000000000200f48c                __tz_unlock
 .text._tzset_unlocked
                0x000000000200f4a0       0x10 /opt/devkitpro/devkitARM/bin/../lib/gcc/arm-none-eabi/11.1.0/../../../../arm-none-eabi/lib/thumb/libg.a(lib_a-tzset.o)
                0x000000000200f4a0                _tzset_unlocked
 .text._tzset_unlocked_r
                0x000000000200f4b0      0x370 /opt/devkitpro/devkitARM/bin/../lib/gcc/arm-none-eabi/11.1.0/../../../../arm-none-eabi/lib/thumb/libg.a(lib_a-tzset_r.o)
                0x000000000200f4b0                _tzset_unlocked_r
 .text.__submore
                0x000000000200f820       0x88 /opt/devkitpro/devkitARM/bin/../lib/gcc/arm-none-eabi/11.1.0/../../../../arm-none-eabi/lib/thumb/libg.a(lib_a-ungetc.o)
                0x000000000200f820                __submore
 .text.get_arg  0x000000000200f8a8      0x400 /opt/devkitpro/devkitARM/bin/../lib/gcc/arm-none-eabi/11.1.0/../../../../arm-none-eabi/lib/thumb/libg.a(lib_a-vfiprintf.o)
 .text.__sprint_r
                0x000000000200fca8       0x24 /opt/devkitpro/devkitARM/bin/../lib/gcc/arm-none-eabi/11.1.0/../../../../arm-none-eabi/lib/thumb/libg.a(lib_a-vfiprintf.o)
                0x000000000200fca8                __sprint_r
 .text._vfiprintf_r
                0x000000000200fccc     0x1710 /opt/devkitpro/devkitARM/bin/../lib/gcc/arm-none-eabi/11.1.0/../../../../arm-none-eabi/lib/thumb/libg.a(lib_a-vfiprintf.o)
                0x000000000200fccc                _vfiprintf_r
 .text.__sbprintf
                0x00000000020113dc       0x8c /opt/devkitpro/devkitARM/bin/../lib/gcc/arm-none-eabi/11.1.0/../../../../arm-none-eabi/lib/thumb/libg.a(lib_a-vfiprintf.o)
 .text._wcrtomb_r
                0x0000000002011468       0x5c /opt/devkitpro/devkitARM/bin/../lib/gcc/arm-none-eabi/11.1.0/../../../../arm-none-eabi/lib/thumb/libg.a(lib_a-wcrtomb.o)
                0x0000000002011468                _wcrtomb_r
 .text.wcrtomb  0x00000000020114c4       0x74 /opt/devkitpro/devkitARM/bin/../lib/gcc/arm-none-eabi/11.1.0/../../../../arm-none-eabi/lib/thumb/libg.a(lib_a-wcrtomb.o)
                0x00000000020114c4                wcrtomb
 .text._wcsrtombs_r
                0x0000000002011538       0x1c /opt/devkitpro/devkitARM/bin/../lib/gcc/arm-none-eabi/11.1.0/../../../../arm-none-eabi/lib/thumb/libg.a(lib_a-wcsrtombs.o)
                0x0000000002011538                _wcsrtombs_r
 .text.wctob    0x0000000002011554       0x48 /opt/devkitpro/devkitARM/bin/../lib/gcc/arm-none-eabi/11.1.0/../../../../arm-none-eabi/lib/thumb/libg.a(lib_a-wctob.o)
                0x0000000002011554                wctob
 .text.__utf8_wctomb
                0x000000000201159c       0xb4 /opt/devkitpro/devkitARM/bin/../lib/gcc/arm-none-eabi/11.1.0/../../../../arm-none-eabi/lib/thumb/libg.a(lib_a-wctomb_r.o)
                0x000000000201159c                __utf8_wctomb
 .text.__swsetup_r
                0x0000000002011650       0xe4 /opt/devkitpro/devkitARM/bin/../lib/gcc/arm-none-eabi/11.1.0/../../../../arm-none-eabi/lib/thumb/libg.a(lib_a-wsetup.o)
                0x0000000002011650                __swsetup_r
 .text.div      0x0000000002011734       0x34 /opt/devkitpro/devkitARM/bin/../lib/gcc/arm-none-eabi/11.1.0/../../../../arm-none-eabi/lib/thumb/libg.a(lib_a-div.o)
                0x0000000002011734                div
 .text.__sflush_r
                0x0000000002011768      0x1c0 /opt/devkitpro/devkitARM/bin/../lib/gcc/arm-none-eabi/11.1.0/../../../../arm-none-eabi/lib/thumb/libg.a(lib_a-fflush.o)
                0x0000000002011768                __sflush_r
 .text._fflush_r
                0x0000000002011928       0x70 /opt/devkitpro/devkitARM/bin/../lib/gcc/arm-none-eabi/11.1.0/../../../../arm-none-eabi/lib/thumb/libg.a(lib_a-fflush.o)
                0x0000000002011928                _fflush_r
 .text._cleanup_r
                0x0000000002011998       0x14 /opt/devkitpro/devkitARM/bin/../lib/gcc/arm-none-eabi/11.1.0/../../../../arm-none-eabi/lib/thumb/libg.a(lib_a-findfp.o)
                0x0000000002011998                _cleanup_r
 .text.__sinit  0x00000000020119ac      0x124 /opt/devkitpro/devkitARM/bin/../lib/gcc/arm-none-eabi/11.1.0/../../../../arm-none-eabi/lib/thumb/libg.a(lib_a-findfp.o)
                0x00000000020119ac                __sinit
 .text.__sfp_lock_acquire
                0x0000000002011ad0       0x14 /opt/devkitpro/devkitARM/bin/../lib/gcc/arm-none-eabi/11.1.0/../../../../arm-none-eabi/lib/thumb/libg.a(lib_a-findfp.o)
                0x0000000002011ad0                __sfp_lock_acquire
 .text.__sfp_lock_release
                0x0000000002011ae4       0x14 /opt/devkitpro/devkitARM/bin/../lib/gcc/arm-none-eabi/11.1.0/../../../../arm-none-eabi/lib/thumb/libg.a(lib_a-findfp.o)
                0x0000000002011ae4                __sfp_lock_release
 .text._malloc_trim_r
                0x0000000002011af8       0xa0 /opt/devkitpro/devkitARM/bin/../lib/gcc/arm-none-eabi/11.1.0/../../../../arm-none-eabi/lib/thumb/libg.a(lib_a-freer.o)
                0x0000000002011af8                _malloc_trim_r
 .text._free_r  0x0000000002011b98      0x1d8 /opt/devkitpro/devkitARM/bin/../lib/gcc/arm-none-eabi/11.1.0/../../../../arm-none-eabi/lib/thumb/libg.a(lib_a-freer.o)
                0x0000000002011b98                _free_r
 .text.__sfvwrite_r
                0x0000000002011d70      0x34c /opt/devkitpro/devkitARM/bin/../lib/gcc/arm-none-eabi/11.1.0/../../../../arm-none-eabi/lib/thumb/libg.a(lib_a-fvwrite.o)
                0x0000000002011d70                __sfvwrite_r
 .text._fwalk_reent
                0x00000000020120bc       0x50 /opt/devkitpro/devkitARM/bin/../lib/gcc/arm-none-eabi/11.1.0/../../../../arm-none-eabi/lib/thumb/libg.a(lib_a-fwalk.o)
                0x00000000020120bc                _fwalk_reent
 .text._findenv_r
                0x000000000201210c       0x94 /opt/devkitpro/devkitARM/bin/../lib/gcc/arm-none-eabi/11.1.0/../../../../arm-none-eabi/lib/thumb/libg.a(lib_a-getenv_r.o)
                0x000000000201210c                _findenv_r
 .text._getenv_r
                0x00000000020121a0       0x10 /opt/devkitpro/devkitARM/bin/../lib/gcc/arm-none-eabi/11.1.0/../../../../arm-none-eabi/lib/thumb/libg.a(lib_a-getenv_r.o)
                0x00000000020121a0                _getenv_r
 .text.__gettzinfo
                0x00000000020121b0        0x8 /opt/devkitpro/devkitARM/bin/../lib/gcc/arm-none-eabi/11.1.0/../../../../arm-none-eabi/lib/thumb/libg.a(lib_a-gettzinfo.o)
                0x00000000020121b0                __gettzinfo
 .text.gmtime_r
                0x00000000020121b8      0x1c8 /opt/devkitpro/devkitARM/bin/../lib/gcc/arm-none-eabi/11.1.0/../../../../arm-none-eabi/lib/thumb/libg.a(lib_a-gmtime_r.o)
                0x00000000020121b8                gmtime_r
 .text.iswspace
                0x0000000002012380       0x10 /opt/devkitpro/devkitARM/bin/../lib/gcc/arm-none-eabi/11.1.0/../../../../arm-none-eabi/lib/thumb/libg.a(lib_a-iswspace.o)
                0x0000000002012380                iswspace
 .text._localeconv_r
                0x0000000002012390        0x8 /opt/devkitpro/devkitARM/bin/../lib/gcc/arm-none-eabi/11.1.0/../../../../arm-none-eabi/lib/thumb/libg.a(lib_a-localeconv.o)
                0x0000000002012390                _localeconv_r
 .text.__smakebuf_r
                0x0000000002012398       0xec /opt/devkitpro/devkitARM/bin/../lib/gcc/arm-none-eabi/11.1.0/../../../../arm-none-eabi/lib/thumb/libg.a(lib_a-makebuf.o)
                0x0000000002012398                __smakebuf_r
 .text.__swhatbuf_r
                0x0000000002012484       0x5c /opt/devkitpro/devkitARM/bin/../lib/gcc/arm-none-eabi/11.1.0/../../../../arm-none-eabi/lib/thumb/libg.a(lib_a-makebuf.o)
                0x0000000002012484                __swhatbuf_r
 .text._mbsnrtowcs_r
                0x00000000020124e0       0xbc /opt/devkitpro/devkitARM/bin/../lib/gcc/arm-none-eabi/11.1.0/../../../../arm-none-eabi/lib/thumb/libg.a(lib_a-mbsnrtowcs.o)
                0x00000000020124e0                _mbsnrtowcs_r
 .text.memchr   0x000000000201259c       0x78 /opt/devkitpro/devkitARM/bin/../lib/gcc/arm-none-eabi/11.1.0/../../../../arm-none-eabi/lib/thumb/libg.a(lib_a-memchr-stub.o)
                0x000000000201259c                memchr
 .text.realloc  0x0000000002012614       0x18 /opt/devkitpro/devkitARM/bin/../lib/gcc/arm-none-eabi/11.1.0/../../../../arm-none-eabi/lib/thumb/libg.a(lib_a-realloc.o)
                0x0000000002012614                realloc
 .text._realloc_r
                0x000000000201262c      0x380 /opt/devkitpro/devkitARM/bin/../lib/gcc/arm-none-eabi/11.1.0/../../../../arm-none-eabi/lib/thumb/libg.a(lib_a-reallocr.o)
                0x000000000201262c                _realloc_r
 .text.__sccl   0x00000000020129ac       0x90 /opt/devkitpro/devkitARM/bin/../lib/gcc/arm-none-eabi/11.1.0/../../../../arm-none-eabi/lib/thumb/libg.a(lib_a-sccl.o)
                0x00000000020129ac                __sccl
 .text._strtoll_l.constprop.0
                0x0000000002012a3c      0x1a4 /opt/devkitpro/devkitARM/bin/../lib/gcc/arm-none-eabi/11.1.0/../../../../arm-none-eabi/lib/thumb/libg.a(lib_a-strtoll.o)
 .text._strtoll_r
                0x0000000002012be0        0xc /opt/devkitpro/devkitARM/bin/../lib/gcc/arm-none-eabi/11.1.0/../../../../arm-none-eabi/lib/thumb/libg.a(lib_a-strtoll.o)
                0x0000000002012be0                _strtoll_r
 .text._strtoull_l.constprop.0
                0x0000000002012bec      0x1c0 /opt/devkitpro/devkitARM/bin/../lib/gcc/arm-none-eabi/11.1.0/../../../../arm-none-eabi/lib/thumb/libg.a(lib_a-strtoull.o)
 .text._strtoull_r
                0x0000000002012dac        0xc /opt/devkitpro/devkitARM/bin/../lib/gcc/arm-none-eabi/11.1.0/../../../../arm-none-eabi/lib/thumb/libg.a(lib_a-strtoull.o)
                0x0000000002012dac                _strtoull_r
 .text._strtoul_l.constprop.0
                0x0000000002012db8      0x148 /opt/devkitpro/devkitARM/bin/../lib/gcc/arm-none-eabi/11.1.0/../../../../arm-none-eabi/lib/thumb/libg.a(lib_a-strtoul.o)
 .text._strtoul_r
                0x0000000002012f00        0xc /opt/devkitpro/devkitARM/bin/../lib/gcc/arm-none-eabi/11.1.0/../../../../arm-none-eabi/lib/thumb/libg.a(lib_a-strtoul.o)
                0x0000000002012f00                _strtoul_r
 .text.strtoul  0x0000000002012f0c       0x1c /opt/devkitpro/devkitARM/bin/../lib/gcc/arm-none-eabi/11.1.0/../../../../arm-none-eabi/lib/thumb/libg.a(lib_a-strtoul.o)
                0x0000000002012f0c                strtoul
 .text.towctrans
                0x0000000002012f28       0x28 /opt/devkitpro/devkitARM/bin/../lib/gcc/arm-none-eabi/11.1.0/../../../../arm-none-eabi/lib/thumb/libg.a(lib_a-towctrans.o)
                0x0000000002012f28                towctrans
 .text._wcsnrtombs_l
                0x0000000002012f50      0x110 /opt/devkitpro/devkitARM/bin/../lib/gcc/arm-none-eabi/11.1.0/../../../../arm-none-eabi/lib/thumb/libg.a(lib_a-wcsnrtombs.o)
                0x0000000002012f50                _wcsnrtombs_l
 .text._wcsnrtombs_r
                0x0000000002013060       0x30 /opt/devkitpro/devkitARM/bin/../lib/gcc/arm-none-eabi/11.1.0/../../../../arm-none-eabi/lib/thumb/libg.a(lib_a-wcsnrtombs.o)
                0x0000000002013060                _wcsnrtombs_r
 .text.__env_lock
                0x0000000002013090       0x14 /opt/devkitpro/devkitARM/bin/../lib/gcc/arm-none-eabi/11.1.0/../../../../arm-none-eabi/lib/thumb/libg.a(lib_a-envlock.o)
                0x0000000002013090                __env_lock
 .text.__env_unlock
                0x00000000020130a4       0x14 /opt/devkitpro/devkitARM/bin/../lib/gcc/arm-none-eabi/11.1.0/../../../../arm-none-eabi/lib/thumb/libg.a(lib_a-envlock.o)
                0x00000000020130a4                __env_unlock
 .text._fclose_r
                0x00000000020130b8       0xe8 /opt/devkitpro/devkitARM/bin/../lib/gcc/arm-none-eabi/11.1.0/../../../../arm-none-eabi/lib/thumb/libg.a(lib_a-fclose.o)
                0x00000000020130b8                _fclose_r
 .text.iswspace_l
                0x00000000020131a0       0x2c /opt/devkitpro/devkitARM/bin/../lib/gcc/arm-none-eabi/11.1.0/../../../../arm-none-eabi/lib/thumb/libg.a(lib_a-iswspace_l.o)
                0x00000000020131a0                iswspace_l
 .text.__jp2uc  0x00000000020131cc      0x154 /opt/devkitpro/devkitARM/bin/../lib/gcc/arm-none-eabi/11.1.0/../../../../arm-none-eabi/lib/thumb/libg.a(lib_a-jp2uc.o)
 .text._jp2uc_l
                0x0000000002013320       0x6c /opt/devkitpro/devkitARM/bin/../lib/gcc/arm-none-eabi/11.1.0/../../../../arm-none-eabi/lib/thumb/libg.a(lib_a-jp2uc.o)
                0x0000000002013320                _jp2uc_l
 .text._uc2jp_l
                0x000000000201338c       0x4c /opt/devkitpro/devkitARM/bin/../lib/gcc/arm-none-eabi/11.1.0/../../../../arm-none-eabi/lib/thumb/libg.a(lib_a-jp2uc.o)
                0x000000000201338c                _uc2jp_l
 .text.towctrans_l
                0x00000000020133d8      0x1b4 /opt/devkitpro/devkitARM/bin/../lib/gcc/arm-none-eabi/11.1.0/../../../../arm-none-eabi/lib/thumb/libg.a(lib_a-towctrans_l.o)
                0x00000000020133d8                towctrans_l
 .text.category
                0x000000000201358c       0x54 /opt/devkitpro/devkitARM/bin/../lib/gcc/arm-none-eabi/11.1.0/../../../../arm-none-eabi/lib/thumb/libg.a(lib_a-categories.o)
                0x000000000201358c                category
 .text.null_write
                0x00000000020135e0        0x4 /opt/devkitpro/devkitARM/bin/../lib/gcc/arm-none-eabi/11.1.0/../../../../arm-none-eabi/lib/thumb/libsysbase.a(iosupport.o)
 .text.setDefaultDevice
                0x00000000020135e4       0x10 /opt/devkitpro/devkitARM/bin/../lib/gcc/arm-none-eabi/11.1.0/../../../../arm-none-eabi/lib/thumb/libsysbase.a(iosupport.o)
                0x00000000020135e4                setDefaultDevice
 .text.FindDevice
                0x00000000020135f4       0x98 /opt/devkitpro/devkitARM/bin/../lib/gcc/arm-none-eabi/11.1.0/../../../../arm-none-eabi/lib/thumb/libsysbase.a(iosupport.o)
                0x00000000020135f4                FindDevice
 .text.AddDevice
                0x000000000201368c       0x78 /opt/devkitpro/devkitARM/bin/../lib/gcc/arm-none-eabi/11.1.0/../../../../arm-none-eabi/lib/thumb/libsysbase.a(iosupport.o)
                0x000000000201368c                AddDevice
 .text.GetDeviceOpTab
                0x0000000002013704       0x20 /opt/devkitpro/devkitARM/bin/../lib/gcc/arm-none-eabi/11.1.0/../../../../arm-none-eabi/lib/thumb/libsysbase.a(iosupport.o)
                0x0000000002013704                GetDeviceOpTab
 .text._fstat_r
                0x0000000002013724       0x4c /opt/devkitpro/devkitARM/bin/../lib/gcc/arm-none-eabi/11.1.0/../../../../arm-none-eabi/lib/thumb/libsysbase.a(fstat.o)
                0x0000000002013724                _fstat_r
 .text._gettimeofday_r
                0x0000000002013770       0x28 /opt/devkitpro/devkitARM/bin/../lib/gcc/arm-none-eabi/11.1.0/../../../../arm-none-eabi/lib/thumb/libsysbase.a(gettod.o)
                0x0000000002013770                _gettimeofday_r
 .text._isatty_r
                0x0000000002013798        0x4 /opt/devkitpro/devkitARM/bin/../lib/gcc/arm-none-eabi/11.1.0/../../../../arm-none-eabi/lib/thumb/libsysbase.a(isatty.o)
                0x0000000002013798                _isatty_r
 .text._lseek_r
                0x000000000201379c       0x5c /opt/devkitpro/devkitARM/bin/../lib/gcc/arm-none-eabi/11.1.0/../../../../arm-none-eabi/lib/thumb/libsysbase.a(lseek.o)
                0x000000000201379c                _lseek_r
 .text._read_r  0x00000000020137f8       0x50 /opt/devkitpro/devkitARM/bin/../lib/gcc/arm-none-eabi/11.1.0/../../../../arm-none-eabi/lib/thumb/libsysbase.a(read.o)
                0x00000000020137f8                _read_r
 .text._sbrk_r  0x0000000002013848       0x54 /opt/devkitpro/devkitARM/bin/../lib/gcc/arm-none-eabi/11.1.0/../../../../arm-none-eabi/lib/thumb/libsysbase.a(sbrk.o)
                0x0000000002013848                _sbrk_r
 .text._stat_r  0x000000000201389c       0x4c /opt/devkitpro/devkitARM/bin/../lib/gcc/arm-none-eabi/11.1.0/../../../../arm-none-eabi/lib/thumb/libsysbase.a(stat.o)
                0x000000000201389c                _stat_r
 .text._write_r
                0x00000000020138e8       0x50 /opt/devkitpro/devkitARM/bin/../lib/gcc/arm-none-eabi/11.1.0/../../../../arm-none-eabi/lib/thumb/libsysbase.a(write.o)
                0x00000000020138e8                _write_r
 .text._concatenate_path
                0x0000000002013938      0x128 /opt/devkitpro/devkitARM/bin/../lib/gcc/arm-none-eabi/11.1.0/../../../../arm-none-eabi/lib/thumb/libsysbase.a(chdir.o)
                0x0000000002013938                _concatenate_path
 .text.chdir    0x0000000002013a60       0xf0 /opt/devkitpro/devkitARM/bin/../lib/gcc/arm-none-eabi/11.1.0/../../../../arm-none-eabi/lib/thumb/libsysbase.a(chdir.o)
                0x0000000002013a60                chdir
 .text.getcwd   0x0000000002013b50       0x60 /opt/devkitpro/devkitARM/bin/../lib/gcc/arm-none-eabi/11.1.0/../../../../arm-none-eabi/lib/thumb/libsysbase.a(chdir.o)
                0x0000000002013b50                getcwd
 .text.build_argv
                0x0000000002013bb0       0x4c /opt/devkitpro/devkitARM/bin/../lib/gcc/arm-none-eabi/11.1.0/../../../../arm-none-eabi/lib/thumb/libsysbase.a(build_argv.o)
                0x0000000002013bb0                build_argv
 .text.__flockfile
                0x0000000002013bfc       0x10 /opt/devkitpro/devkitARM/bin/../lib/gcc/arm-none-eabi/11.1.0/../../../../arm-none-eabi/lib/thumb/libsysbase.a(flock.o)
                0x0000000002013bfc                __flockfile
 .text.__funlockfile
                0x0000000002013c0c       0x10 /opt/devkitpro/devkitARM/bin/../lib/gcc/arm-none-eabi/11.1.0/../../../../arm-none-eabi/lib/thumb/libsysbase.a(flock.o)
                0x0000000002013c0c                __funlockfile
 .text.__libc_lock_acquire
                0x0000000002013c1c       0x1c /opt/devkitpro/devkitARM/bin/../lib/gcc/arm-none-eabi/11.1.0/../../../../arm-none-eabi/lib/thumb/libsysbase.a(syscall_support.o)
                0x0000000002013c1c                __libc_lock_acquire
 .text.__libc_lock_release
                0x0000000002013c38       0x1c /opt/devkitpro/devkitARM/bin/../lib/gcc/arm-none-eabi/11.1.0/../../../../arm-none-eabi/lib/thumb/libsysbase.a(syscall_support.o)
                0x0000000002013c38                __libc_lock_release
 .text.__libc_lock_init_recursive
                0x0000000002013c54       0x1c /opt/devkitpro/devkitARM/bin/../lib/gcc/arm-none-eabi/11.1.0/../../../../arm-none-eabi/lib/thumb/libsysbase.a(syscall_support.o)
                0x0000000002013c54                __libc_lock_init_recursive
 .text.__libc_lock_acquire_recursive
                0x0000000002013c70       0x1c /opt/devkitpro/devkitARM/bin/../lib/gcc/arm-none-eabi/11.1.0/../../../../arm-none-eabi/lib/thumb/libsysbase.a(syscall_support.o)
                0x0000000002013c70                __libc_lock_acquire_recursive
 .text.__libc_lock_release_recursive
                0x0000000002013c8c       0x1c /opt/devkitpro/devkitARM/bin/../lib/gcc/arm-none-eabi/11.1.0/../../../../arm-none-eabi/lib/thumb/libsysbase.a(syscall_support.o)
                0x0000000002013c8c                __libc_lock_release_recursive
 .text.__libc_lock_close_recursive
                0x0000000002013ca8       0x1c /opt/devkitpro/devkitARM/bin/../lib/gcc/arm-none-eabi/11.1.0/../../../../arm-none-eabi/lib/thumb/libsysbase.a(syscall_support.o)
                0x0000000002013ca8                __libc_lock_close_recursive
 .text.__get_handle
                0x0000000002013cc4       0x34 /opt/devkitpro/devkitARM/bin/../lib/gcc/arm-none-eabi/11.1.0/../../../../arm-none-eabi/lib/thumb/libsysbase.a(handle_manager.o)
                0x0000000002013cc4                __get_handle
 .text._close_r
                0x0000000002013cf8       0xb8 /opt/devkitpro/devkitARM/bin/../lib/gcc/arm-none-eabi/11.1.0/../../../../arm-none-eabi/lib/thumb/libsysbase.a(handle_manager.o)
                0x0000000002013cf8                _close_r
 .text.__getreent
                0x0000000002013db0       0x28 /opt/devkitpro/devkitARM/bin/../lib/gcc/arm-none-eabi/11.1.0/../../../../arm-none-eabi/lib/thumb/libsysbase.a(getreent.o)
                0x0000000002013db0                __getreent
 .text.__getreent.__stub
                0x0000000002013dd8       0x98 linker stubs
 *(EXCLUDE_FILE(*.twl*) .gnu.warning)
 *(EXCLUDE_FILE(*.twl*) .gnu.linkonce.t*)
 *(.glue_7)
 .glue_7        0x0000000002013e80        0x0 linker stubs
 *(.glue_7t)
 .glue_7t       0x0000000002013e80        0x0 linker stubs
                0x0000000002013e80                . = ALIGN (0x4)

.vfp11_veneer   0x0000000002013e80        0x0
 .vfp11_veneer  0x0000000002013e80        0x0 linker stubs

.v4_bx          0x0000000002013e80        0x0
 .v4_bx         0x0000000002013e80        0x0 linker stubs

.iplt           0x0000000002013e80        0x0
 .iplt          0x0000000002013e80        0x0 /opt/devkitpro/devkitARM/bin/../lib/gcc/arm-none-eabi/11.1.0/../../../../arm-none-eabi/lib/thumb/ds_arm9_crt0.o

.fini           0x0000000002013e80        0xc
 *(.fini)
 .fini          0x0000000002013e80        0x4 /opt/devkitpro/devkitARM/bin/../lib/gcc/arm-none-eabi/11.1.0/thumb/crti.o
                0x0000000002013e80                _fini
 .fini          0x0000000002013e84        0x8 /opt/devkitpro/devkitARM/bin/../lib/gcc/arm-none-eabi/11.1.0/thumb/crtn.o
                0x0000000002013e8c                __text_end = .

.rodata         0x0000000002013ea0     0xec28
 *(EXCLUDE_FILE(*.twl*) .rodata)
 *all.rodata*(*)
 *(EXCLUDE_FILE(*.twl*) .roda)
 *(EXCLUDE_FILE(*.twl*) .rodata.*)
 .rodata.load_bin
                0x0000000002013ea0     0x5c54 load.bin.o
                0x0000000002013ea0                load_bin
                0x0000000002019af4                load_bin_end
 .rodata.str1.4
                0x0000000002019af4       0x36 bootstrap.o
 *fill*         0x0000000002019b2a        0x2 ff
 .rodata.fatMount.part.0.str1.4
                0x0000000002019b2c        0x2 /opt/devkitpro/libnds/lib/libfat.a(libfat.o)
 *fill*         0x0000000002019b2e        0x2 ff
 .rodata.fatInit.str1.4
                0x0000000002019b30        0x3 /opt/devkitpro/libnds/lib/libfat.a(libfat.o)
 *fill*         0x0000000002019b33        0x1 ff
 .rodata.str1.4
                0x0000000002019b34        0x4 /opt/devkitpro/libnds/lib/libfat.a(libfat.o)
 .rodata.dotab_fat
                0x0000000002019b38       0x70 /opt/devkitpro/libnds/lib/libfat.a(libfat.o)
 .rodata.str1.4
                0x0000000002019ba8        0x3 /opt/devkitpro/libnds/lib/libfat.a(disc.o)
                                          0x8 (size before relaxing)
 *fill*         0x0000000002019bab        0x1 ff
 .rodata._FAT_disc_interfaces
                0x0000000002019bac       0x18 /opt/devkitpro/libnds/lib/libfat.a(disc.o)
                0x0000000002019bac                _FAT_disc_interfaces
 .rodata._FAT_directory_entryFromPath.str1.4
                0x0000000002019bc4        0x7 /opt/devkitpro/libnds/lib/libfat.a(directory.o)
 *fill*         0x0000000002019bcb        0x1 ff
 .rodata.ILLEGAL_ALIAS_CHARACTERS
                0x0000000002019bcc       0x12 /opt/devkitpro/libnds/lib/libfat.a(directory.o)
 *fill*         0x0000000002019bde        0x2 ff
 .rodata.ILLEGAL_LFN_CHARACTERS
                0x0000000002019be0        0xa /opt/devkitpro/libnds/lib/libfat.a(directory.o)
 *fill*         0x0000000002019bea        0x2 ff
 .rodata.LFN_offset_table
                0x0000000002019bec       0x34 /opt/devkitpro/libnds/lib/libfat.a(directory.o)
 .rodata.FAT_SIG
                0x0000000002019c20        0x3 /opt/devkitpro/libnds/lib/libfat.a(partition.o)
 *fill*         0x0000000002019c23        0x1 ff
 .rodata.FS_TWL_SIG
                0x0000000002019c24        0x8 /opt/devkitpro/libnds/lib/libfat.a(partition.o)
 .rodata.con_write.str1.4
                0x0000000002019c2c       0x30 /opt/devkitpro/libnds/lib/libnds9.a(console.o)
 .rodata.con_write
                0x0000000002019c5c       0xd4 /opt/devkitpro/libnds/lib/libnds9.a(console.o)
 .rodata.str1.4
                0x0000000002019d30       0x14 /opt/devkitpro/libnds/lib/libnds9.a(console.o)
 .rodata.dotab_stdout
                0x0000000002019d44       0x70 /opt/devkitpro/libnds/lib/libnds9.a(console.o)
 *fill*         0x0000000002019db4        0xc ff
 .rodata.default_font_bin
                0x0000000002019dc0     0x2000 /opt/devkitpro/libnds/lib/libnds9.a(default_font.bin.o)
                0x0000000002019dc0                default_font_bin
                0x000000000201bdc0                default_font_bin_end
 .rodata.SIN_LUT
                0x000000000201bdc0      0x102 /opt/devkitpro/libnds/lib/libnds9.a(trig.o)
                0x000000000201bdc0                SIN_LUT
 *fill*         0x000000000201bec2        0x2 ff
 .rodata._ctype_
                0x000000000201bec4      0x101 /opt/devkitpro/devkitARM/bin/../lib/gcc/arm-none-eabi/11.1.0/../../../../arm-none-eabi/lib/thumb/libg.a(lib_a-ctype_.o)
                0x000000000201bec4                _ctype_
 *fill*         0x000000000201bfc5        0x3 ff
 .rodata.str1.4
                0x000000000201bfc8       0x44 /opt/devkitpro/devkitARM/bin/../lib/gcc/arm-none-eabi/11.1.0/../../../../arm-none-eabi/lib/thumb/libg.a(lib_a-locale.o)
                                         0x4c (size before relaxing)
 .rodata._mbrtowc_r.str1.4
                0x000000000201c00c        0x1 /opt/devkitpro/devkitARM/bin/../lib/gcc/arm-none-eabi/11.1.0/../../../../arm-none-eabi/lib/thumb/libg.a(lib_a-mbrtowc.o)
 .rodata.DAYS_IN_MONTH
                0x000000000201c00c       0x30 /opt/devkitpro/devkitARM/bin/../lib/gcc/arm-none-eabi/11.1.0/../../../../arm-none-eabi/lib/thumb/libg.a(lib_a-mktime.o)
 .rodata._DAYS_BEFORE_MONTH
                0x000000000201c03c       0x30 /opt/devkitpro/devkitARM/bin/../lib/gcc/arm-none-eabi/11.1.0/../../../../arm-none-eabi/lib/thumb/libg.a(lib_a-mktime.o)
 .rodata.__month_lengths
                0x000000000201c06c       0x60 /opt/devkitpro/devkitARM/bin/../lib/gcc/arm-none-eabi/11.1.0/../../../../arm-none-eabi/lib/thumb/libg.a(lib_a-month_lengths.o)
                0x000000000201c06c                __month_lengths
 .rodata.basefix.0
                0x000000000201c0cc       0x22 /opt/devkitpro/devkitARM/bin/../lib/gcc/arm-none-eabi/11.1.0/../../../../arm-none-eabi/lib/thumb/libg.a(lib_a-svfiscanf.o)
 *fill*         0x000000000201c0ee        0x2 ff
 .rodata._tzset_unlocked_r.str1.4
                0x000000000201c0f0       0x53 /opt/devkitpro/devkitARM/bin/../lib/gcc/arm-none-eabi/11.1.0/../../../../arm-none-eabi/lib/thumb/libg.a(lib_a-tzset_r.o)
 .rodata.str1.4
                0x000000000201c143        0x4 /opt/devkitpro/devkitARM/bin/../lib/gcc/arm-none-eabi/11.1.0/../../../../arm-none-eabi/lib/thumb/libg.a(lib_a-tzvars.o)
 .rodata._vfiprintf_r.str1.1
                0x000000000201c143       0x29 /opt/devkitpro/devkitARM/bin/../lib/gcc/arm-none-eabi/11.1.0/../../../../arm-none-eabi/lib/thumb/libg.a(lib_a-vfiprintf.o)
 .rodata.blanks.1
                0x000000000201c16c       0x10 /opt/devkitpro/devkitARM/bin/../lib/gcc/arm-none-eabi/11.1.0/../../../../arm-none-eabi/lib/thumb/libg.a(lib_a-vfiprintf.o)
 .rodata.zeroes.0
                0x000000000201c17c       0x10 /opt/devkitpro/devkitARM/bin/../lib/gcc/arm-none-eabi/11.1.0/../../../../arm-none-eabi/lib/thumb/libg.a(lib_a-vfiprintf.o)
 .rodata.__action_table
                0x000000000201c18c       0x6c /opt/devkitpro/devkitARM/bin/../lib/gcc/arm-none-eabi/11.1.0/../../../../arm-none-eabi/lib/thumb/libg.a(lib_a-svfiprintf.o)
                0x000000000201c18c                __action_table
 .rodata.__chclass
                0x000000000201c1f8      0x100 /opt/devkitpro/devkitARM/bin/../lib/gcc/arm-none-eabi/11.1.0/../../../../arm-none-eabi/lib/thumb/libg.a(lib_a-svfiprintf.o)
                0x000000000201c1f8                __chclass
 .rodata.__state_table
                0x000000000201c2f8       0x6c /opt/devkitpro/devkitARM/bin/../lib/gcc/arm-none-eabi/11.1.0/../../../../arm-none-eabi/lib/thumb/libg.a(lib_a-svfiprintf.o)
                0x000000000201c2f8                __state_table
 .rodata.__jp2uc
                0x000000000201c364       0x20 /opt/devkitpro/devkitARM/bin/../lib/gcc/arm-none-eabi/11.1.0/../../../../arm-none-eabi/lib/thumb/libg.a(lib_a-jp2uc.o)
 .rodata._jp2uc_l.str1.4
                0x000000000201c384       0x12 /opt/devkitpro/devkitARM/bin/../lib/gcc/arm-none-eabi/11.1.0/../../../../arm-none-eabi/lib/thumb/libg.a(lib_a-jp2uc.o)
 *fill*         0x000000000201c396        0x2 ff
 .rodata.a1     0x000000000201c398       0xbc /opt/devkitpro/devkitARM/bin/../lib/gcc/arm-none-eabi/11.1.0/../../../../arm-none-eabi/lib/thumb/libg.a(lib_a-jp2uc.o)
 .rodata.a2     0x000000000201c454       0xbc /opt/devkitpro/devkitARM/bin/../lib/gcc/arm-none-eabi/11.1.0/../../../../arm-none-eabi/lib/thumb/libg.a(lib_a-jp2uc.o)
 .rodata.a3     0x000000000201c510       0x5b /opt/devkitpro/devkitARM/bin/../lib/gcc/arm-none-eabi/11.1.0/../../../../arm-none-eabi/lib/thumb/libg.a(lib_a-jp2uc.o)
 *fill*         0x000000000201c56b        0x1 ff
 .rodata.a6     0x000000000201c56c       0x70 /opt/devkitpro/devkitARM/bin/../lib/gcc/arm-none-eabi/11.1.0/../../../../arm-none-eabi/lib/thumb/libg.a(lib_a-jp2uc.o)
 .rodata.a7     0x000000000201c5dc       0xa2 /opt/devkitpro/devkitARM/bin/../lib/gcc/arm-none-eabi/11.1.0/../../../../arm-none-eabi/lib/thumb/libg.a(lib_a-jp2uc.o)
 *fill*         0x000000000201c67e        0x2 ff
 .rodata.a8     0x000000000201c680       0x40 /opt/devkitpro/devkitARM/bin/../lib/gcc/arm-none-eabi/11.1.0/../../../../arm-none-eabi/lib/thumb/libg.a(lib_a-jp2uc.o)
 .rodata.b02cf  0x000000000201c6c0     0x172a /opt/devkitpro/devkitARM/bin/../lib/gcc/arm-none-eabi/11.1.0/../../../../arm-none-eabi/lib/thumb/libg.a(lib_a-jp2uc.o)
 *fill*         0x000000000201ddea        0x2 ff
 .rodata.d02f4  0x000000000201ddec     0x1a7c /opt/devkitpro/devkitARM/bin/../lib/gcc/arm-none-eabi/11.1.0/../../../../arm-none-eabi/lib/thumb/libg.a(lib_a-jp2uc.o)
 .rodata.categories
                0x000000000201f868     0x31e6 /opt/devkitpro/devkitARM/bin/../lib/gcc/arm-none-eabi/11.1.0/../../../../arm-none-eabi/lib/thumb/libg.a(lib_a-categories.o)
 *fill*         0x0000000002022a4e        0x2 ff
 .rodata.AddDevice.str1.4
                0x0000000002022a50        0x8 /opt/devkitpro/devkitARM/bin/../lib/gcc/arm-none-eabi/11.1.0/../../../../arm-none-eabi/lib/thumb/libsysbase.a(iosupport.o)
 .rodata.dotab_stdnull
                0x0000000002022a58       0x70 /opt/devkitpro/devkitARM/bin/../lib/gcc/arm-none-eabi/11.1.0/../../../../arm-none-eabi/lib/thumb/libsysbase.a(iosupport.o)
                0x0000000002022a58                dotab_stdnull
 *(EXCLUDE_FILE(*.twl*) .gnu.linkonce.r*)
                0x0000000002022ac8                . = ALIGN (0x4)

.ARM.extab
 *(.ARM.extab* .gnu.linkonce.armextab.*)
                0x0000000002022ac8                __exidx_start = .

ARM.exidx
 *(.ARM.exidx* .gnu.linkonce.armexidx.*)
                0x0000000002022ac8                __exidx_end = .
                0x0000000002022ac8                . = ALIGN (0x4)
                0x0000000002022ac8                PROVIDE (__preinit_array_start = .)

.preinit_array
 *(.preinit_array)
                0x0000000002022ac8                PROVIDE (__preinit_array_end = .)
                0x0000000002022ac8                PROVIDE (__init_array_start = .)

.init_array     0x0000000002022ac8        0x4
 *(SORT_BY_NAME(.init_array.*))
 *(.init_array)
 .init_array    0x0000000002022ac8        0x4 /opt/devkitpro/devkitARM/bin/../lib/gcc/arm-none-eabi/11.1.0/thumb/crtbegin.o
                0x0000000002022acc                PROVIDE (__init_array_end = .)
                [!provide]                        PROVIDE (__fini_array_start = .)

.fini_array     0x0000000002022acc        0x4
 *(.fini_array)
 .fini_array    0x0000000002022acc        0x4 /opt/devkitpro/devkitARM/bin/../lib/gcc/arm-none-eabi/11.1.0/thumb/crtbegin.o
 *(SORT_BY_NAME(.fini_array.*))
                [!provide]                        PROVIDE (__fini_array_end = .)

.ctors          0x0000000002022ad0        0x0
 *crtbegin.o(.ctors)
 *(EXCLUDE_FILE(*crtend.o) .ctors)
 *(SORT_BY_NAME(.ctors.*))
 *(.ctors)
                0x0000000002022ad0                . = ALIGN (0x4)

.dtors          0x0000000002022ad0        0x0
 *crtbegin.o(.dtors)
 *(EXCLUDE_FILE(*crtend.o) .dtors)
 *(SORT_BY_NAME(.dtors.*))
 *(.dtors)
                0x0000000002022ad0                . = ALIGN (0x4)

.eh_frame       0x0000000002022ad0        0x4
 *(.eh_frame)
 .eh_frame      0x0000000002022ad0        0x0 /opt/devkitpro/devkitARM/bin/../lib/gcc/arm-none-eabi/11.1.0/thumb/crtbegin.o
 .eh_frame      0x0000000002022ad0        0x4 /opt/devkitpro/devkitARM/bin/../lib/gcc/arm-none-eabi/11.1.0/thumb/crtend.o
                0x0000000002022ad4                . = ALIGN (0x4)

.gcc_except_table
                0x0000000002022ad4        0x0
 *(.gcc_except_table)
                0x0000000002022ad4                . = ALIGN (0x4)

.jcr
 *(.jcr)

.got
 *(.got.plt)
 *(.got)
 *(.rel.got)

.ewram          0x0000000002022ad4        0x0
                0x0000000002022ad4                __ewram_start = ABSOLUTE (.)
 *(.ewram)
 *ewram.*(.text)
                0x0000000002022ad4                . = ALIGN (0x4)

.data           0x0000000002022ad4     0x2778
                0x0000000002022ad4                __data_start = ABSOLUTE (.)
 *(EXCLUDE_FILE(*.twl*) .data)
 .data          0x0000000002022ad4       0x28 /opt/devkitpro/libnds/lib/libnds9.a(mpu_setup.o)
 *(EXCLUDE_FILE(*.twl*) .data.*)
 .data.currentConsole
                0x0000000002022afc        0x4 /opt/devkitpro/libnds/lib/libnds9.a(console.o)
                0x0000000002022afc                currentConsole
 .data.defaultConsole
                0x0000000002022b00       0x5c /opt/devkitpro/libnds/lib/libnds9.a(console.o)
                0x0000000002022b00                defaultConsole
 .data.firstConsoleInit.0
                0x0000000002022b5c        0x1 /opt/devkitpro/libnds/lib/libnds9.a(console.o)
 *fill*         0x0000000002022b5d        0x3 ff
 .data.io_dldi_data
                0x0000000002022b60        0x4 /opt/devkitpro/libnds/lib/libnds9.a(dldi.o)
                0x0000000002022b60                io_dldi_data
 .data.fifo_buffer_free
                0x0000000002022b64        0x4 /opt/devkitpro/libnds/lib/libnds9.a(fifosystem.o)
                0x0000000002022b64                fifo_buffer_free
 .data.fifo_freewords
                0x0000000002022b68        0x4 /opt/devkitpro/libnds/lib/libnds9.a(fifosystem.o)
                0x0000000002022b68                fifo_freewords
 .data.fifo_receive_queue
                0x0000000002022b6c        0x4 /opt/devkitpro/libnds/lib/libnds9.a(fifosystem.o)
                0x0000000002022b6c                fifo_receive_queue
 .data.fifo_send_queue
                0x0000000002022b70        0x4 /opt/devkitpro/libnds/lib/libnds9.a(fifosystem.o)
                0x0000000002022b70                fifo_send_queue
 .data.bgControl
                0x0000000002022b74       0x20 /opt/devkitpro/libnds/lib/libnds9.a(background.o)
                0x0000000002022b74                bgControl
 .data.bgScrollTable
                0x0000000002022b94       0x20 /opt/devkitpro/libnds/lib/libnds9.a(background.o)
                0x0000000002022b94                bgScrollTable
 .data.bgTransform
                0x0000000002022bb4       0x20 /opt/devkitpro/libnds/lib/libnds9.a(background.o)
                0x0000000002022bb4                bgTransform
 .data.__global_locale
                0x0000000002022bd4      0x16c /opt/devkitpro/devkitARM/bin/../lib/gcc/arm-none-eabi/11.1.0/../../../../arm-none-eabi/lib/thumb/libg.a(lib_a-locale.o)
                0x0000000002022bd4                __global_locale
 .data.__malloc_av_
                0x0000000002022d40      0x408 /opt/devkitpro/devkitARM/bin/../lib/gcc/arm-none-eabi/11.1.0/../../../../arm-none-eabi/lib/thumb/libg.a(lib_a-mallocr.o)
                0x0000000002022d40                __malloc_av_
 .data.__malloc_sbrk_base
                0x0000000002023148        0x4 /opt/devkitpro/devkitARM/bin/../lib/gcc/arm-none-eabi/11.1.0/../../../../arm-none-eabi/lib/thumb/libg.a(lib_a-mallocr.o)
                0x0000000002023148                __malloc_sbrk_base
 .data.__malloc_trim_threshold
                0x000000000202314c        0x4 /opt/devkitpro/devkitARM/bin/../lib/gcc/arm-none-eabi/11.1.0/../../../../arm-none-eabi/lib/thumb/libg.a(lib_a-mallocr.o)
                0x000000000202314c                __malloc_trim_threshold
 .data.__malloc_recursive_mutex
                0x0000000002023150        0xc /opt/devkitpro/devkitARM/bin/../lib/gcc/arm-none-eabi/11.1.0/../../../../arm-none-eabi/lib/thumb/libg.a(lib_a-mlock.o)
 .data.__tz_mutex
                0x000000000202315c        0x4 /opt/devkitpro/devkitARM/bin/../lib/gcc/arm-none-eabi/11.1.0/../../../../arm-none-eabi/lib/thumb/libg.a(lib_a-tzlock.o)
 .data._tzname  0x0000000002023160        0x8 /opt/devkitpro/devkitARM/bin/../lib/gcc/arm-none-eabi/11.1.0/../../../../arm-none-eabi/lib/thumb/libg.a(lib_a-tzvars.o)
                0x0000000002023160                _tzname
 .data.__sfp_recursive_mutex
                0x0000000002023168        0xc /opt/devkitpro/devkitARM/bin/../lib/gcc/arm-none-eabi/11.1.0/../../../../arm-none-eabi/lib/thumb/libg.a(lib_a-findfp.o)
 .data.__sinit_recursive_mutex
                0x0000000002023174        0xc /opt/devkitpro/devkitARM/bin/../lib/gcc/arm-none-eabi/11.1.0/../../../../arm-none-eabi/lib/thumb/libg.a(lib_a-findfp.o)
 .data.tzinfo   0x0000000002023180       0x58 /opt/devkitpro/devkitARM/bin/../lib/gcc/arm-none-eabi/11.1.0/../../../../arm-none-eabi/lib/thumb/libg.a(lib_a-gettzinfo.o)
 .data._impure_ptr
                0x00000000020231d8        0x4 /opt/devkitpro/devkitARM/bin/../lib/gcc/arm-none-eabi/11.1.0/../../../../arm-none-eabi/lib/thumb/libg.a(lib_a-impure.o)
                0x00000000020231d8                _impure_ptr
 *fill*         0x00000000020231dc        0x4 ff
 .data.impure_data
                0x00000000020231e0      0x460 /opt/devkitpro/devkitARM/bin/../lib/gcc/arm-none-eabi/11.1.0/../../../../arm-none-eabi/lib/thumb/libg.a(lib_a-impure.o)
 .data.environ  0x0000000002023640        0x4 /opt/devkitpro/devkitARM/bin/../lib/gcc/arm-none-eabi/11.1.0/../../../../arm-none-eabi/lib/thumb/libg.a(lib_a-environ.o)
                0x0000000002023640                environ
 .data.__env_recursive_mutex
                0x0000000002023644        0xc /opt/devkitpro/devkitARM/bin/../lib/gcc/arm-none-eabi/11.1.0/../../../../arm-none-eabi/lib/thumb/libg.a(lib_a-envlock.o)
 .data.caseconv_table
                0x0000000002023650      0x744 /opt/devkitpro/devkitARM/bin/../lib/gcc/arm-none-eabi/11.1.0/../../../../arm-none-eabi/lib/thumb/libg.a(lib_a-towctrans_l.o)
 .data.defaultDevice
                0x0000000002023d94        0x4 /opt/devkitpro/devkitARM/bin/../lib/gcc/arm-none-eabi/11.1.0/../../../../arm-none-eabi/lib/thumb/libsysbase.a(iosupport.o)
 .data.devoptab_list
                0x0000000002023d98       0x8c /opt/devkitpro/devkitARM/bin/../lib/gcc/arm-none-eabi/11.1.0/../../../../arm-none-eabi/lib/thumb/libsysbase.a(iosupport.o)
                0x0000000002023d98                devoptab_list
 .data._current_working_directory
                0x0000000002023e24      0x400 /opt/devkitpro/devkitARM/bin/../lib/gcc/arm-none-eabi/11.1.0/../../../../arm-none-eabi/lib/thumb/libsysbase.a(chdir.o)
 .data.__hndl_lock
                0x0000000002024224        0x4 /opt/devkitpro/devkitARM/bin/../lib/gcc/arm-none-eabi/11.1.0/../../../../arm-none-eabi/lib/thumb/libsysbase.a(handle_manager.o)
 .data.__stderr_handle
                0x0000000002024228        0xc /opt/devkitpro/devkitARM/bin/../lib/gcc/arm-none-eabi/11.1.0/../../../../arm-none-eabi/lib/thumb/libsysbase.a(handle_manager.o)
 .data.__stdin_handle
                0x0000000002024234        0xc /opt/devkitpro/devkitARM/bin/../lib/gcc/arm-none-eabi/11.1.0/../../../../arm-none-eabi/lib/thumb/libsysbase.a(handle_manager.o)
 .data.__stdout_handle
                0x0000000002024240        0xc /opt/devkitpro/devkitARM/bin/../lib/gcc/arm-none-eabi/11.1.0/../../../../arm-none-eabi/lib/thumb/libsysbase.a(handle_manager.o)
 .data.handles  0x000000000202424c     0x1000 /opt/devkitpro/devkitARM/bin/../lib/gcc/arm-none-eabi/11.1.0/../../../../arm-none-eabi/lib/thumb/libsysbase.a(handle_manager.o)
 *(EXCLUDE_FILE(*.twl*) .gnu.linkonce.d*)
                0x000000000202524c                . = ALIGN (0x4)
                0x000000000202524c                __data_end = ABSOLUTE (.)
                0x000000000202524c                __bss_vma = .

.igot.plt       0x000000000202524c        0x0
 .igot.plt      0x000000000202524c        0x0 /opt/devkitpro/devkitARM/bin/../lib/gcc/arm-none-eabi/11.1.0/../../../../arm-none-eabi/lib/thumb/ds_arm9_crt0.o

.dtcm           0x0000000002ff0000        0x0 load address 0x000000000202524c
                0x000000000202524c                __dtcm_lma = LOADADDR (.dtcm)
                0x0000000002ff0000                __dtcm_start = ABSOLUTE (.)
 *(.dtcm)
 *(.dtcm.*)
                0x0000000002ff0000                . = ALIGN (0x4)
                0x0000000002ff0000                __dtcm_end = ABSOLUTE (.)

.itcm           0x0000000001000100      0x194 load address 0x000000000202524c
                0x000000000202524c                __itcm_lma = LOADADDR (.itcm)
                0x0000000001000100                __itcm_start = ABSOLUTE (.)
 *(.itcm)
 .itcm          0x0000000001000100       0xc8 /opt/devkitpro/libnds/lib/libnds9.a(interrupts.o)
                0x0000000001000100                irqTable
 .itcm          0x00000000010001c8       0xcc /opt/devkitpro/libnds/lib/libnds9.a(interruptDispatcher.o)
                0x00000000010001c8                IntrMain
 *.itcm*(.text .stub .text.*)
                0x0000000001000294                . = ALIGN (0x4)
                0x0000000001000294                __itcm_end = ABSOLUTE (.)

.vectors        0x0000000001000000        0x0 load address 0x00000000020253e0
                0x00000000020253e0                __vectors_lma = LOADADDR (.vectors)
                0x0000000001000000                __vectors_start = ABSOLUTE (.)
 *(.vectors .vectors.*)
                0x0000000001000000                . = ALIGN (0x4)
                0x0000000001000000                __vectors_end = ABSOLUTE (.)

.sbss           0x0000000002ff0000        0x0
                0x0000000002ff0000                __sbss_start = ABSOLUTE (.)
                0x0000000002ff0000                __sbss_start__ = ABSOLUTE (.)
 *(.sbss)
                0x0000000002ff0000                . = ALIGN (0x4)
                0x0000000002ff0000                __sbss_end = ABSOLUTE (.)

.bss            0x000000000202524c     0x10c4
                0x000000000202524c                __bss_start = ABSOLUTE (.)
                0x000000000202524c                __bss_start__ = ABSOLUTE (.)
 *(EXCLUDE_FILE(*.twl*) .dynbss)
 *(EXCLUDE_FILE(*.twl*) .gnu.linkonce.b*)
 *(EXCLUDE_FILE(*.twl*) .bss*)
 .bss.completed.1
                0x000000000202524c        0x1 /opt/devkitpro/devkitARM/bin/../lib/gcc/arm-none-eabi/11.1.0/thumb/crtbegin.o
 *fill*         0x000000000202524d        0x3 
 .bss.object.0  0x0000000002025250       0x18 /opt/devkitpro/devkitARM/bin/../lib/gcc/arm-none-eabi/11.1.0/thumb/crtbegin.o
 .bss.accessCounter
                0x0000000002025268        0x4 /opt/devkitpro/libnds/lib/libfat.a(cache.o)
 .bss.currentCopy
                0x000000000202526c       0x5c /opt/devkitpro/libnds/lib/libnds9.a(console.o)
                0x000000000202526c                currentCopy
 .bss.__dsimode
                0x00000000020252c8        0x1 /opt/devkitpro/libnds/lib/libnds9.a(initSystem.o)
                0x00000000020252c8                __dsimode
 *fill*         0x00000000020252c9        0x3 
 .bss.punixTime
                0x00000000020252cc        0x4 /opt/devkitpro/libnds/lib/libnds9.a(timeSupport.o)
                0x00000000020252cc                punixTime
 .bss.fifo_address_data
                0x00000000020252d0       0x40 /opt/devkitpro/libnds/lib/libnds9.a(fifosystem.o)
                0x00000000020252d0                fifo_address_data
 .bss.fifo_address_func
                0x0000000002025310       0x40 /opt/devkitpro/libnds/lib/libnds9.a(fifosystem.o)
                0x0000000002025310                fifo_address_func
 .bss.fifo_address_queue
                0x0000000002025350       0x40 /opt/devkitpro/libnds/lib/libnds9.a(fifosystem.o)
                0x0000000002025350                fifo_address_queue
 .bss.fifo_buffer
                0x0000000002025390      0x800 /opt/devkitpro/libnds/lib/libnds9.a(fifosystem.o)
                0x0000000002025390                fifo_buffer
 .bss.fifo_data_queue
                0x0000000002025b90       0x40 /opt/devkitpro/libnds/lib/libnds9.a(fifosystem.o)
                0x0000000002025b90                fifo_data_queue
 .bss.fifo_datamsg_data
                0x0000000002025bd0       0x40 /opt/devkitpro/libnds/lib/libnds9.a(fifosystem.o)
                0x0000000002025bd0                fifo_datamsg_data
 .bss.fifo_datamsg_func
                0x0000000002025c10       0x40 /opt/devkitpro/libnds/lib/libnds9.a(fifosystem.o)
                0x0000000002025c10                fifo_datamsg_func
 .bss.fifo_value32_data
                0x0000000002025c50       0x40 /opt/devkitpro/libnds/lib/libnds9.a(fifosystem.o)
                0x0000000002025c50                fifo_value32_data
 .bss.fifo_value32_func
                0x0000000002025c90       0x40 /opt/devkitpro/libnds/lib/libnds9.a(fifosystem.o)
                0x0000000002025c90                fifo_value32_func
 .bss.fifo_value32_queue
                0x0000000002025cd0       0x40 /opt/devkitpro/libnds/lib/libnds9.a(fifosystem.o)
                0x0000000002025cd0                fifo_value32_queue
 .bss.processing
                0x0000000002025d10        0x4 /opt/devkitpro/libnds/lib/libnds9.a(fifosystem.o)
                0x0000000002025d10                processing
 .bss.bgIsTextLut
                0x0000000002025d14        0x8 /opt/devkitpro/libnds/lib/libnds9.a(background.o)
                0x0000000002025d14                bgIsTextLut
 .bss.bgState   0x0000000002025d1c      0x140 /opt/devkitpro/libnds/lib/libnds9.a(background.o)
                0x0000000002025d1c                bgState
 .bss.SDcallback
                0x0000000002025e5c        0x4 /opt/devkitpro/libnds/lib/libnds9.a(system.o)
 .bss.__malloc_current_mallinfo
                0x0000000002025e60       0x28 /opt/devkitpro/devkitARM/bin/../lib/gcc/arm-none-eabi/11.1.0/../../../../arm-none-eabi/lib/thumb/libg.a(lib_a-mallocr.o)
                0x0000000002025e60                __malloc_current_mallinfo
 .bss.__malloc_max_sbrked_mem
                0x0000000002025e88        0x4 /opt/devkitpro/devkitARM/bin/../lib/gcc/arm-none-eabi/11.1.0/../../../../arm-none-eabi/lib/thumb/libg.a(lib_a-mallocr.o)
                0x0000000002025e88                __malloc_max_sbrked_mem
 .bss.__malloc_max_total_mem
                0x0000000002025e8c        0x4 /opt/devkitpro/devkitARM/bin/../lib/gcc/arm-none-eabi/11.1.0/../../../../arm-none-eabi/lib/thumb/libg.a(lib_a-mallocr.o)
                0x0000000002025e8c                __malloc_max_total_mem
 .bss.__malloc_top_pad
                0x0000000002025e90        0x4 /opt/devkitpro/devkitARM/bin/../lib/gcc/arm-none-eabi/11.1.0/../../../../arm-none-eabi/lib/thumb/libg.a(lib_a-mallocr.o)
                0x0000000002025e90                __malloc_top_pad
 .bss.__tzname_dst
                0x0000000002025e94        0xb /opt/devkitpro/devkitARM/bin/../lib/gcc/arm-none-eabi/11.1.0/../../../../arm-none-eabi/lib/thumb/libg.a(lib_a-tzset_r.o)
 *fill*         0x0000000002025e9f        0x1 
 .bss.__tzname_std
                0x0000000002025ea0        0xb /opt/devkitpro/devkitARM/bin/../lib/gcc/arm-none-eabi/11.1.0/../../../../arm-none-eabi/lib/thumb/libg.a(lib_a-tzset_r.o)
 *fill*         0x0000000002025eab        0x1 
 .bss.prev_tzenv
                0x0000000002025eac        0x4 /opt/devkitpro/devkitARM/bin/../lib/gcc/arm-none-eabi/11.1.0/../../../../arm-none-eabi/lib/thumb/libg.a(lib_a-tzset_r.o)
 .bss._daylight
                0x0000000002025eb0        0x4 /opt/devkitpro/devkitARM/bin/../lib/gcc/arm-none-eabi/11.1.0/../../../../arm-none-eabi/lib/thumb/libg.a(lib_a-tzvars.o)
                0x0000000002025eb0                _daylight
 .bss._timezone
                0x0000000002025eb4        0x4 /opt/devkitpro/devkitARM/bin/../lib/gcc/arm-none-eabi/11.1.0/../../../../arm-none-eabi/lib/thumb/libg.a(lib_a-tzvars.o)
                0x0000000002025eb4                _timezone
 .bss.initial_env
                0x0000000002025eb8        0x4 /opt/devkitpro/devkitARM/bin/../lib/gcc/arm-none-eabi/11.1.0/../../../../arm-none-eabi/lib/thumb/libg.a(lib_a-environ.o)
 .bss.heap_start.0
                0x0000000002025ebc        0x4 /opt/devkitpro/devkitARM/bin/../lib/gcc/arm-none-eabi/11.1.0/../../../../arm-none-eabi/lib/thumb/libsysbase.a(sbrk.o)
 .bss.fake_heap_end
                0x0000000002025ec0        0x4 /opt/devkitpro/devkitARM/bin/../lib/gcc/arm-none-eabi/11.1.0/../../../../arm-none-eabi/lib/thumb/libsysbase.a(malloc_vars.o)
                0x0000000002025ec0                fake_heap_end
 .bss.fake_heap_start
                0x0000000002025ec4        0x4 /opt/devkitpro/devkitARM/bin/../lib/gcc/arm-none-eabi/11.1.0/../../../../arm-none-eabi/lib/thumb/libsysbase.a(malloc_vars.o)
                0x0000000002025ec4                fake_heap_start
 .bss.temp_cwd  0x0000000002025ec8      0x400 /opt/devkitpro/devkitARM/bin/../lib/gcc/arm-none-eabi/11.1.0/../../../../arm-none-eabi/lib/thumb/libsysbase.a(chdir.o)
 .bss.__syscalls
                0x00000000020262c8       0x48 /opt/devkitpro/devkitARM/bin/../lib/gcc/arm-none-eabi/11.1.0/../../../../arm-none-eabi/lib/thumb/libsysbase.a(syscall_support.o)
                0x00000000020262c8                __syscalls
 *(EXCLUDE_FILE(*.twl*) COMMON)
                0x0000000002026310                . = ALIGN (0x4)
                0x0000000002026310                __bss_end__ = ABSOLUTE (.)
                0x0000000002026310                __end__ = ABSOLUTE (.)

.twl            0x0000000002026310      0x158 load address 0x0000000002400000
                0x0000000002400000                __arm9i_lma__ = LOADADDR (.twl)
                0x0000000002026310                __arm9i_start__ = ABSOLUTE (.)
 *(.twl)
 *.twl*(.text .stub .text.* .gnu.linkonce.t.*)
 .text.sdio_ClearStatus
                0x0000000002026310        0x4 /opt/devkitpro/libnds/lib/libnds9.a(sd.twl.o)
                0x0000000002026310                sdio_ClearStatus
 .text.sdio_Startup
                0x0000000002026314       0x50 /opt/devkitpro/libnds/lib/libnds9.a(sd.twl.o)
                0x0000000002026314                sdio_Startup
 .text.sdio_Shutdown
                0x0000000002026364        0x4 /opt/devkitpro/libnds/lib/libnds9.a(sd.twl.o)
                0x0000000002026364                sdio_Shutdown
 .text.sdio_IsInserted
                0x0000000002026368       0x30 /opt/devkitpro/libnds/lib/libnds9.a(sd.twl.o)
                0x0000000002026368                sdio_IsInserted
 .text.sdio_ReadSectors
                0x0000000002026398       0x50 /opt/devkitpro/libnds/lib/libnds9.a(sd.twl.o)
                0x0000000002026398                sdio_ReadSectors
 .text.sdio_WriteSectors
                0x00000000020263e8       0x50 /opt/devkitpro/libnds/lib/libnds9.a(sd.twl.o)
                0x00000000020263e8                sdio_WriteSectors
 .text.sdio_WriteSectors.__stub
                0x0000000002026438       0x10 linker stubs
 *.twl*(.rodata)
 *.twl*(.roda)
 *.twl*(.rodata.*)
 .rodata.__io_dsisd
                0x0000000002026448       0x20 /opt/devkitpro/libnds/lib/libnds9.a(sd.twl.o)
                0x0000000002026448                __io_dsisd
 *.twl*(.data)
 *.twl*(.data.*)
 *.twl*(.gnu.linkonce.d*)
                0x0000000002026468                __arm9i_end__ = ABSOLUTE (.)

.rel.dyn        0x0000000002026468        0x0 load address 0x0000000002400158
 .rel.iplt      0x0000000002026468        0x0 /opt/devkitpro/devkitARM/bin/../lib/gcc/arm-none-eabi/11.1.0/../../../../arm-none-eabi/lib/thumb/ds_arm9_crt0.o

.twl_bss        0x0000000002026468        0x0
                0x0000000002026468                __twl_bss_start__ = ABSOLUTE (.)
 *(.twl_bss)
 *.twl*(.dynbss)
 *.twl*(.gnu.linkonce.b*)
 *.twl*(.bss*)
 *.twl*(COMMON)
                0x0000000002026468                . = ALIGN (0x4)
                0x0000000002026468                __twl_bss_end__ = ABSOLUTE (.)
                0x0000000002026468                __twl_end__ = ABSOLUTE (.)

.stab
 *(.stab)

.stabstr
 *(.stabstr)

.stab.excl
 *(.stab.excl)

.stab.exclstr
 *(.stab.exclstr)

.stab.index
 *(.stab.index)

.stab.indexstr
 *(.stab.indexstr)

.comment        0x0000000000000000       0x69
 *(.comment)
 .comment       0x0000000000000000       0x23 /opt/devkitpro/devkitARM/bin/../lib/gcc/arm-none-eabi/11.1.0/thumb/crtbegin.o
                                         0x24 (size before relaxing)
 .comment       0x0000000000000023       0x24 bootstrap.o
 .comment       0x0000000000000023       0x24 nds_loader_arm9.o
 .comment       0x0000000000000023       0x23 /opt/devkitpro/libnds/lib/libfat.a(libfat.o)
                                         0x24 (size before relaxing)
 .comment       0x0000000000000046       0x24 /opt/devkitpro/libnds/lib/libfat.a(disc.o)
 .comment       0x0000000000000046       0x24 /opt/devkitpro/libnds/lib/libfat.a(fatfile.o)
 .comment       0x0000000000000046       0x24 /opt/devkitpro/libnds/lib/libfat.a(cache.o)
 .comment       0x0000000000000046       0x24 /opt/devkitpro/libnds/lib/libfat.a(fatdir.o)
 .comment       0x0000000000000046       0x24 /opt/devkitpro/libnds/lib/libfat.a(directory.o)
 .comment       0x0000000000000046       0x24 /opt/devkitpro/libnds/lib/libfat.a(partition.o)
 .comment       0x0000000000000046       0x24 /opt/devkitpro/libnds/lib/libfat.a(lock.o)
 .comment       0x0000000000000046       0x24 /opt/devkitpro/libnds/lib/libfat.a(filetime.o)
 .comment       0x0000000000000046       0x24 /opt/devkitpro/libnds/lib/libfat.a(file_allocation_table.o)
 .comment       0x0000000000000046       0x23 /opt/devkitpro/libnds/lib/libnds9.a(console.o)
                                         0x24 (size before relaxing)
 .comment       0x0000000000000069       0x24 /opt/devkitpro/libnds/lib/libnds9.a(dldi.o)