Archive member included to satisfy reference by file (symbol)

/opt/devkitpro/libnds/lib/libfat.a(libfat.o)
                              bootstrap.o (fatInitDefault)
/opt/devkitpro/libnds/lib/libfat.a(disc.o)
                              /opt/devkitpro/libnds/lib/libfat.a(libfat.o) (_FAT_disc_interfaces)
/opt/devkitpro/libnds/lib/libfat.a(fatfile.o)
                              /opt/devkitpro/libnds/lib/libfat.a(libfat.o) (_FAT_open_r)
/opt/devkitpro/libnds/lib/libfat.a(cache.o)
                              /opt/devkitpro/libnds/lib/libfat.a(fatfile.o) (_FAT_cache_readSectors)
/opt/devkitpro/libnds/lib/libfat.a(fatdir.o)
                              /opt/devkitpro/libnds/lib/libfat.a(libfat.o) (_FAT_stat_r)
/opt/devkitpro/libnds/lib/libfat.a(directory.o)
                              /opt/devkitpro/libnds/lib/libfat.a(fatfile.o) (_FAT_directory_entryGetCluster)
/opt/devkitpro/libnds/lib/libfat.a(partition.o)
                              /opt/devkitpro/libnds/lib/libfat.a(libfat.o) (_FAT_partition_destructor)
/opt/devkitpro/libnds/lib/libfat.a(lock.o)
                              /opt/devkitpro/libnds/lib/libfat.a(partition.o) (_FAT_lock_init)
/opt/devkitpro/libnds/lib/libfat.a(filetime.o)
                              /opt/devkitpro/libnds/lib/libfat.a(fatfile.o) (_FAT_filetime_getTimeFromRTC)
/opt/devkitpro/libnds/lib/libfat.a(file_allocation_table.o)
                              /opt/devkitpro/libnds/lib/libfat.a(fatfile.o) (_FAT_fat_nextCluster)
/opt/devkitpro/libnds/lib/libnds9.a(console.o)
                              bootstrap.o (consoleDemoInit)
/opt/devkitpro/libnds/lib/libnds9.a(dldi.o)
                              /opt/devkitpro/libnds/lib/libfat.a(disc.o) (dldiGetInternal)
/opt/devkitpro/libnds/lib/libnds9.a(initSystem.o)
                              /opt/devkitpro/devkitARM/bin/../lib/gcc/arm-none-eabi/11.1.0/../../../../arm-none-eabi/lib/thumb/ds_arm9_crt0.o (initSystem)
/opt/devkitpro/libnds/lib/libnds9.a(timeSupport.o)
                              /opt/devkitpro/libnds/lib/libnds9.a(initSystem.o) (__libnds_gtod)
/opt/devkitpro/libnds/lib/libnds9.a(reset.o)
                              nds_loader_arm9.o (resetARM7)
/opt/devkitpro/libnds/lib/libnds9.a(interrupts.o)
                              /opt/devkitpro/libnds/lib/libnds9.a(initSystem.o) (irqInit)
/opt/devkitpro/libnds/lib/libnds9.a(libnds_exit.arm.o)
                              /opt/devkitpro/devkitARM/bin/../lib/gcc/arm-none-eabi/11.1.0/../../../../arm-none-eabi/lib/thumb/ds_arm9_crt0.o (__libnds_exit)
/opt/devkitpro/libnds/lib/libnds9.a(fifosystem.o)
                              /opt/devkitpro/libnds/lib/libnds9.a(initSystem.o) (fifoSetValue32Handler)
/opt/devkitpro/libnds/lib/libnds9.a(dldi_stub.o)
                              /opt/devkitpro/libnds/lib/libnds9.a(dldi.o) (_io_dldi_stub)
/opt/devkitpro/libnds/lib/libnds9.a(mpu_setup.o)
                              /opt/devkitpro/devkitARM/bin/../lib/gcc/arm-none-eabi/11.1.0/../../../../arm-none-eabi/lib/thumb/ds_arm9_crt0.o (__libnds_mpu_setup)
/opt/devkitpro/libnds/lib/libnds9.a(IntrWait.o)
                              bootstrap.o (swiWaitForVBlank)
/opt/devkitpro/libnds/lib/libnds9.a(cpu_clock.o)
                              /opt/devkitpro/libnds/lib/libnds9.a(initSystem.o) (setCpuClock)
/opt/devkitpro/libnds/lib/libnds9.a(interruptDispatcher.o)
                              /opt/devkitpro/libnds/lib/libnds9.a(interrupts.o) (IntrMain)
/opt/devkitpro/libnds/lib/libnds9.a(debugprint.o)
                              /opt/devkitpro/libnds/lib/libnds9.a(console.o) (nocashWrite)
/opt/devkitpro/libnds/lib/libnds9.a(swiSoftReset.o)
                              nds_loader_arm9.o (swiSoftReset)
/opt/devkitpro/libnds/lib/libnds9.a(default_font.bin.o)
                              /opt/devkitpro/libnds/lib/libnds9.a(console.o) (default_font_bin)
/opt/devkitpro/libnds/lib/libnds9.a(background.o)
                              /opt/devkitpro/libnds/lib/libnds9.a(console.o) (bgState)
/opt/devkitpro/libnds/lib/libnds9.a(video.o)
                              /opt/devkitpro/libnds/lib/libnds9.a(initSystem.o) (vramDefault)
/opt/devkitpro/libnds/lib/libnds9.a(system.o)
                              /opt/devkitpro/libnds/lib/libnds9.a(initSystem.o) (systemValueHandler)
/opt/devkitpro/libnds/lib/libnds9.a(trig.o)
                              /opt/devkitpro/libnds/lib/libnds9.a(background.o) (sinLerp)
/opt/devkitpro/libnds/lib/libnds9.a(sd.twl.o)
                              /opt/devkitpro/libnds/lib/libnds9.a(dldi.o) (__io_dsisd)
/opt/devkitpro/libnds/lib/libnds9.a(dcache.o)
                              /opt/devkitpro/libnds/lib/libnds9.a(sd.twl.o) (DC_FlushRange)
/opt/devkitpro/libnds/lib/libnds9.a(biosCalls.o)
                              /opt/devkitpro/libnds/lib/libnds9.a(system.o) (swiDelay)
/opt/devkitpro/devkitARM/bin/../lib/gcc/arm-none-eabi/11.1.0/thumb/libgcc.a(_udivsi3.o)
                              /opt/devkitpro/libnds/lib/libfat.a(fatfile.o) (__aeabi_uidiv)
[...]
Memory Configuration

Name             Origin             Length             Attributes
ewram            0x0000000002000000 0x0000000000380000
dtcm             0x0000000002ff0000 0x0000000000004000
vectors          0x0000000001000000 0x0000000000000100
itcm             0x0000000001000100 0x0000000000007f00
*default*        0x0000000000000000 0xffffffffffffffff

Linker script and memory map

                0x0000000002380000                __ewram_end = (ORIGIN (ewram) + LENGTH (ewram))
                0x0000000002380000                __eheap_end = (ORIGIN (ewram) + LENGTH (ewram))
                0x0000000002ff4000                __dtcm_top = (ORIGIN (dtcm) + LENGTH (dtcm))
                0x0000000002ff3ff8                __irq_flags = (__dtcm_top - 0x8)
                0x0000000002ff3ffc                __irq_vector = (__dtcm_top - 0x4)
                0x0000000002ff3f00                __sp_svc = (__dtcm_top - 0x100)
                0x0000000002ff3e00                __sp_irq = (__sp_svc - 0x100)
                0x0000000002ff3d00                __sp_usr = (__sp_irq - 0x100)

.secure
 *(.secure)

.crt0           0x0000000002000450      0x300
                0x0000000002000450                __text_start = .
 *(.crt0)
 .crt0          0x0000000002000450      0x300 /opt/devkitpro/devkitARM/bin/../lib/gcc/arm-none-eabi/11.1.0/../../../../arm-none-eabi/lib/thumb/ds_arm9_crt0.o
                0x0000000002000450                _start
                0x0000000002000750                . = ALIGN (0x4)

.plt
 *(.plt)

.init           0x0000000002000750        0xc
 *(SORT_NONE(.init))
 .init          0x0000000002000750        0x4 /opt/devkitpro/devkitARM/bin/../lib/gcc/arm-none-eabi/11.1.0/thumb/crti.o
                0x0000000002000750                _init
 .init          0x0000000002000754        0x8 /opt/devkitpro/devkitARM/bin/../lib/gcc/arm-none-eabi/11.1.0/thumb/crtn.o

.text           0x0000000002000780    0x13340
 *(EXCLUDE_FILE(*.twl* *.vectors* *.itcm*) .text)
 .text          0x0000000002000780      0x424 nds_loader_arm9.o
                0x0000000002000780                runNds
                0x0000000002000b2c                runNdsFile
                0x0000000002000ba0                installBootStub
 *fill*         0x0000000002000ba4       0x1c ff
 .text          0x0000000002000bc0     0x4000 /opt/devkitpro/libnds/lib/libnds9.a(dldi_stub.o)
                0x0000000002000bc0                _io_dldi_stub
 .text          0x0000000002004bc0      0x11c /opt/devkitpro/devkitARM/bin/../lib/gcc/arm-none-eabi/11.1.0/thumb/libgcc.a(_udivsi3.o)
                0x0000000002004bc0                __udivsi3
                0x0000000002004bc0                __aeabi_uidiv
                0x0000000002004cbc                __aeabi_uidivmod
 .text          0x0000000002004cdc      0x150 /opt/devkitpro/devkitARM/bin/../lib/gcc/arm-none-eabi/11.1.0/thumb/libgcc.a(_divsi3.o)
                0x0000000002004cdc                __aeabi_idiv
                0x0000000002004cdc                __divsi3
                0x0000000002004e0c                __aeabi_idivmod
 .text          0x0000000002004e2c        0x4 /opt/devkitpro/devkitARM/bin/../lib/gcc/arm-none-eabi/11.1.0/thumb/libgcc.a(_dvmd_tls.o)
                0x0000000002004e2c                __aeabi_ldiv0
                0x0000000002004e2c                __aeabi_idiv0
 .text          0x0000000002004e30       0xd4 /opt/devkitpro/devkitARM/bin/../lib/gcc/arm-none-eabi/11.1.0/thumb/libgcc.a(_aeabi_ldivmod.o)
                0x0000000002004e30                __aeabi_ldivmod
 .text          0x0000000002004f04       0x28 /opt/devkitpro/devkitARM/bin/../lib/gcc/arm-none-eabi/11.1.0/thumb/libgcc.a(_clzdi2.o)
                0x0000000002004f04                __clzdi2
 .text          0x0000000002004f2c       0x48 /opt/devkitpro/devkitARM/bin/../lib/gcc/arm-none-eabi/11.1.0/thumb/libgcc.a(_clzsi2.o)
                0x0000000002004f2c                __clzsi2
 .text          0x0000000002004f74      0x224 /opt/devkitpro/devkitARM/bin/../lib/gcc/arm-none-eabi/11.1.0/../../../../arm-none-eabi/lib/thumb/libg.a(lib_a-strcmp.o)
                0x0000000002004f74                strcmp
 .text          0x0000000002005198       0x14 /opt/devkitpro/devkitARM/bin/../lib/gcc/arm-none-eabi/11.1.0/thumb/libgcc.a(_thumb1_case_uqi.o)
                0x0000000002005198                __gnu_thumb1_case_uqi
 .text          0x00000000020051ac       0x14 /opt/devkitpro/devkitARM/bin/../lib/gcc/arm-none-eabi/11.1.0/thumb/libgcc.a(_thumb1_case_uhi.o)
                0x00000000020051ac                __gnu_thumb1_case_uhi
 .text          0x00000000020051c0       0x3c /opt/devkitpro/devkitARM/bin/../lib/gcc/arm-none-eabi/11.1.0/thumb/libgcc.a(_aeabi_uldivmod.o)
                0x00000000020051c0                __aeabi_uldivmod
 *(EXCLUDE_FILE(*.twl* *.vectors* *.itcm*) .stub)
 *(EXCLUDE_FILE(*.twl* *.vectors* *.itcm*) .text.*)
 .text.__do_global_dtors_aux
                0x00000000020051fc       0x2c /opt/devkitpro/devkitARM/bin/../lib/gcc/arm-none-eabi/11.1.0/thumb/crtbegin.o
 .text.frame_dummy
                0x0000000002005228       0x24 /opt/devkitpro/devkitARM/bin/../lib/gcc/arm-none-eabi/11.1.0/thumb/crtbegin.o
 .text.startup  0x000000000200524c       0x38 bootstrap.o
                0x000000000200524c                main
 .text.fatMount.part.0
                0x0000000002005284       0xa0 /opt/devkitpro/libnds/lib/libfat.a(libfat.o)
 .text.fatMount
                0x0000000002005324       0x3c /opt/devkitpro/libnds/lib/libfat.a(libfat.o)
                0x0000000002005324                fatMount
 .text.fatInit  0x0000000002005360      0x130 /opt/devkitpro/libnds/lib/libfat.a(libfat.o)
                0x0000000002005360                fatInit
 .text.fatInitDefault
                0x0000000002005490        0xc /opt/devkitpro/libnds/lib/libfat.a(libfat.o)
                0x0000000002005490                fatInitDefault
 .text._FAT_check_position_for_next_cluster.part.0
                0x000000000200549c       0x68 /opt/devkitpro/libnds/lib/libfat.a(fatfile.o)
 .text._FAT_syncToDisc.part.0
                0x0000000002005504       0xd4 /opt/devkitpro/libnds/lib/libfat.a(fatfile.o)
 .text._FAT_file_extend_r
                0x00000000020055d8      0x208 /opt/devkitpro/libnds/lib/libfat.a(fatfile.o)
 .text._FAT_open_r
                0x00000000020057e0      0x2d4 /opt/devkitpro/libnds/lib/libfat.a(fatfile.o)
                0x00000000020057e0                _FAT_open_r
 .text._FAT_close_r
                0x0000000002005ab4       0x74 /opt/devkitpro/libnds/lib/libfat.a(fatfile.o)
                0x0000000002005ab4                _FAT_close_r
 .text._FAT_read_r
                0x0000000002005b28      0x398 /opt/devkitpro/libnds/lib/libfat.a(fatfile.o)
                0x0000000002005b28                _FAT_read_r
 .text._FAT_write_r
                0x0000000002005ec0      0x53c /opt/devkitpro/libnds/lib/libfat.a(fatfile.o)
                0x0000000002005ec0                _FAT_write_r
 .text._FAT_seek_r
                0x00000000020063fc      0x194 /opt/devkitpro/libnds/lib/libfat.a(fatfile.o)
                0x00000000020063fc                _FAT_seek_r
 .text._FAT_fstat_r
                0x0000000002006590       0x8c /opt/devkitpro/libnds/lib/libfat.a(fatfile.o)
                0x0000000002006590                _FAT_fstat_r
 .text._FAT_ftruncate_r
                0x000000000200661c      0x16c /opt/devkitpro/libnds/lib/libfat.a(fatfile.o)
                0x000000000200661c                _FAT_ftruncate_r
 .text._FAT_fsync_r
                0x0000000002006788       0x44 /opt/devkitpro/libnds/lib/libfat.a(fatfile.o)
                0x0000000002006788                _FAT_fsync_r
 .text._FAT_cache_getPage
                0x00000000020067cc       0xf0 /opt/devkitpro/libnds/lib/libfat.a(cache.o)
 .text._FAT_cache_constructor
                0x00000000020068bc       0x90 /opt/devkitpro/libnds/lib/libfat.a(cache.o)
                0x00000000020068bc                _FAT_cache_constructor
 .text._FAT_cache_readSectors
                0x000000000200694c       0x60 /opt/devkitpro/libnds/lib/libfat.a(cache.o)
                0x000000000200694c                _FAT_cache_readSectors
 .text._FAT_cache_readPartialSector
                0x00000000020069ac       0x3c /opt/devkitpro/libnds/lib/libfat.a(cache.o)
                0x00000000020069ac                _FAT_cache_readPartialSector
 .text._FAT_cache_readLittleEndianValue
                0x00000000020069e8       0x70 /opt/devkitpro/libnds/lib/libfat.a(cache.o)
                0x00000000020069e8                _FAT_cache_readLittleEndianValue
 .text._FAT_cache_writePartialSector
                0x0000000002006a58       0x4c /opt/devkitpro/libnds/lib/libfat.a(cache.o)
                0x0000000002006a58                _FAT_cache_writePartialSector
 .text._FAT_cache_writeLittleEndianValue
                0x0000000002006aa4       0x8c /opt/devkitpro/libnds/lib/libfat.a(cache.o)
                0x0000000002006aa4                _FAT_cache_writeLittleEndianValue
 .text._FAT_cache_eraseWritePartialSector
                0x0000000002006b30       0x60 /opt/devkitpro/libnds/lib/libfat.a(cache.o)
                0x0000000002006b30                _FAT_cache_eraseWritePartialSector
 .text._FAT_cache_writeSectors
                0x0000000002006b90       0x80 /opt/devkitpro/libnds/lib/libfat.a(cache.o)
                0x0000000002006b90                _FAT_cache_writeSectors
 .text._FAT_cache_flush
                0x0000000002006c10       0x40 /opt/devkitpro/libnds/lib/libfat.a(cache.o)
                0x0000000002006c10                _FAT_cache_flush
 .text._FAT_stat_r
                0x0000000002006c50       0x90 /opt/devkitpro/libnds/lib/libfat.a(fatdir.o)
                0x0000000002006c50                _FAT_stat_r
 .text._FAT_link_r
                0x0000000002006ce0        0xc /opt/devkitpro/libnds/lib/libfat.a(fatdir.o)
                0x0000000002006ce0                _FAT_link_r
 .text._FAT_unlink_r
                0x0000000002006cec      0x184 /opt/devkitpro/libnds/lib/libfat.a(fatdir.o)
                0x0000000002006cec                _FAT_unlink_r
 .text._FAT_chdir_r
                0x0000000002006e70       0x70 /opt/devkitpro/libnds/lib/libfat.a(fatdir.o)
                0x0000000002006e70                _FAT_chdir_r
 .text._FAT_rename_r
                0x0000000002006ee0      0x1c4 /opt/devkitpro/libnds/lib/libfat.a(fatdir.o)
                0x0000000002006ee0                _FAT_rename_r
 .text._FAT_mkdir_r
                0x00000000020070a4      0x244 /opt/devkitpro/libnds/lib/libfat.a(fatdir.o)
                0x00000000020070a4                _FAT_mkdir_r
 .text._FAT_statvfs_r
                0x00000000020072e8       0x78 /opt/devkitpro/libnds/lib/libfat.a(fatdir.o)
                0x00000000020072e8                _FAT_statvfs_r
 .text._FAT_diropen_r
                0x0000000002007360       0xb0 /opt/devkitpro/libnds/lib/libfat.a(fatdir.o)
                0x0000000002007360                _FAT_diropen_r
 .text._FAT_dirreset_r
                0x0000000002007410       0x4c /opt/devkitpro/libnds/lib/libfat.a(fatdir.o)
                0x0000000002007410                _FAT_dirreset_r
 .text._FAT_dirnext_r
                0x000000000200745c       0x7c /opt/devkitpro/libnds/lib/libfat.a(fatdir.o)
                0x000000000200745c                _FAT_dirnext_r
 .text._FAT_dirclose_r
                0x00000000020074d8       0x20 /opt/devkitpro/libnds/lib/libfat.a(fatdir.o)
                0x00000000020074d8                _FAT_dirclose_r
 .text._FAT_directory_entryGetAlias
                0x00000000020074f8       0xc8 /opt/devkitpro/libnds/lib/libfat.a(directory.o)
 .text._FAT_directory_incrementDirEntryPosition
                0x00000000020075c0       0x80 /opt/devkitpro/libnds/lib/libfat.a(directory.o)
 .text._FAT_directory_mbsncasecmp
                0x0000000002007640       0xa8 /opt/devkitpro/libnds/lib/libfat.a(directory.o)
 .text._FAT_directory_ucs2tombs.constprop.0
                0x00000000020076e8       0x90 /opt/devkitpro/libnds/lib/libfat.a(directory.o)
 .text._FAT_directory_entryGetCluster
                0x0000000002007778       0x20 /opt/devkitpro/libnds/lib/libfat.a(directory.o)
                0x0000000002007778                _FAT_directory_entryGetCluster
 .text._FAT_directory_getNextEntry
                0x0000000002007798      0x23c /opt/devkitpro/libnds/lib/libfat.a(directory.o)
                0x0000000002007798                _FAT_directory_getNextEntry
 .text._FAT_directory_entryExists
                0x00000000020079d4       0x80 /opt/devkitpro/libnds/lib/libfat.a(directory.o)
 .text._FAT_directory_getFirstEntry
                0x0000000002007a54       0x20 /opt/devkitpro/libnds/lib/libfat.a(directory.o)
                0x0000000002007a54                _FAT_directory_getFirstEntry
 .text._FAT_directory_getRootEntry
                0x0000000002007a74       0x60 /opt/devkitpro/libnds/lib/libfat.a(directory.o)
                0x0000000002007a74                _FAT_directory_getRootEntry
 .text._FAT_directory_entryFromPosition
                0x0000000002007ad4      0x150 /opt/devkitpro/libnds/lib/libfat.a(directory.o)
                0x0000000002007ad4                _FAT_directory_entryFromPosition
 .text._FAT_directory_entryFromPath
                0x0000000002007c24      0x248 /opt/devkitpro/libnds/lib/libfat.a(directory.o)
                0x0000000002007c24                _FAT_directory_entryFromPath
 .text._FAT_directory_removeEntry
                0x0000000002007e6c       0xd8 /opt/devkitpro/libnds/lib/libfat.a(directory.o)
                0x0000000002007e6c                _FAT_directory_removeEntry
 .text._FAT_directory_addEntry
                0x0000000002007f44      0x808 /opt/devkitpro/libnds/lib/libfat.a(directory.o)
                0x0000000002007f44                _FAT_directory_addEntry
 .text._FAT_directory_chdir
                0x000000000200874c       0x3c /opt/devkitpro/libnds/lib/libfat.a(directory.o)
                0x000000000200874c                _FAT_directory_chdir
 .text._FAT_directory_entryStat
                0x0000000002008788       0xe4 /opt/devkitpro/libnds/lib/libfat.a(directory.o)
                0x0000000002008788                _FAT_directory_entryStat
 .text.isValidMBR
                0x000000000200886c       0x5c /opt/devkitpro/libnds/lib/libfat.a(partition.o)
 .text._FAT_updateFS_INFO
                0x00000000020088c8       0x54 /opt/devkitpro/libnds/lib/libfat.a(partition.o)
 .text.FindFirstValidPartition_buf.part.0
                0x000000000200891c      0x11c /opt/devkitpro/libnds/lib/libfat.a(partition.o)
 .text._FAT_partition_getPartitionFromPath
                0x0000000002008a38       0x10 /opt/devkitpro/libnds/lib/libfat.a(partition.o)
                0x0000000002008a38                _FAT_partition_getPartitionFromPath
 .text._FAT_partition_createFSinfo
                0x0000000002008a48       0x50 /opt/devkitpro/libnds/lib/libfat.a(partition.o)
                0x0000000002008a48                _FAT_partition_createFSinfo
 .text._FAT_partition_readFSinfo.part.0
                0x0000000002008a98       0x74 /opt/devkitpro/libnds/lib/libfat.a(partition.o)
 .text._FAT_partition_constructor_buf
                0x0000000002008b0c      0x2e8 /opt/devkitpro/libnds/lib/libfat.a(partition.o)
                0x0000000002008b0c                _FAT_partition_constructor_buf
 .text._FAT_partition_constructor
                0x0000000002008df4       0x40 /opt/devkitpro/libnds/lib/libfat.a(partition.o)
                0x0000000002008df4                _FAT_partition_constructor
 .text._FAT_partition_readFSinfo
                0x0000000002008e34       0x10 /opt/devkitpro/libnds/lib/libfat.a(partition.o)
                0x0000000002008e34                _FAT_partition_readFSinfo
 .text._FAT_lock_init
                0x0000000002008e44        0x4 /opt/devkitpro/libnds/lib/libfat.a(lock.o)
                0x0000000002008e44                _FAT_lock_init
 .text._FAT_lock
                0x0000000002008e48        0x4 /opt/devkitpro/libnds/lib/libfat.a(lock.o)
                0x0000000002008e48                _FAT_lock
 .text._FAT_unlock
                0x0000000002008e4c        0x4 /opt/devkitpro/libnds/lib/libfat.a(lock.o)
                0x0000000002008e4c                _FAT_unlock
 .text._FAT_filetime_getTimeFromRTC
                0x0000000002008e50       0x44 /opt/devkitpro/libnds/lib/libfat.a(filetime.o)
                0x0000000002008e50                _FAT_filetime_getTimeFromRTC
 .text._FAT_filetime_getDateFromRTC
                0x0000000002008e94       0x44 /opt/devkitpro/libnds/lib/libfat.a(filetime.o)
                0x0000000002008e94                _FAT_filetime_getDateFromRTC
 .text._FAT_filetime_to_time_t
                0x0000000002008ed8       0x38 /opt/devkitpro/libnds/lib/libfat.a(filetime.o)
                0x0000000002008ed8                _FAT_filetime_to_time_t
 .text._FAT_fat_writeFatEntry.part.0.isra.0
                0x0000000002008f10      0x12c /opt/devkitpro/libnds/lib/libfat.a(file_allocation_table.o)
 .text._FAT_fat_nextCluster
                0x000000000200903c      0x108 /opt/devkitpro/libnds/lib/libfat.a(file_allocation_table.o)
                0x000000000200903c                _FAT_fat_nextCluster
 .text._FAT_fat_linkFreeCluster
                0x0000000002009144       0xac /opt/devkitpro/libnds/lib/libfat.a(file_allocation_table.o)
                0x0000000002009144                _FAT_fat_linkFreeCluster
 .text._FAT_fat_linkFreeClusterCleared
                0x00000000020091f0       0x68 /opt/devkitpro/libnds/lib/libfat.a(file_allocation_table.o)
                0x00000000020091f0                _FAT_fat_linkFreeClusterCleared
 .text._FAT_fat_clearLinks
                0x0000000002009258       0x7c /opt/devkitpro/libnds/lib/libfat.a(file_allocation_table.o)
                0x0000000002009258                _FAT_fat_clearLinks
 .text._FAT_fat_trimChain
                0x00000000020092d4       0x80 /opt/devkitpro/libnds/lib/libfat.a(file_allocation_table.o)
                0x00000000020092d4                _FAT_fat_trimChain
 .text._FAT_fat_lastCluster
                0x0000000002009354       0x34 /opt/devkitpro/libnds/lib/libfat.a(file_allocation_table.o)
                0x0000000002009354                _FAT_fat_lastCluster
 .text._FAT_fat_freeClusterCount
                0x0000000002009388       0x2c /opt/devkitpro/libnds/lib/libfat.a(file_allocation_table.o)
                0x0000000002009388                _FAT_fat_freeClusterCount
 .text.newRow   0x00000000020093b4       0xb0 /opt/devkitpro/libnds/lib/libnds9.a(console.o)
 .text.consolePrintChar
                0x0000000002009464       0xec /opt/devkitpro/libnds/lib/libnds9.a(console.o)
                0x0000000002009464                consolePrintChar
 .text.con_write
                0x0000000002009550      0x374 /opt/devkitpro/libnds/lib/libnds9.a(console.o)
                0x0000000002009550                con_write
 .text.consoleLoadFont
                0x00000000020098c4      0x2a8 /opt/devkitpro/libnds/lib/libnds9.a(console.o)
                0x00000000020098c4                consoleLoadFont
 .text.consoleInit
                0x0000000002009b6c      0x194 /opt/devkitpro/libnds/lib/libnds9.a(console.o)
                0x0000000002009b6c                consoleInit
 .text.consoleDemoInit
                0x0000000002009d00       0x40 /opt/devkitpro/libnds/lib/libnds9.a(console.o)
                0x0000000002009d00                consoleDemoInit
 .text.dldiGetInternal
                0x0000000002009d40       0x34 /opt/devkitpro/libnds/lib/libnds9.a(dldi.o)
                0x0000000002009d40                dldiGetInternal
 .text.get_io_dsisd
                0x0000000002009d74       0x24 /opt/devkitpro/libnds/lib/libnds9.a(dldi.o)
                0x0000000002009d74                get_io_dsisd
 .text.initSystem
                0x0000000002009d98      0x198 /opt/devkitpro/libnds/lib/libnds9.a(initSystem.o)
                0x0000000002009d98                initSystem
 .text.__libnds_gtod
                0x0000000002009f30       0x28 /opt/devkitpro/libnds/lib/libnds9.a(timeSupport.o)
                0x0000000002009f30                __libnds_gtod
 .text.resetARM7
                0x0000000002009f58       0x3c /opt/devkitpro/libnds/lib/libnds9.a(reset.o)
                0x0000000002009f58                resetARM7
 .text.irqDummy
                0x0000000002009f94        0x4 /opt/devkitpro/libnds/lib/libnds9.a(interrupts.o)
                0x0000000002009f94                irqDummy
 .text.irqSet   0x0000000002009f98       0x6c /opt/devkitpro/libnds/lib/libnds9.a(interrupts.o)
                0x0000000002009f98                irqSet
 .text.irqInit  0x000000000200a004       0x50 /opt/devkitpro/libnds/lib/libnds9.a(interrupts.o)
                0x000000000200a004                irqInit
 .text.irqEnable
                0x000000000200a054       0x64 /opt/devkitpro/libnds/lib/libnds9.a(interrupts.o)
                0x000000000200a054                irqEnable
 .text.irqDisable
                0x000000000200a0b8       0x64 /opt/devkitpro/libnds/lib/libnds9.a(interrupts.o)
                0x000000000200a0b8                irqDisable
 .text.systemErrorExit
                0x000000000200a11c        0x4 /opt/devkitpro/libnds/lib/libnds9.a(libnds_exit.arm.o)
                0x000000000200a11c                systemErrorExit
 .text.__libnds_exit
                0x000000000200a120       0x5c /opt/devkitpro/libnds/lib/libnds9.a(libnds_exit.arm.o)
                0x000000000200a120                __libnds_exit
 .text.fifo_queueBlock
                0x000000000200a17c       0x44 /opt/devkitpro/libnds/lib/libnds9.a(fifosystem.o)
 .text.fifo_waitBlock
                0x000000000200a1c0       0x80 /opt/devkitpro/libnds/lib/libnds9.a(fifosystem.o)
 .text.fifoInternalSend.part.0
                0x000000000200a240       0xd4 /opt/devkitpro/libnds/lib/libnds9.a(fifosystem.o)
 .text.fifoInternalSendInterrupt
                0x000000000200a314       0xa8 /opt/devkitpro/libnds/lib/libnds9.a(fifosystem.o)
 .text.fifoSetValue32Handler
                0x000000000200a3bc       0xd8 /opt/devkitpro/libnds/lib/libnds9.a(fifosystem.o)
                0x000000000200a3bc                fifoSetValue32Handler
 .text.fifoSendValue32
                0x000000000200a494       0x4c /opt/devkitpro/libnds/lib/libnds9.a(fifosystem.o)
                0x000000000200a494                fifoSendValue32
 .text.fifoSendDatamsg
                0x000000000200a4e0       0x90 /opt/devkitpro/libnds/lib/libnds9.a(fifosystem.o)
                0x000000000200a4e0                fifoSendDatamsg
 .text.fifoGetValue32
                0x000000000200a570       0x70 /opt/devkitpro/libnds/lib/libnds9.a(fifosystem.o)
                0x000000000200a570                fifoGetValue32
 .text.fifoGetDatamsg
                0x000000000200a5e0       0xf4 /opt/devkitpro/libnds/lib/libnds9.a(fifosystem.o)
                0x000000000200a5e0                fifoGetDatamsg
 .text.fifoInternalRecvInterrupt
                0x000000000200a6d4      0x380 /opt/devkitpro/libnds/lib/libnds9.a(fifosystem.o)
 .text.fifoSetDatamsgHandler
                0x000000000200aa54       0x9c /opt/devkitpro/libnds/lib/libnds9.a(fifosystem.o)
                0x000000000200aa54                fifoSetDatamsgHandler
 .text.fifoCheckValue32
                0x000000000200aaf0       0x24 /opt/devkitpro/libnds/lib/libnds9.a(fifosystem.o)
                0x000000000200aaf0                fifoCheckValue32
 .text.fifoInit
                0x000000000200ab14       0xf8 /opt/devkitpro/libnds/lib/libnds9.a(fifosystem.o)
                0x000000000200ab14                fifoInit
 .text.__libnds_mpu_setup
                0x000000000200ac0c      0x174 /opt/devkitpro/libnds/lib/libnds9.a(mpu_setup.o)
                0x000000000200ac0c                __libnds_mpu_setup
 .text.memUncached
                0x000000000200ad80       0x20 /opt/devkitpro/libnds/lib/libnds9.a(mpu_setup.o)
                0x000000000200ad80                memUncached
 .text.swiWaitForVBlank
                0x000000000200ada0        0x8 /opt/devkitpro/libnds/lib/libnds9.a(IntrWait.o)
                0x000000000200ada0                swiWaitForVBlank
 .text.swiIntrWait
                0x000000000200ada8       0x70 /opt/devkitpro/libnds/lib/libnds9.a(IntrWait.o)
                0x000000000200ada8                swiIntrWait
 .text.setCpuClock
                0x000000000200ae18       0x50 /opt/devkitpro/libnds/lib/libnds9.a(cpu_clock.o)
                0x000000000200ae18                setCpuClock
 .text.swiSoftReset
                0x000000000200ae68       0x2c /opt/devkitpro/libnds/lib/libnds9.a(swiSoftReset.o)
                0x000000000200ae68                swiSoftReset
 .text.checkIfText
                0x000000000200ae94       0x5c /opt/devkitpro/libnds/lib/libnds9.a(background.o)
                0x000000000200ae94                checkIfText
 .text.bgUpdate
                0x000000000200aef0       0xf4 /opt/devkitpro/libnds/lib/libnds9.a(background.o)
                0x000000000200aef0                bgUpdate
 .text.bgInit_call
                0x000000000200afe4       0xc4 /opt/devkitpro/libnds/lib/libnds9.a(background.o)
                0x000000000200afe4                bgInit_call
 .text.bgInitSub_call
                0x000000000200b0a8       0xcc /opt/devkitpro/libnds/lib/libnds9.a(background.o)
                0x000000000200b0a8                bgInitSub_call
 .text.vramDefault
                0x000000000200b174       0xd0 /opt/devkitpro/libnds/lib/libnds9.a(video.o)
                0x000000000200b174                vramDefault
 .text.systemValueHandler
                0x000000000200b244       0x48 /opt/devkitpro/libnds/lib/libnds9.a(system.o)
                0x000000000200b244                systemValueHandler
 .text.systemMsgHandler
                0x000000000200b28c       0x60 /opt/devkitpro/libnds/lib/libnds9.a(system.o)
                0x000000000200b28c                systemMsgHandler
 .text.powerOn  0x000000000200b2ec       0x2c /opt/devkitpro/libnds/lib/libnds9.a(system.o)
                0x000000000200b2ec                powerOn
 .text.sinLutLookup
                0x000000000200b318       0x38 /opt/devkitpro/libnds/lib/libnds9.a(trig.o)
                0x000000000200b318                sinLutLookup
 .text.sinLerp  0x000000000200b350       0x40 /opt/devkitpro/libnds/lib/libnds9.a(trig.o)
                0x000000000200b350                sinLerp
 .text.cosLerp  0x000000000200b390       0x4c /opt/devkitpro/libnds/lib/libnds9.a(trig.o)
                0x000000000200b390                cosLerp
 .text.DC_FlushRange
                0x000000000200b3dc       0x24 /opt/devkitpro/libnds/lib/libnds9.a(dcache.o)
                0x000000000200b3dc                DC_FlushRange
 .text.swiDelay
                0x000000000200b400        0x4 /opt/devkitpro/libnds/lib/libnds9.a(biosCalls.o)
                0x000000000200b400                swiDelay
 .text.__muldi3
                0x000000000200b404       0x54 /opt/devkitpro/devkitARM/bin/../lib/gcc/arm-none-eabi/11.1.0/thumb/libgcc.a(_muldi3.o)
                0x000000000200b404                __aeabi_lmul
                0x000000000200b404                __muldi3
 .text.__udivmoddi4
                0x000000000200b458      0x19c /opt/devkitpro/devkitARM/bin/../lib/gcc/arm-none-eabi/11.1.0/thumb/libgcc.a(_udivmoddi4.o)
                0x000000000200b458                __udivmoddi4
 .text.calloc   0x000000000200b5f4       0x18 /opt/devkitpro/devkitARM/bin/../lib/gcc/arm-none-eabi/11.1.0/../../../../arm-none-eabi/lib/thumb/libg.a(lib_a-calloc.o)
                0x000000000200b5f4                calloc
 .text._calloc_r
                0x000000000200b60c       0xb0 /opt/devkitpro/devkitARM/bin/../lib/gcc/arm-none-eabi/11.1.0/../../../../arm-none-eabi/lib/thumb/libg.a(lib_a-callocr.o)
                0x000000000200b60c                _calloc_r
 .text.__errno  0x000000000200b6bc        0xc /opt/devkitpro/devkitARM/bin/../lib/gcc/arm-none-eabi/11.1.0/../../../../arm-none-eabi/lib/thumb/libg.a(lib_a-errno.o)
                0x000000000200b6bc                __errno
 .text.__libc_init_array
                0x000000000200b6c8       0x50 /opt/devkitpro/devkitARM/bin/../lib/gcc/arm-none-eabi/11.1.0/../../../../arm-none-eabi/lib/thumb/libg.a(lib_a-init.o)
                0x000000000200b6c8                __libc_init_array
 .text.iprintf  0x000000000200b718       0x24 /opt/devkitpro/devkitARM/bin/../lib/gcc/arm-none-eabi/11.1.0/../../../../arm-none-eabi/lib/thumb/libg.a(lib_a-iprintf.o)
                0x000000000200b718                iprintf
 .text.localtime_r
                0x000000000200b73c      0x244 /opt/devkitpro/devkitARM/bin/../lib/gcc/arm-none-eabi/11.1.0/../../../../arm-none-eabi/lib/thumb/libg.a(lib_a-lcltime_r.o)
                0x000000000200b73c                localtime_r
 .text.__locale_mb_cur_max
                0x000000000200b980       0x10 /opt/devkitpro/devkitARM/bin/../lib/gcc/arm-none-eabi/11.1.0/../../../../arm-none-eabi/lib/thumb/libg.a(lib_a-locale.o)
                0x000000000200b980                __locale_mb_cur_max
 .text.malloc   0x000000000200b990       0x14 /opt/devkitpro/devkitARM/bin/../lib/gcc/arm-none-eabi/11.1.0/../../../../arm-none-eabi/lib/thumb/libg.a(lib_a-malloc.o)
                0x000000000200b990                malloc
 .text.free     0x000000000200b9a4       0x14 /opt/devkitpro/devkitARM/bin/../lib/gcc/arm-none-eabi/11.1.0/../../../../arm-none-eabi/lib/thumb/libg.a(lib_a-malloc.o)
                0x000000000200b9a4                free
 .text._malloc_r
                0x000000000200b9b8      0x58c /opt/devkitpro/devkitARM/bin/../lib/gcc/arm-none-eabi/11.1.0/../../../../arm-none-eabi/lib/thumb/libg.a(lib_a-mallocr.o)
                0x000000000200b9b8                _malloc_r
 .text._mbrtowc_r
                0x000000000200bf44       0x60 /opt/devkitpro/devkitARM/bin/../lib/gcc/arm-none-eabi/11.1.0/../../../../arm-none-eabi/lib/thumb/libg.a(lib_a-mbrtowc.o)
                0x000000000200bf44                _mbrtowc_r
 .text.mbrtowc  0x000000000200bfa4       0x7c /opt/devkitpro/devkitARM/bin/../lib/gcc/arm-none-eabi/11.1.0/../../../../arm-none-eabi/lib/thumb/libg.a(lib_a-mbrtowc.o)
                0x000000000200bfa4                mbrtowc
 .text.mbsrtowcs
                0x000000000200c020       0x28 /opt/devkitpro/devkitARM/bin/../lib/gcc/arm-none-eabi/11.1.0/../../../../arm-none-eabi/lib/thumb/libg.a(lib_a-mbsrtowcs.o)
                0x000000000200c020                mbsrtowcs
 .text.__utf8_mbtowc
                0x000000000200c048      0x294 /opt/devkitpro/devkitARM/bin/../lib/gcc/arm-none-eabi/11.1.0/../../../../arm-none-eabi/lib/thumb/libg.a(lib_a-mbtowc_r.o)
                0x000000000200c048                __utf8_mbtowc
 .text.memcmp   0x000000000200c2dc       0x4c /opt/devkitpro/devkitARM/bin/../lib/gcc/arm-none-eabi/11.1.0/../../../../arm-none-eabi/lib/thumb/libg.a(lib_a-memcmp.o)
                0x000000000200c2dc                memcmp
 .text.memcpy   0x000000000200c328       0xa8 /opt/devkitpro/devkitARM/bin/../lib/gcc/arm-none-eabi/11.1.0/../../../../arm-none-eabi/lib/thumb/libg.a(lib_a-memcpy-stub.o)
                0x000000000200c328                memcpy
 .text.memmove  0x000000000200c3d0       0xbc /opt/devkitpro/devkitARM/bin/../lib/gcc/arm-none-eabi/11.1.0/../../../../arm-none-eabi/lib/thumb/libg.a(lib_a-memmove.o)
                0x000000000200c3d0                memmove
 .text.memset   0x000000000200c48c       0xb0 /opt/devkitpro/devkitARM/bin/../lib/gcc/arm-none-eabi/11.1.0/../../../../arm-none-eabi/lib/thumb/libg.a(lib_a-memset.o)
                0x000000000200c48c                memset
 .text.validate_structure
                0x000000000200c53c      0x1dc /opt/devkitpro/devkitARM/bin/../lib/gcc/arm-none-eabi/11.1.0/../../../../arm-none-eabi/lib/thumb/libg.a(lib_a-mktime.o)
 .text.mktime   0x000000000200c718      0x450 /opt/devkitpro/devkitARM/bin/../lib/gcc/arm-none-eabi/11.1.0/../../../../arm-none-eabi/lib/thumb/libg.a(lib_a-mktime.o)
                0x000000000200c718                mktime
 .text.__malloc_lock
                0x000000000200cb68       0x14 /opt/devkitpro/devkitARM/bin/../lib/gcc/arm-none-eabi/11.1.0/../../../../arm-none-eabi/lib/thumb/libg.a(lib_a-mlock.o)
                0x000000000200cb68                __malloc_lock
 .text.__malloc_unlock
                0x000000000200cb7c       0x14 /opt/devkitpro/devkitARM/bin/../lib/gcc/arm-none-eabi/11.1.0/../../../../arm-none-eabi/lib/thumb/libg.a(lib_a-mlock.o)
                0x000000000200cb7c                __malloc_unlock
 .text.setvbuf  0x000000000200cb90      0x1ac /opt/devkitpro/devkitARM/bin/../lib/gcc/arm-none-eabi/11.1.0/../../../../arm-none-eabi/lib/thumb/libg.a(lib_a-setvbuf.o)
                0x000000000200cb90                setvbuf
 .text.siscanf  0x000000000200cd3c       0x4c /opt/devkitpro/devkitARM/bin/../lib/gcc/arm-none-eabi/11.1.0/../../../../arm-none-eabi/lib/thumb/libg.a(lib_a-siscanf.o)
                0x000000000200cd3c                siscanf
 .text.__sread  0x000000000200cd88       0x34 /opt/devkitpro/devkitARM/bin/../lib/gcc/arm-none-eabi/11.1.0/../../../../arm-none-eabi/lib/thumb/libg.a(lib_a-stdio.o)
                0x000000000200cd88                __sread
 .text.__seofread
                0x000000000200cdbc        0x4 /opt/devkitpro/devkitARM/bin/../lib/gcc/arm-none-eabi/11.1.0/../../../../arm-none-eabi/lib/thumb/libg.a(lib_a-stdio.o)
                0x000000000200cdbc                __seofread
 .text.__swrite
                0x000000000200cdc0       0x4c /opt/devkitpro/devkitARM/bin/../lib/gcc/arm-none-eabi/11.1.0/../../../../arm-none-eabi/lib/thumb/libg.a(lib_a-stdio.o)
                0x000000000200cdc0                __swrite
 .text.__sseek  0x000000000200ce0c       0x40 /opt/devkitpro/devkitARM/bin/../lib/gcc/arm-none-eabi/11.1.0/../../../../arm-none-eabi/lib/thumb/libg.a(lib_a-stdio.o)
                0x000000000200ce0c                __sseek
 .text.__sclose
                0x000000000200ce4c       0x10 /opt/devkitpro/devkitARM/bin/../lib/gcc/arm-none-eabi/11.1.0/../../../../arm-none-eabi/lib/thumb/libg.a(lib_a-stdio.o)
                0x000000000200ce4c                __sclose
 .text.stpcpy   0x000000000200ce5c       0x50 /opt/devkitpro/devkitARM/bin/../lib/gcc/arm-none-eabi/11.1.0/../../../../arm-none-eabi/lib/thumb/libg.a(lib_a-stpcpy.o)
                0x000000000200ce5c                stpcpy
 .text.strchr   0x000000000200ceac       0xc8 /opt/devkitpro/devkitARM/bin/../lib/gcc/arm-none-eabi/11.1.0/../../../../arm-none-eabi/lib/thumb/libg.a(lib_a-strchr.o)
                0x000000000200ceac                strchr
 .text.strcpy   0x000000000200cf74       0x10 /opt/devkitpro/devkitARM/bin/../lib/gcc/arm-none-eabi/11.1.0/../../../../arm-none-eabi/lib/thumb/libg.a(lib_a-strcpy.o)
                0x000000000200cf74                strcpy
 .text.strlen   0x000000000200cf84       0x60 /opt/devkitpro/devkitARM/bin/../lib/gcc/arm-none-eabi/11.1.0/../../../../arm-none-eabi/lib/thumb/libg.a(lib_a-strlen-stub.o)
                0x000000000200cf84                strlen
 .text.strncasecmp
                0x000000000200cfe4       0x54 /opt/devkitpro/devkitARM/bin/../lib/gcc/arm-none-eabi/11.1.0/../../../../arm-none-eabi/lib/thumb/libg.a(lib_a-strncasecmp.o)
                0x000000000200cfe4                strncasecmp
 .text.strncmp  0x000000000200d038       0x78 /opt/devkitpro/devkitARM/bin/../lib/gcc/arm-none-eabi/11.1.0/../../../../arm-none-eabi/lib/thumb/libg.a(lib_a-strncmp.o)
                0x000000000200d038                strncmp
 .text.strncpy  0x000000000200d0b0       0x74 /opt/devkitpro/devkitARM/bin/../lib/gcc/arm-none-eabi/11.1.0/../../../../arm-none-eabi/lib/thumb/libg.a(lib_a-strncpy.o)
                0x000000000200d0b0                strncpy
 .text.strnlen  0x000000000200d124       0x28 /opt/devkitpro/devkitARM/bin/../lib/gcc/arm-none-eabi/11.1.0/../../../../arm-none-eabi/lib/thumb/libg.a(lib_a-strnlen.o)
                0x000000000200d124                strnlen
 .text.strpbrk  0x000000000200d14c       0x3c /opt/devkitpro/devkitARM/bin/../lib/gcc/arm-none-eabi/11.1.0/../../../../arm-none-eabi/lib/thumb/libg.a(lib_a-strpbrk.o)
                0x000000000200d14c                strpbrk
 .text.strrchr  0x000000000200d188       0x2c /opt/devkitpro/devkitARM/bin/../lib/gcc/arm-none-eabi/11.1.0/../../../../arm-none-eabi/lib/thumb/libg.a(lib_a-strrchr.o)
                0x000000000200d188                strrchr
 .text._strtol_l.part.0
                0x000000000200d1b4      0x144 /opt/devkitpro/devkitARM/bin/../lib/gcc/arm-none-eabi/11.1.0/../../../../arm-none-eabi/lib/thumb/libg.a(lib_a-strtol.o)
 .text._strtol_r
                0x000000000200d2f8       0x20 /opt/devkitpro/devkitARM/bin/../lib/gcc/arm-none-eabi/11.1.0/../../../../arm-none-eabi/lib/thumb/libg.a(lib_a-strtol.o)
                0x000000000200d2f8                _strtol_r
 .text.get_arg  0x000000000200d318       0x32 /opt/devkitpro/devkitARM/bin/../lib/gcc/arm-none-eabi/11.1.0/../../../../arm-none-eabi/lib/thumb/libg.a(lib_a-svfiscanf.o)
 .text._sungetc_r
                0x000000000200d34a       0x7e /opt/devkitpro/devkitARM/bin/../lib/gcc/arm-none-eabi/11.1.0/../../../../arm-none-eabi/lib/thumb/libg.a(lib_a-svfiscanf.o)
                0x000000000200d34a                _sungetc_r
 .text.__ssrefill_r
                0x000000000200d3c8       0x42 /opt/devkitpro/devkitARM/bin/../lib/gcc/arm-none-eabi/11.1.0/../../../../arm-none-eabi/lib/thumb/libg.a(lib_a-svfiscanf.o)
                0x000000000200d3c8                __ssrefill_r
 .text._sfread_r
                0x000000000200d40a       0x88 /opt/devkitpro/devkitARM/bin/../lib/gcc/arm-none-eabi/11.1.0/../../../../arm-none-eabi/lib/thumb/libg.a(lib_a-svfiscanf.o)
                0x000000000200d40a                _sfread_r
 *fill*         0x000000000200d492        0x2 ff
 .text.__ssvfiscanf_r
                0x000000000200d494     0x1a04 /opt/devkitpro/devkitARM/bin/../lib/gcc/arm-none-eabi/11.1.0/../../../../arm-none-eabi/lib/thumb/libg.a(lib_a-svfiscanf.o)
                0x000000000200d494                __ssvfiscanf_r
 .text.stat     0x000000000200ee98       0x18 /opt/devkitpro/devkitARM/bin/../lib/gcc/arm-none-eabi/11.1.0/../../../../arm-none-eabi/lib/thumb/libg.a(lib_a-sysstat.o)
                0x000000000200ee98                stat
 .text.time     0x000000000200eeb0       0x34 /opt/devkitpro/devkitARM/bin/../lib/gcc/arm-none-eabi/11.1.0/../../../../arm-none-eabi/lib/thumb/libg.a(lib_a-time.o)
                0x000000000200eeb0                time
 .text.towlower
                0x000000000200eee4       0x10 /opt/devkitpro/devkitARM/bin/../lib/gcc/arm-none-eabi/11.1.0/../../../../arm-none-eabi/lib/thumb/libg.a(lib_a-towlower.o)
                0x000000000200eee4                towlower
 .text.towupper
                0x000000000200eef4       0x10 /opt/devkitpro/devkitARM/bin/../lib/gcc/arm-none-eabi/11.1.0/../../../../arm-none-eabi/lib/thumb/libg.a(lib_a-towupper.o)
                0x000000000200eef4                towupper
 .text.__tzcalc_limits
                0x000000000200ef04      0x1b4 /opt/devkitpro/devkitARM/bin/../lib/gcc/arm-none-eabi/11.1.0/../../../../arm-none-eabi/lib/thumb/libg.a(lib_a-tzcalc_limits.o)
                0x000000000200ef04                __tzcalc_limits
 .text.__tz_lock
                0x000000000200f0b8       0x14 /opt/devkitpro/devkitARM/bin/../lib/gcc/arm-none-eabi/11.1.0/../../../../arm-none-eabi/lib/thumb/libg.a(lib_a-tzlock.o)
                0x000000000200f0b8                __tz_lock
 .text.__tz_unlock
                0x000000000200f0cc       0x14 /opt/devkitpro/devkitARM/bin/../lib/gcc/arm-none-eabi/11.1.0/../../../../arm-none-eabi/lib/thumb/libg.a(lib_a-tzlock.o)
                0x000000000200f0cc                __tz_unlock
 .text._tzset_unlocked
                0x000000000200f0e0       0x10 /opt/devkitpro/devkitARM/bin/../lib/gcc/arm-none-eabi/11.1.0/../../../../arm-none-eabi/lib/thumb/libg.a(lib_a-tzset.o)
                0x000000000200f0e0                _tzset_unlocked
 .text._tzset_unlocked_r
                0x000000000200f0f0      0x370 /opt/devkitpro/devkitARM/bin/../lib/gcc/arm-none-eabi/11.1.0/../../../../arm-none-eabi/lib/thumb/libg.a(lib_a-tzset_r.o)
                0x000000000200f0f0                _tzset_unlocked_r
 .text.__submore
                0x000000000200f460       0x88 /opt/devkitpro/devkitARM/bin/../lib/gcc/arm-none-eabi/11.1.0/../../../../arm-none-eabi/lib/thumb/libg.a(lib_a-ungetc.o)
                0x000000000200f460                __submore
 .text.get_arg  0x000000000200f4e8      0x400 /opt/devkitpro/devkitARM/bin/../lib/gcc/arm-none-eabi/11.1.0/../../../../arm-none-eabi/lib/thumb/libg.a(lib_a-vfiprintf.o)
 .text.__sprint_r
                0x000000000200f8e8       0x24 /opt/devkitpro/devkitARM/bin/../lib/gcc/arm-none-eabi/11.1.0/../../../../arm-none-eabi/lib/thumb/libg.a(lib_a-vfiprintf.o)
                0x000000000200f8e8                __sprint_r
 .text._vfiprintf_r
                0x000000000200f90c     0x1710 /opt/devkitpro/devkitARM/bin/../lib/gcc/arm-none-eabi/11.1.0/../../../../arm-none-eabi/lib/thumb/libg.a(lib_a-vfiprintf.o)
                0x000000000200f90c                _vfiprintf_r
 .text.__sbprintf
                0x000000000201101c       0x8c /opt/devkitpro/devkitARM/bin/../lib/gcc/arm-none-eabi/11.1.0/../../../../arm-none-eabi/lib/thumb/libg.a(lib_a-vfiprintf.o)
 .text._wcrtomb_r
                0x00000000020110a8       0x5c /opt/devkitpro/devkitARM/bin/../lib/gcc/arm-none-eabi/11.1.0/../../../../arm-none-eabi/lib/thumb/libg.a(lib_a-wcrtomb.o)
                0x00000000020110a8                _wcrtomb_r
 .text.wcrtomb  0x0000000002011104       0x74 /opt/devkitpro/devkitARM/bin/../lib/gcc/arm-none-eabi/11.1.0/../../../../arm-none-eabi/lib/thumb/libg.a(lib_a-wcrtomb.o)
                0x0000000002011104                wcrtomb
 .text._wcsrtombs_r
                0x0000000002011178       0x1c /opt/devkitpro/devkitARM/bin/../lib/gcc/arm-none-eabi/11.1.0/../../../../arm-none-eabi/lib/thumb/libg.a(lib_a-wcsrtombs.o)
                0x0000000002011178                _wcsrtombs_r
 .text.wctob    0x0000000002011194       0x48 /opt/devkitpro/devkitARM/bin/../lib/gcc/arm-none-eabi/11.1.0/../../../../arm-none-eabi/lib/thumb/libg.a(lib_a-wctob.o)
                0x0000000002011194                wctob
 .text.__utf8_wctomb
                0x00000000020111dc       0xb4 /opt/devkitpro/devkitARM/bin/../lib/gcc/arm-none-eabi/11.1.0/../../../../arm-none-eabi/lib/thumb/libg.a(lib_a-wctomb_r.o)
                0x00000000020111dc                __utf8_wctomb
 .text.__swsetup_r
                0x0000000002011290       0xe4 /opt/devkitpro/devkitARM/bin/../lib/gcc/arm-none-eabi/11.1.0/../../../../arm-none-eabi/lib/thumb/libg.a(lib_a-wsetup.o)
                0x0000000002011290                __swsetup_r
 .text.div      0x0000000002011374       0x34 /opt/devkitpro/devkitARM/bin/../lib/gcc/arm-none-eabi/11.1.0/../../../../arm-none-eabi/lib/thumb/libg.a(lib_a-div.o)
                0x0000000002011374                div
 .text.__sflush_r
                0x00000000020113a8      0x1c0 /opt/devkitpro/devkitARM/bin/../lib/gcc/arm-none-eabi/11.1.0/../../../../arm-none-eabi/lib/thumb/libg.a(lib_a-fflush.o)
                0x00000000020113a8                __sflush_r
 .text._fflush_r
                0x0000000002011568       0x70 /opt/devkitpro/devkitARM/bin/../lib/gcc/arm-none-eabi/11.1.0/../../../../arm-none-eabi/lib/thumb/libg.a(lib_a-fflush.o)
                0x0000000002011568                _fflush_r
 .text._cleanup_r
                0x00000000020115d8       0x14 /opt/devkitpro/devkitARM/bin/../lib/gcc/arm-none-eabi/11.1.0/../../../../arm-none-eabi/lib/thumb/libg.a(lib_a-findfp.o)
                0x00000000020115d8                _cleanup_r
 .text.__sinit  0x00000000020115ec      0x124 /opt/devkitpro/devkitARM/bin/../lib/gcc/arm-none-eabi/11.1.0/../../../../arm-none-eabi/lib/thumb/libg.a(lib_a-findfp.o)
                0x00000000020115ec                __sinit
 .text.__sfp_lock_acquire
                0x0000000002011710       0x14 /opt/devkitpro/devkitARM/bin/../lib/gcc/arm-none-eabi/11.1.0/../../../../arm-none-eabi/lib/thumb/libg.a(lib_a-findfp.o)
                0x0000000002011710                __sfp_lock_acquire
 .text.__sfp_lock_release
                0x0000000002011724       0x14 /opt/devkitpro/devkitARM/bin/../lib/gcc/arm-none-eabi/11.1.0/../../../../arm-none-eabi/lib/thumb/libg.a(lib_a-findfp.o)
                0x0000000002011724                __sfp_lock_release
 .text._malloc_trim_r
                0x0000000002011738       0xa0 /opt/devkitpro/devkitARM/bin/../lib/gcc/arm-none-eabi/11.1.0/../../../../arm-none-eabi/lib/thumb/libg.a(lib_a-freer.o)
                0x0000000002011738                _malloc_trim_r
 .text._free_r  0x00000000020117d8      0x1d8 /opt/devkitpro/devkitARM/bin/../lib/gcc/arm-none-eabi/11.1.0/../../../../arm-none-eabi/lib/thumb/libg.a(lib_a-freer.o)
                0x00000000020117d8                _free_r
 .text.__sfvwrite_r
                0x00000000020119b0      0x34c /opt/devkitpro/devkitARM/bin/../lib/gcc/arm-none-eabi/11.1.0/../../../../arm-none-eabi/lib/thumb/libg.a(lib_a-fvwrite.o)
                0x00000000020119b0                __sfvwrite_r
 .text._fwalk_reent
                0x0000000002011cfc       0x50 /opt/devkitpro/devkitARM/bin/../lib/gcc/arm-none-eabi/11.1.0/../../../../arm-none-eabi/lib/thumb/libg.a(lib_a-fwalk.o)
                0x0000000002011cfc                _fwalk_reent
 .text._findenv_r
                0x0000000002011d4c       0x94 /opt/devkitpro/devkitARM/bin/../lib/gcc/arm-none-eabi/11.1.0/../../../../arm-none-eabi/lib/thumb/libg.a(lib_a-getenv_r.o)
                0x0000000002011d4c                _findenv_r
 .text._getenv_r
                0x0000000002011de0       0x10 /opt/devkitpro/devkitARM/bin/../lib/gcc/arm-none-eabi/11.1.0/../../../../arm-none-eabi/lib/thumb/libg.a(lib_a-getenv_r.o)
                0x0000000002011de0                _getenv_r
 .text.__gettzinfo
                0x0000000002011df0        0x8 /opt/devkitpro/devkitARM/bin/../lib/gcc/arm-none-eabi/11.1.0/../../../../arm-none-eabi/lib/thumb/libg.a(lib_a-gettzinfo.o)
                0x0000000002011df0                __gettzinfo
 .text.gmtime_r
                0x0000000002011df8      0x1c8 /opt/devkitpro/devkitARM/bin/../lib/gcc/arm-none-eabi/11.1.0/../../../../arm-none-eabi/lib/thumb/libg.a(lib_a-gmtime_r.o)
                0x0000000002011df8                gmtime_r
 .text.iswspace
                0x0000000002011fc0       0x10 /opt/devkitpro/devkitARM/bin/../lib/gcc/arm-none-eabi/11.1.0/../../../../arm-none-eabi/lib/thumb/libg.a(lib_a-iswspace.o)
                0x0000000002011fc0                iswspace
 .text._localeconv_r
                0x0000000002011fd0        0x8 /opt/devkitpro/devkitARM/bin/../lib/gcc/arm-none-eabi/11.1.0/../../../../arm-none-eabi/lib/thumb/libg.a(lib_a-localeconv.o)
                0x0000000002011fd0                _localeconv_r
 .text.__smakebuf_r
                0x0000000002011fd8       0xec /opt/devkitpro/devkitARM/bin/../lib/gcc/arm-none-eabi/11.1.0/../../../../arm-none-eabi/lib/thumb/libg.a(lib_a-makebuf.o)
                0x0000000002011fd8                __smakebuf_r
 .text.__swhatbuf_r
                0x00000000020120c4       0x5c /opt/devkitpro/devkitARM/bin/../lib/gcc/arm-none-eabi/11.1.0/../../../../arm-none-eabi/lib/thumb/libg.a(lib_a-makebuf.o)
                0x00000000020120c4                __swhatbuf_r
 .text._mbsnrtowcs_r
                0x0000000002012120       0xbc /opt/devkitpro/devkitARM/bin/../lib/gcc/arm-none-eabi/11.1.0/../../../../arm-none-eabi/lib/thumb/libg.a(lib_a-mbsnrtowcs.o)
                0x0000000002012120                _mbsnrtowcs_r
 .text.memchr   0x00000000020121dc       0x78 /opt/devkitpro/devkitARM/bin/../lib/gcc/arm-none-eabi/11.1.0/../../../../arm-none-eabi/lib/thumb/libg.a(lib_a-memchr-stub.o)
                0x00000000020121dc                memchr
 .text.realloc  0x0000000002012254       0x18 /opt/devkitpro/devkitARM/bin/../lib/gcc/arm-none-eabi/11.1.0/../../../../arm-none-eabi/lib/thumb/libg.a(lib_a-realloc.o)
                0x0000000002012254                realloc
 .text._realloc_r
                0x000000000201226c      0x380 /opt/devkitpro/devkitARM/bin/../lib/gcc/arm-none-eabi/11.1.0/../../../../arm-none-eabi/lib/thumb/libg.a(lib_a-reallocr.o)
                0x000000000201226c                _realloc_r
 .text.__sccl   0x00000000020125ec       0x90 /opt/devkitpro/devkitARM/bin/../lib/gcc/arm-none-eabi/11.1.0/../../../../arm-none-eabi/lib/thumb/libg.a(lib_a-sccl.o)
                0x00000000020125ec                __sccl
 .text._strtoll_l.constprop.0
                0x000000000201267c      0x1a4 /opt/devkitpro/devkitARM/bin/../lib/gcc/arm-none-eabi/11.1.0/../../../../arm-none-eabi/lib/thumb/libg.a(lib_a-strtoll.o)
 .text._strtoll_r
                0x0000000002012820        0xc /opt/devkitpro/devkitARM/bin/../lib/gcc/arm-none-eabi/11.1.0/../../../../arm-none-eabi/lib/thumb/libg.a(lib_a-strtoll.o)
                0x0000000002012820                _strtoll_r
 .text._strtoull_l.constprop.0
                0x000000000201282c      0x1c0 /opt/devkitpro/devkitARM/bin/../lib/gcc/arm-none-eabi/11.1.0/../../../../arm-none-eabi/lib/thumb/libg.a(lib_a-strtoull.o)
 .text._strtoull_r
                0x00000000020129ec        0xc /opt/devkitpro/devkitARM/bin/../lib/gcc/arm-none-eabi/11.1.0/../../../../arm-none-eabi/lib/thumb/libg.a(lib_a-strtoull.o)
                0x00000000020129ec                _strtoull_r
 .text._strtoul_l.constprop.0
                0x00000000020129f8      0x148 /opt/devkitpro/devkitARM/bin/../lib/gcc/arm-none-eabi/11.1.0/../../../../arm-none-eabi/lib/thumb/libg.a(lib_a-strtoul.o)
 .text._strtoul_r
                0x0000000002012b40        0xc /opt/devkitpro/devkitARM/bin/../lib/gcc/arm-none-eabi/11.1.0/../../../../arm-none-eabi/lib/thumb/libg.a(lib_a-strtoul.o)
                0x0000000002012b40                _strtoul_r
 .text.strtoul  0x0000000002012b4c       0x1c /opt/devkitpro/devkitARM/bin/../lib/gcc/arm-none-eabi/11.1.0/../../../../arm-none-eabi/lib/thumb/libg.a(lib_a-strtoul.o)
                0x0000000002012b4c                strtoul
 .text.towctrans
                0x0000000002012b68       0x28 /opt/devkitpro/devkitARM/bin/../lib/gcc/arm-none-eabi/11.1.0/../../../../arm-none-eabi/lib/thumb/libg.a(lib_a-towctrans.o)
                0x0000000002012b68                towctrans
 .text._wcsnrtombs_l
                0x0000000002012b90      0x110 /opt/devkitpro/devkitARM/bin/../lib/gcc/arm-none-eabi/11.1.0/../../../../arm-none-eabi/lib/thumb/libg.a(lib_a-wcsnrtombs.o)
                0x0000000002012b90                _wcsnrtombs_l
 .text._wcsnrtombs_r
                0x0000000002012ca0       0x30 /opt/devkitpro/devkitARM/bin/../lib/gcc/arm-none-eabi/11.1.0/../../../../arm-none-eabi/lib/thumb/libg.a(lib_a-wcsnrtombs.o)
                0x0000000002012ca0                _wcsnrtombs_r
 .text.__env_lock
                0x0000000002012cd0       0x14 /opt/devkitpro/devkitARM/bin/../lib/gcc/arm-none-eabi/11.1.0/../../../../arm-none-eabi/lib/thumb/libg.a(lib_a-envlock.o)
                0x0000000002012cd0                __env_lock
 .text.__env_unlock
                0x0000000002012ce4       0x14 /opt/devkitpro/devkitARM/bin/../lib/gcc/arm-none-eabi/11.1.0/../../../../arm-none-eabi/lib/thumb/libg.a(lib_a-envlock.o)
                0x0000000002012ce4                __env_unlock
 .text._fclose_r
                0x0000000002012cf8       0xe8 /opt/devkitpro/devkitARM/bin/../lib/gcc/arm-none-eabi/11.1.0/../../../../arm-none-eabi/lib/thumb/libg.a(lib_a-fclose.o)
                0x0000000002012cf8                _fclose_r
 .text.iswspace_l
                0x0000000002012de0       0x2c /opt/devkitpro/devkitARM/bin/../lib/gcc/arm-none-eabi/11.1.0/../../../../arm-none-eabi/lib/thumb/libg.a(lib_a-iswspace_l.o)
                0x0000000002012de0                iswspace_l
 .text.__jp2uc  0x0000000002012e0c      0x154 /opt/devkitpro/devkitARM/bin/../lib/gcc/arm-none-eabi/11.1.0/../../../../arm-none-eabi/lib/thumb/libg.a(lib_a-jp2uc.o)
 .text._jp2uc_l
                0x0000000002012f60       0x6c /opt/devkitpro/devkitARM/bin/../lib/gcc/arm-none-eabi/11.1.0/../../../../arm-none-eabi/lib/thumb/libg.a(lib_a-jp2uc.o)
                0x0000000002012f60                _jp2uc_l
 .text._uc2jp_l
                0x0000000002012fcc       0x4c /opt/devkitpro/devkitARM/bin/../lib/gcc/arm-none-eabi/11.1.0/../../../../arm-none-eabi/lib/thumb/libg.a(lib_a-jp2uc.o)
                0x0000000002012fcc                _uc2jp_l
 .text.towctrans_l
                0x0000000002013018      0x1b4 /opt/devkitpro/devkitARM/bin/../lib/gcc/arm-none-eabi/11.1.0/../../../../arm-none-eabi/lib/thumb/libg.a(lib_a-towctrans_l.o)
                0x0000000002013018                towctrans_l
 .text.category
                0x00000000020131cc       0x54 /opt/devkitpro/devkitARM/bin/../lib/gcc/arm-none-eabi/11.1.0/../../../../arm-none-eabi/lib/thumb/libg.a(lib_a-categories.o)
                0x00000000020131cc                category
 .text.null_write
                0x0000000002013220        0x4 /opt/devkitpro/devkitARM/bin/../lib/gcc/arm-none-eabi/11.1.0/../../../../arm-none-eabi/lib/thumb/libsysbase.a(iosupport.o)
 .text.setDefaultDevice
                0x0000000002013224       0x10 /opt/devkitpro/devkitARM/bin/../lib/gcc/arm-none-eabi/11.1.0/../../../../arm-none-eabi/lib/thumb/libsysbase.a(iosupport.o)
                0x0000000002013224                setDefaultDevice
 .text.FindDevice
                0x0000000002013234       0x98 /opt/devkitpro/devkitARM/bin/../lib/gcc/arm-none-eabi/11.1.0/../../../../arm-none-eabi/lib/thumb/libsysbase.a(iosupport.o)
                0x0000000002013234                FindDevice
 .text.AddDevice
                0x00000000020132cc       0x78 /opt/devkitpro/devkitARM/bin/../lib/gcc/arm-none-eabi/11.1.0/../../../../arm-none-eabi/lib/thumb/libsysbase.a(iosupport.o)
                0x00000000020132cc                AddDevice
 .text.GetDeviceOpTab
                0x0000000002013344       0x20 /opt/devkitpro/devkitARM/bin/../lib/gcc/arm-none-eabi/11.1.0/../../../../arm-none-eabi/lib/thumb/libsysbase.a(iosupport.o)
                0x0000000002013344                GetDeviceOpTab
 .text._fstat_r
                0x0000000002013364       0x4c /opt/devkitpro/devkitARM/bin/../lib/gcc/arm-none-eabi/11.1.0/../../../../arm-none-eabi/lib/thumb/libsysbase.a(fstat.o)
                0x0000000002013364                _fstat_r
 .text._gettimeofday_r
                0x00000000020133b0       0x28 /opt/devkitpro/devkitARM/bin/../lib/gcc/arm-none-eabi/11.1.0/../../../../arm-none-eabi/lib/thumb/libsysbase.a(gettod.o)
                0x00000000020133b0                _gettimeofday_r
 .text._isatty_r
                0x00000000020133d8        0x4 /opt/devkitpro/devkitARM/bin/../lib/gcc/arm-none-eabi/11.1.0/../../../../arm-none-eabi/lib/thumb/libsysbase.a(isatty.o)
                0x00000000020133d8                _isatty_r
 .text._lseek_r
                0x00000000020133dc       0x5c /opt/devkitpro/devkitARM/bin/../lib/gcc/arm-none-eabi/11.1.0/../../../../arm-none-eabi/lib/thumb/libsysbase.a(lseek.o)
                0x00000000020133dc                _lseek_r
 .text._read_r  0x0000000002013438       0x50 /opt/devkitpro/devkitARM/bin/../lib/gcc/arm-none-eabi/11.1.0/../../../../arm-none-eabi/lib/thumb/libsysbase.a(read.o)
                0x0000000002013438                _read_r
 .text._sbrk_r  0x0000000002013488       0x54 /opt/devkitpro/devkitARM/bin/../lib/gcc/arm-none-eabi/11.1.0/../../../../arm-none-eabi/lib/thumb/libsysbase.a(sbrk.o)
                0x0000000002013488                _sbrk_r
 .text._stat_r  0x00000000020134dc       0x4c /opt/devkitpro/devkitARM/bin/../lib/gcc/arm-none-eabi/11.1.0/../../../../arm-none-eabi/lib/thumb/libsysbase.a(stat.o)
                0x00000000020134dc                _stat_r
 .text._write_r
                0x0000000002013528       0x50 /opt/devkitpro/devkitARM/bin/../lib/gcc/arm-none-eabi/11.1.0/../../../../arm-none-eabi/lib/thumb/libsysbase.a(write.o)
                0x0000000002013528                _write_r
 .text._concatenate_path
                0x0000000002013578      0x128 /opt/devkitpro/devkitARM/bin/../lib/gcc/arm-none-eabi/11.1.0/../../../../arm-none-eabi/lib/thumb/libsysbase.a(chdir.o)
                0x0000000002013578                _concatenate_path
 .text.chdir    0x00000000020136a0       0xf0 /opt/devkitpro/devkitARM/bin/../lib/gcc/arm-none-eabi/11.1.0/../../../../arm-none-eabi/lib/thumb/libsysbase.a(chdir.o)
                0x00000000020136a0                chdir
 .text.getcwd   0x0000000002013790       0x60 /opt/devkitpro/devkitARM/bin/../lib/gcc/arm-none-eabi/11.1.0/../../../../arm-none-eabi/lib/thumb/libsysbase.a(chdir.o)
                0x0000000002013790                getcwd
 .text.build_argv
                0x00000000020137f0       0x4c /opt/devkitpro/devkitARM/bin/../lib/gcc/arm-none-eabi/11.1.0/../../../../arm-none-eabi/lib/thumb/libsysbase.a(build_argv.o)
                0x00000000020137f0                build_argv
 .text.__flockfile
                0x000000000201383c       0x10 /opt/devkitpro/devkitARM/bin/../lib/gcc/arm-none-eabi/11.1.0/../../../../arm-none-eabi/lib/thumb/libsysbase.a(flock.o)
                0x000000000201383c                __flockfile
 .text.__funlockfile
                0x000000000201384c       0x10 /opt/devkitpro/devkitARM/bin/../lib/gcc/arm-none-eabi/11.1.0/../../../../arm-none-eabi/lib/thumb/libsysbase.a(flock.o)
                0x000000000201384c                __funlockfile
 .text.__libc_lock_acquire
                0x000000000201385c       0x1c /opt/devkitpro/devkitARM/bin/../lib/gcc/arm-none-eabi/11.1.0/../../../../arm-none-eabi/lib/thumb/libsysbase.a(syscall_support.o)
                0x000000000201385c                __libc_lock_acquire
 .text.__libc_lock_release
                0x0000000002013878       0x1c /opt/devkitpro/devkitARM/bin/../lib/gcc/arm-none-eabi/11.1.0/../../../../arm-none-eabi/lib/thumb/libsysbase.a(syscall_support.o)
                0x0000000002013878                __libc_lock_release
 .text.__libc_lock_init_recursive
                0x0000000002013894       0x1c /opt/devkitpro/devkitARM/bin/../lib/gcc/arm-none-eabi/11.1.0/../../../../arm-none-eabi/lib/thumb/libsysbase.a(syscall_support.o)
                0x0000000002013894                __libc_lock_init_recursive
 .text.__libc_lock_acquire_recursive
                0x00000000020138b0       0x1c /opt/devkitpro/devkitARM/bin/../lib/gcc/arm-none-eabi/11.1.0/../../../../arm-none-eabi/lib/thumb/libsysbase.a(syscall_support.o)
                0x00000000020138b0                __libc_lock_acquire_recursive
 .text.__libc_lock_release_recursive
                0x00000000020138cc       0x1c /opt/devkitpro/devkitARM/bin/../lib/gcc/arm-none-eabi/11.1.0/../../../../arm-none-eabi/lib/thumb/libsysbase.a(syscall_support.o)
                0x00000000020138cc                __libc_lock_release_recursive
 .text.__libc_lock_close_recursive
                0x00000000020138e8       0x1c /opt/devkitpro/devkitARM/bin/../lib/gcc/arm-none-eabi/11.1.0/../../../../arm-none-eabi/lib/thumb/libsysbase.a(syscall_support.o)
                0x00000000020138e8                __libc_lock_close_recursive
 .text.__get_handle
                0x0000000002013904       0x34 /opt/devkitpro/devkitARM/bin/../lib/gcc/arm-none-eabi/11.1.0/../../../../arm-none-eabi/lib/thumb/libsysbase.a(handle_manager.o)
                0x0000000002013904                __get_handle
 .text._close_r
                0x0000000002013938       0xb8 /opt/devkitpro/devkitARM/bin/../lib/gcc/arm-none-eabi/11.1.0/../../../../arm-none-eabi/lib/thumb/libsysbase.a(handle_manager.o)
                0x0000000002013938                _close_r
 .text.__getreent
                0x00000000020139f0       0x28 /opt/devkitpro/devkitARM/bin/../lib/gcc/arm-none-eabi/11.1.0/../../../../arm-none-eabi/lib/thumb/libsysbase.a(getreent.o)
                0x00000000020139f0                __getreent
 .text.__getreent.__stub
                0x0000000002013a18       0x98 linker stubs
 *(EXCLUDE_FILE(*.twl*) .gnu.warning)
 *(EXCLUDE_FILE(*.twl*) .gnu.linkonce.t*)
 *(.glue_7)
 .glue_7        0x0000000002013ac0        0x0 linker stubs
 *(.glue_7t)
 .glue_7t       0x0000000002013ac0        0x0 linker stubs
                0x0000000002013ac0                . = ALIGN (0x4)

.vfp11_veneer   0x0000000002013ac0        0x0
 .vfp11_veneer  0x0000000002013ac0        0x0 linker stubs

.v4_bx          0x0000000002013ac0        0x0
 .v4_bx         0x0000000002013ac0        0x0 linker stubs

.iplt           0x0000000002013ac0        0x0
 .iplt          0x0000000002013ac0        0x0 /opt/devkitpro/devkitARM/bin/../lib/gcc/arm-none-eabi/11.1.0/../../../../arm-none-eabi/lib/thumb/ds_arm9_crt0.o

.fini           0x0000000002013ac0        0xc
 *(.fini)
 .fini          0x0000000002013ac0        0x4 /opt/devkitpro/devkitARM/bin/../lib/gcc/arm-none-eabi/11.1.0/thumb/crti.o
                0x0000000002013ac0                _fini
 .fini          0x0000000002013ac4        0x8 /opt/devkitpro/devkitARM/bin/../lib/gcc/arm-none-eabi/11.1.0/thumb/crtn.o
                0x0000000002013acc                __text_end = .

.rodata         0x0000000002013ae0     0xec28
 *(EXCLUDE_FILE(*.twl*) .rodata)
 *all.rodata*(*)
 *(EXCLUDE_FILE(*.twl*) .roda)
 *(EXCLUDE_FILE(*.twl*) .rodata.*)
 .rodata.load_bin
                0x0000000002013ae0     0x5c54 load.bin.o
                0x0000000002013ae0                load_bin
                0x0000000002019734                load_bin_end
 .rodata.str1.4
                0x0000000002019734       0x36 bootstrap.o
 *fill*         0x000000000201976a        0x2 ff
 .rodata.fatMount.part.0.str1.4
                0x000000000201976c        0x2 /opt/devkitpro/libnds/lib/libfat.a(libfat.o)
 *fill*         0x000000000201976e        0x2 ff
 .rodata.fatInit.str1.4
                0x0000000002019770        0x3 /opt/devkitpro/libnds/lib/libfat.a(libfat.o)
 *fill*         0x0000000002019773        0x1 ff
 .rodata.str1.4
                0x0000000002019774        0x4 /opt/devkitpro/libnds/lib/libfat.a(libfat.o)
 .rodata.dotab_fat
                0x0000000002019778       0x70 /opt/devkitpro/libnds/lib/libfat.a(libfat.o)
 .rodata.str1.4
                0x00000000020197e8        0x3 /opt/devkitpro/libnds/lib/libfat.a(disc.o)
                                          0x8 (size before relaxing)
 *fill*         0x00000000020197eb        0x1 ff
 .rodata._FAT_disc_interfaces
                0x00000000020197ec       0x18 /opt/devkitpro/libnds/lib/libfat.a(disc.o)
                0x00000000020197ec                _FAT_disc_interfaces
 .rodata._FAT_directory_entryFromPath.str1.4
                0x0000000002019804        0x7 /opt/devkitpro/libnds/lib/libfat.a(directory.o)
 *fill*         0x000000000201980b        0x1 ff
 .rodata.ILLEGAL_ALIAS_CHARACTERS
                0x000000000201980c       0x12 /opt/devkitpro/libnds/lib/libfat.a(directory.o)
 *fill*         0x000000000201981e        0x2 ff
 .rodata.ILLEGAL_LFN_CHARACTERS
                0x0000000002019820        0xa /opt/devkitpro/libnds/lib/libfat.a(directory.o)
 *fill*         0x000000000201982a        0x2 ff
 .rodata.LFN_offset_table
                0x000000000201982c       0x34 /opt/devkitpro/libnds/lib/libfat.a(directory.o)
 .rodata.FAT_SIG
                0x0000000002019860        0x3 /opt/devkitpro/libnds/lib/libfat.a(partition.o)
 *fill*         0x0000000002019863        0x1 ff
 .rodata.FS_TWL_SIG
                0x0000000002019864        0x8 /opt/devkitpro/libnds/lib/libfat.a(partition.o)
 .rodata.con_write.str1.4
                0x000000000201986c       0x30 /opt/devkitpro/libnds/lib/libnds9.a(console.o)
 .rodata.con_write
                0x000000000201989c       0xd4 /opt/devkitpro/libnds/lib/libnds9.a(console.o)
 .rodata.str1.4
                0x0000000002019970       0x14 /opt/devkitpro/libnds/lib/libnds9.a(console.o)
 .rodata.dotab_stdout
                0x0000000002019984       0x70 /opt/devkitpro/libnds/lib/libnds9.a(console.o)
 *fill*         0x00000000020199f4        0xc ff
 .rodata.default_font_bin
                0x0000000002019a00     0x2000 /opt/devkitpro/libnds/lib/libnds9.a(default_font.bin.o)
                0x0000000002019a00                default_font_bin
                0x000000000201ba00                default_font_bin_end
 .rodata.SIN_LUT
                0x000000000201ba00      0x102 /opt/devkitpro/libnds/lib/libnds9.a(trig.o)
                0x000000000201ba00                SIN_LUT
 *fill*         0x000000000201bb02        0x2 ff
 .rodata._ctype_
                0x000000000201bb04      0x101 /opt/devkitpro/devkitARM/bin/../lib/gcc/arm-none-eabi/11.1.0/../../../../arm-none-eabi/lib/thumb/libg.a(lib_a-ctype_.o)
                0x000000000201bb04                _ctype_
 *fill*         0x000000000201bc05        0x3 ff
 .rodata.str1.4
                0x000000000201bc08       0x44 /opt/devkitpro/devkitARM/bin/../lib/gcc/arm-none-eabi/11.1.0/../../../../arm-none-eabi/lib/thumb/libg.a(lib_a-locale.o)
                                         0x4c (size before relaxing)
 .rodata._mbrtowc_r.str1.4
                0x000000000201bc4c        0x1 /opt/devkitpro/devkitARM/bin/../lib/gcc/arm-none-eabi/11.1.0/../../../../arm-none-eabi/lib/thumb/libg.a(lib_a-mbrtowc.o)
 .rodata.DAYS_IN_MONTH
                0x000000000201bc4c       0x30 /opt/devkitpro/devkitARM/bin/../lib/gcc/arm-none-eabi/11.1.0/../../../../arm-none-eabi/lib/thumb/libg.a(lib_a-mktime.o)
 .rodata._DAYS_BEFORE_MONTH
                0x000000000201bc7c       0x30 /opt/devkitpro/devkitARM/bin/../lib/gcc/arm-none-eabi/11.1.0/../../../../arm-none-eabi/lib/thumb/libg.a(lib_a-mktime.o)
 .rodata.__month_lengths
                0x000000000201bcac       0x60 /opt/devkitpro/devkitARM/bin/../lib/gcc/arm-none-eabi/11.1.0/../../../../arm-none-eabi/lib/thumb/libg.a(lib_a-month_lengths.o)
                0x000000000201bcac                __month_lengths
 .rodata.basefix.0
                0x000000000201bd0c       0x22 /opt/devkitpro/devkitARM/bin/../lib/gcc/arm-none-eabi/11.1.0/../../../../arm-none-eabi/lib/thumb/libg.a(lib_a-svfiscanf.o)
 *fill*         0x000000000201bd2e        0x2 ff
 .rodata._tzset_unlocked_r.str1.4
                0x000000000201bd30       0x53 /opt/devkitpro/devkitARM/bin/../lib/gcc/arm-none-eabi/11.1.0/../../../../arm-none-eabi/lib/thumb/libg.a(lib_a-tzset_r.o)
 .rodata.str1.4
                0x000000000201bd83        0x4 /opt/devkitpro/devkitARM/bin/../lib/gcc/arm-none-eabi/11.1.0/../../../../arm-none-eabi/lib/thumb/libg.a(lib_a-tzvars.o)
 .rodata._vfiprintf_r.str1.1
                0x000000000201bd83       0x29 /opt/devkitpro/devkitARM/bin/../lib/gcc/arm-none-eabi/11.1.0/../../../../arm-none-eabi/lib/thumb/libg.a(lib_a-vfiprintf.o)
 .rodata.blanks.1
                0x000000000201bdac       0x10 /opt/devkitpro/devkitARM/bin/../lib/gcc/arm-none-eabi/11.1.0/../../../../arm-none-eabi/lib/thumb/libg.a(lib_a-vfiprintf.o)
 .rodata.zeroes.0
                0x000000000201bdbc       0x10 /opt/devkitpro/devkitARM/bin/../lib/gcc/arm-none-eabi/11.1.0/../../../../arm-none-eabi/lib/thumb/libg.a(lib_a-vfiprintf.o)
 .rodata.__action_table
                0x000000000201bdcc       0x6c /opt/devkitpro/devkitARM/bin/../lib/gcc/arm-none-eabi/11.1.0/../../../../arm-none-eabi/lib/thumb/libg.a(lib_a-svfiprintf.o)
                0x000000000201bdcc                __action_table
 .rodata.__chclass
                0x000000000201be38      0x100 /opt/devkitpro/devkitARM/bin/../lib/gcc/arm-none-eabi/11.1.0/../../../../arm-none-eabi/lib/thumb/libg.a(lib_a-svfiprintf.o)
                0x000000000201be38                __chclass
 .rodata.__state_table
                0x000000000201bf38       0x6c /opt/devkitpro/devkitARM/bin/../lib/gcc/arm-none-eabi/11.1.0/../../../../arm-none-eabi/lib/thumb/libg.a(lib_a-svfiprintf.o)
                0x000000000201bf38                __state_table
 .rodata.__jp2uc
                0x000000000201bfa4       0x20 /opt/devkitpro/devkitARM/bin/../lib/gcc/arm-none-eabi/11.1.0/../../../../arm-none-eabi/lib/thumb/libg.a(lib_a-jp2uc.o)
 .rodata._jp2uc_l.str1.4
                0x000000000201bfc4       0x12 /opt/devkitpro/devkitARM/bin/../lib/gcc/arm-none-eabi/11.1.0/../../../../arm-none-eabi/lib/thumb/libg.a(lib_a-jp2uc.o)
 *fill*         0x000000000201bfd6        0x2 ff
 .rodata.a1     0x000000000201bfd8       0xbc /opt/devkitpro/devkitARM/bin/../lib/gcc/arm-none-eabi/11.1.0/../../../../arm-none-eabi/lib/thumb/libg.a(lib_a-jp2uc.o)
 .rodata.a2     0x000000000201c094       0xbc /opt/devkitpro/devkitARM/bin/../lib/gcc/arm-none-eabi/11.1.0/../../../../arm-none-eabi/lib/thumb/libg.a(lib_a-jp2uc.o)
 .rodata.a3     0x000000000201c150       0x5b /opt/devkitpro/devkitARM/bin/../lib/gcc/arm-none-eabi/11.1.0/../../../../arm-none-eabi/lib/thumb/libg.a(lib_a-jp2uc.o)
 *fill*         0x000000000201c1ab        0x1 ff
 .rodata.a6     0x000000000201c1ac       0x70 /opt/devkitpro/devkitARM/bin/../lib/gcc/arm-none-eabi/11.1.0/../../../../arm-none-eabi/lib/thumb/libg.a(lib_a-jp2uc.o)
 .rodata.a7     0x000000000201c21c       0xa2 /opt/devkitpro/devkitARM/bin/../lib/gcc/arm-none-eabi/11.1.0/../../../../arm-none-eabi/lib/thumb/libg.a(lib_a-jp2uc.o)
 *fill*         0x000000000201c2be        0x2 ff
 .rodata.a8     0x000000000201c2c0       0x40 /opt/devkitpro/devkitARM/bin/../lib/gcc/arm-none-eabi/11.1.0/../../../../arm-none-eabi/lib/thumb/libg.a(lib_a-jp2uc.o)
 .rodata.b02cf  0x000000000201c300     0x172a /opt/devkitpro/devkitARM/bin/../lib/gcc/arm-none-eabi/11.1.0/../../../../arm-none-eabi/lib/thumb/libg.a(lib_a-jp2uc.o)
 *fill*         0x000000000201da2a        0x2 ff
 .rodata.d02f4  0x000000000201da2c     0x1a7c /opt/devkitpro/devkitARM/bin/../lib/gcc/arm-none-eabi/11.1.0/../../../../arm-none-eabi/lib/thumb/libg.a(lib_a-jp2uc.o)
 .rodata.categories
                0x000000000201f4a8     0x31e6 /opt/devkitpro/devkitARM/bin/../lib/gcc/arm-none-eabi/11.1.0/../../../../arm-none-eabi/lib/thumb/libg.a(lib_a-categories.o)
 *fill*         0x000000000202268e        0x2 ff
 .rodata.AddDevice.str1.4
                0x0000000002022690        0x8 /opt/devkitpro/devkitARM/bin/../lib/gcc/arm-none-eabi/11.1.0/../../../../arm-none-eabi/lib/thumb/libsysbase.a(iosupport.o)
 .rodata.dotab_stdnull
                0x0000000002022698       0x70 /opt/devkitpro/devkitARM/bin/../lib/gcc/arm-none-eabi/11.1.0/../../../../arm-none-eabi/lib/thumb/libsysbase.a(iosupport.o)
                0x0000000002022698                dotab_stdnull
 *(EXCLUDE_FILE(*.twl*) .gnu.linkonce.r*)
                0x0000000002022708                . = ALIGN (0x4)

.ARM.extab
 *(.ARM.extab* .gnu.linkonce.armextab.*)
                0x0000000002022708                __exidx_start = .

ARM.exidx
 *(.ARM.exidx* .gnu.linkonce.armexidx.*)
                0x0000000002022708                __exidx_end = .
                0x0000000002022708                . = ALIGN (0x4)
                0x0000000002022708                PROVIDE (__preinit_array_start = .)

.preinit_array
 *(.preinit_array)
                0x0000000002022708                PROVIDE (__preinit_array_end = .)
                0x0000000002022708                PROVIDE (__init_array_start = .)

.init_array     0x0000000002022708        0x4
 *(SORT_BY_NAME(.init_array.*))
 *(.init_array)
 .init_array    0x0000000002022708        0x4 /opt/devkitpro/devkitARM/bin/../lib/gcc/arm-none-eabi/11.1.0/thumb/crtbegin.o
                0x000000000202270c                PROVIDE (__init_array_end = .)
                [!provide]                        PROVIDE (__fini_array_start = .)

.fini_array     0x000000000202270c        0x4
 *(.fini_array)
 .fini_array    0x000000000202270c        0x4 /opt/devkitpro/devkitARM/bin/../lib/gcc/arm-none-eabi/11.1.0/thumb/crtbegin.o
 *(SORT_BY_NAME(.fini_array.*))
                [!provide]                        PROVIDE (__fini_array_end = .)

.ctors          0x0000000002022710        0x0
 *crtbegin.o(.ctors)
 *(EXCLUDE_FILE(*crtend.o) .ctors)
 *(SORT_BY_NAME(.ctors.*))
 *(.ctors)
                0x0000000002022710                . = ALIGN (0x4)

.dtors          0x0000000002022710        0x0
 *crtbegin.o(.dtors)
 *(EXCLUDE_FILE(*crtend.o) .dtors)
 *(SORT_BY_NAME(.dtors.*))
 *(.dtors)
                0x0000000002022710                . = ALIGN (0x4)

.eh_frame       0x0000000002022710        0x4
 *(.eh_frame)
 .eh_frame      0x0000000002022710        0x0 /opt/devkitpro/devkitARM/bin/../lib/gcc/arm-none-eabi/11.1.0/thumb/crtbegin.o
 .eh_frame      0x0000000002022710        0x4 /opt/devkitpro/devkitARM/bin/../lib/gcc/arm-none-eabi/11.1.0/thumb/crtend.o
                0x0000000002022714                . = ALIGN (0x4)

.gcc_except_table
                0x0000000002022714        0x0
 *(.gcc_except_table)
                0x0000000002022714                . = ALIGN (0x4)

.jcr
 *(.jcr)

.got
 *(.got.plt)
 *(.got)
 *(.rel.got)

.ewram          0x0000000002022714        0x0
                0x0000000002022714                __ewram_start = ABSOLUTE (.)
 *(.ewram)
 *ewram.*(.text)
                0x0000000002022714                . = ALIGN (0x4)

.data           0x0000000002022714     0x2778
                0x0000000002022714                __data_start = ABSOLUTE (.)
 *(EXCLUDE_FILE(*.twl*) .data)
 .data          0x0000000002022714       0x28 /opt/devkitpro/libnds/lib/libnds9.a(mpu_setup.o)
 *(EXCLUDE_FILE(*.twl*) .data.*)
 .data.currentConsole
                0x000000000202273c        0x4 /opt/devkitpro/libnds/lib/libnds9.a(console.o)
                0x000000000202273c                currentConsole
 .data.defaultConsole
                0x0000000002022740       0x5c /opt/devkitpro/libnds/lib/libnds9.a(console.o)
                0x0000000002022740                defaultConsole
 .data.firstConsoleInit.0
                0x000000000202279c        0x1 /opt/devkitpro/libnds/lib/libnds9.a(console.o)
 *fill*         0x000000000202279d        0x3 ff
 .data.io_dldi_data
                0x00000000020227a0        0x4 /opt/devkitpro/libnds/lib/libnds9.a(dldi.o)
                0x00000000020227a0                io_dldi_data
 .data.fifo_buffer_free
                0x00000000020227a4        0x4 /opt/devkitpro/libnds/lib/libnds9.a(fifosystem.o)
                0x00000000020227a4                fifo_buffer_free
 .data.fifo_freewords
                0x00000000020227a8        0x4 /opt/devkitpro/libnds/lib/libnds9.a(fifosystem.o)
                0x00000000020227a8                fifo_freewords
 .data.fifo_receive_queue
                0x00000000020227ac        0x4 /opt/devkitpro/libnds/lib/libnds9.a(fifosystem.o)
                0x00000000020227ac                fifo_receive_queue
 .data.fifo_send_queue
                0x00000000020227b0        0x4 /opt/devkitpro/libnds/lib/libnds9.a(fifosystem.o)
                0x00000000020227b0                fifo_send_queue
 .data.bgControl
                0x00000000020227b4       0x20 /opt/devkitpro/libnds/lib/libnds9.a(background.o)
                0x00000000020227b4                bgControl
 .data.bgScrollTable
                0x00000000020227d4       0x20 /opt/devkitpro/libnds/lib/libnds9.a(background.o)
                0x00000000020227d4                bgScrollTable
 .data.bgTransform
                0x00000000020227f4       0x20 /opt/devkitpro/libnds/lib/libnds9.a(background.o)
                0x00000000020227f4                bgTransform
 .data.__global_locale
                0x0000000002022814      0x16c /opt/devkitpro/devkitARM/bin/../lib/gcc/arm-none-eabi/11.1.0/../../../../arm-none-eabi/lib/thumb/libg.a(lib_a-locale.o)
                0x0000000002022814                __global_locale
 .data.__malloc_av_
                0x0000000002022980      0x408 /opt/devkitpro/devkitARM/bin/../lib/gcc/arm-none-eabi/11.1.0/../../../../arm-none-eabi/lib/thumb/libg.a(lib_a-mallocr.o)
                0x0000000002022980                __malloc_av_
 .data.__malloc_sbrk_base
                0x0000000002022d88        0x4 /opt/devkitpro/devkitARM/bin/../lib/gcc/arm-none-eabi/11.1.0/../../../../arm-none-eabi/lib/thumb/libg.a(lib_a-mallocr.o)
                0x0000000002022d88                __malloc_sbrk_base
 .data.__malloc_trim_threshold
                0x0000000002022d8c        0x4 /opt/devkitpro/devkitARM/bin/../lib/gcc/arm-none-eabi/11.1.0/../../../../arm-none-eabi/lib/thumb/libg.a(lib_a-mallocr.o)
                0x0000000002022d8c                __malloc_trim_threshold
 .data.__malloc_recursive_mutex
                0x0000000002022d90        0xc /opt/devkitpro/devkitARM/bin/../lib/gcc/arm-none-eabi/11.1.0/../../../../arm-none-eabi/lib/thumb/libg.a(lib_a-mlock.o)
 .data.__tz_mutex
                0x0000000002022d9c        0x4 /opt/devkitpro/devkitARM/bin/../lib/gcc/arm-none-eabi/11.1.0/../../../../arm-none-eabi/lib/thumb/libg.a(lib_a-tzlock.o)
 .data._tzname  0x0000000002022da0        0x8 /opt/devkitpro/devkitARM/bin/../lib/gcc/arm-none-eabi/11.1.0/../../../../arm-none-eabi/lib/thumb/libg.a(lib_a-tzvars.o)
                0x0000000002022da0                _tzname
 .data.__sfp_recursive_mutex
                0x0000000002022da8        0xc /opt/devkitpro/devkitARM/bin/../lib/gcc/arm-none-eabi/11.1.0/../../../../arm-none-eabi/lib/thumb/libg.a(lib_a-findfp.o)
 .data.__sinit_recursive_mutex
                0x0000000002022db4        0xc /opt/devkitpro/devkitARM/bin/../lib/gcc/arm-none-eabi/11.1.0/../../../../arm-none-eabi/lib/thumb/libg.a(lib_a-findfp.o)
 .data.tzinfo   0x0000000002022dc0       0x58 /opt/devkitpro/devkitARM/bin/../lib/gcc/arm-none-eabi/11.1.0/../../../../arm-none-eabi/lib/thumb/libg.a(lib_a-gettzinfo.o)
 .data._impure_ptr
                0x0000000002022e18        0x4 /opt/devkitpro/devkitARM/bin/../lib/gcc/arm-none-eabi/11.1.0/../../../../arm-none-eabi/lib/thumb/libg.a(lib_a-impure.o)
                0x0000000002022e18                _impure_ptr
 *fill*         0x0000000002022e1c        0x4 ff
 .data.impure_data
                0x0000000002022e20      0x460 /opt/devkitpro/devkitARM/bin/../lib/gcc/arm-none-eabi/11.1.0/../../../../arm-none-eabi/lib/thumb/libg.a(lib_a-impure.o)
 .data.environ  0x0000000002023280        0x4 /opt/devkitpro/devkitARM/bin/../lib/gcc/arm-none-eabi/11.1.0/../../../../arm-none-eabi/lib/thumb/libg.a(lib_a-environ.o)
                0x0000000002023280                environ
 .data.__env_recursive_mutex
                0x0000000002023284        0xc /opt/devkitpro/devkitARM/bin/../lib/gcc/arm-none-eabi/11.1.0/../../../../arm-none-eabi/lib/thumb/libg.a(lib_a-envlock.o)
 .data.caseconv_table
                0x0000000002023290      0x744 /opt/devkitpro/devkitARM/bin/../lib/gcc/arm-none-eabi/11.1.0/../../../../arm-none-eabi/lib/thumb/libg.a(lib_a-towctrans_l.o)
 .data.defaultDevice
                0x00000000020239d4        0x4 /opt/devkitpro/devkitARM/bin/../lib/gcc/arm-none-eabi/11.1.0/../../../../arm-none-eabi/lib/thumb/libsysbase.a(iosupport.o)
 .data.devoptab_list
                0x00000000020239d8       0x8c /opt/devkitpro/devkitARM/bin/../lib/gcc/arm-none-eabi/11.1.0/../../../../arm-none-eabi/lib/thumb/libsysbase.a(iosupport.o)
                0x00000000020239d8                devoptab_list
 .data._current_working_directory
                0x0000000002023a64      0x400 /opt/devkitpro/devkitARM/bin/../lib/gcc/arm-none-eabi/11.1.0/../../../../arm-none-eabi/lib/thumb/libsysbase.a(chdir.o)
 .data.__hndl_lock
                0x0000000002023e64        0x4 /opt/devkitpro/devkitARM/bin/../lib/gcc/arm-none-eabi/11.1.0/../../../../arm-none-eabi/lib/thumb/libsysbase.a(handle_manager.o)
 .data.__stderr_handle
                0x0000000002023e68        0xc /opt/devkitpro/devkitARM/bin/../lib/gcc/arm-none-eabi/11.1.0/../../../../arm-none-eabi/lib/thumb/libsysbase.a(handle_manager.o)
 .data.__stdin_handle
                0x0000000002023e74        0xc /opt/devkitpro/devkitARM/bin/../lib/gcc/arm-none-eabi/11.1.0/../../../../arm-none-eabi/lib/thumb/libsysbase.a(handle_manager.o)
 .data.__stdout_handle
                0x0000000002023e80        0xc /opt/devkitpro/devkitARM/bin/../lib/gcc/arm-none-eabi/11.1.0/../../../../arm-none-eabi/lib/thumb/libsysbase.a(handle_manager.o)
 .data.handles  0x0000000002023e8c     0x1000 /opt/devkitpro/devkitARM/bin/../lib/gcc/arm-none-eabi/11.1.0/../../../../arm-none-eabi/lib/thumb/libsysbase.a(handle_manager.o)
 *(EXCLUDE_FILE(*.twl*) .gnu.linkonce.d*)
                0x0000000002024e8c                . = ALIGN (0x4)
                0x0000000002024e8c                __data_end = ABSOLUTE (.)
                0x0000000002024e8c                __bss_vma = .

.igot.plt       0x0000000002024e8c        0x0
 .igot.plt      0x0000000002024e8c        0x0 /opt/devkitpro/devkitARM/bin/../lib/gcc/arm-none-eabi/11.1.0/../../../../arm-none-eabi/lib/thumb/ds_arm9_crt0.o

.dtcm           0x0000000002ff0000        0x0 load address 0x0000000002024e8c
                0x0000000002024e8c                __dtcm_lma = LOADADDR (.dtcm)
                0x0000000002ff0000                __dtcm_start = ABSOLUTE (.)
 *(.dtcm)
 *(.dtcm.*)
                0x0000000002ff0000                . = ALIGN (0x4)
                0x0000000002ff0000                __dtcm_end = ABSOLUTE (.)

.itcm           0x0000000001000100      0x194 load address 0x0000000002024e8c
                0x0000000002024e8c                __itcm_lma = LOADADDR (.itcm)
                0x0000000001000100                __itcm_start = ABSOLUTE (.)
 *(.itcm)
 .itcm          0x0000000001000100       0xc8 /opt/devkitpro/libnds/lib/libnds9.a(interrupts.o)
                0x0000000001000100                irqTable
 .itcm          0x00000000010001c8       0xcc /opt/devkitpro/libnds/lib/libnds9.a(interruptDispatcher.o)
                0x00000000010001c8                IntrMain
 *.itcm*(.text .stub .text.*)
                0x0000000001000294                . = ALIGN (0x4)
                0x0000000001000294                __itcm_end = ABSOLUTE (.)

.vectors        0x0000000001000000        0x0 load address 0x0000000002025020
                0x0000000002025020                __vectors_lma = LOADADDR (.vectors)
                0x0000000001000000                __vectors_start = ABSOLUTE (.)
 *(.vectors .vectors.*)
                0x0000000001000000                . = ALIGN (0x4)
                0x0000000001000000                __vectors_end = ABSOLUTE (.)

.sbss           0x0000000002ff0000        0x0
                0x0000000002ff0000                __sbss_start = ABSOLUTE (.)
                0x0000000002ff0000                __sbss_start__ = ABSOLUTE (.)
 *(.sbss)
                0x0000000002ff0000                . = ALIGN (0x4)
                0x0000000002ff0000                __sbss_end = ABSOLUTE (.)

.bss            0x0000000002024e8c     0x10c4
                0x0000000002024e8c                __bss_start = ABSOLUTE (.)
                0x0000000002024e8c                __bss_start__ = ABSOLUTE (.)
 *(EXCLUDE_FILE(*.twl*) .dynbss)
 *(EXCLUDE_FILE(*.twl*) .gnu.linkonce.b*)
 *(EXCLUDE_FILE(*.twl*) .bss*)
 .bss.completed.1
                0x0000000002024e8c        0x1 /opt/devkitpro/devkitARM/bin/../lib/gcc/arm-none-eabi/11.1.0/thumb/crtbegin.o
 *fill*         0x0000000002024e8d        0x3 
 .bss.object.0  0x0000000002024e90       0x18 /opt/devkitpro/devkitARM/bin/../lib/gcc/arm-none-eabi/11.1.0/thumb/crtbegin.o
 .bss.accessCounter
                0x0000000002024ea8        0x4 /opt/devkitpro/libnds/lib/libfat.a(cache.o)
 .bss.currentCopy
                0x0000000002024eac       0x5c /opt/devkitpro/libnds/lib/libnds9.a(console.o)
                0x0000000002024eac                currentCopy
 .bss.__dsimode
                0x0000000002024f08        0x1 /opt/devkitpro/libnds/lib/libnds9.a(initSystem.o)
                0x0000000002024f08                __dsimode
 *fill*         0x0000000002024f09        0x3 
 .bss.punixTime
                0x0000000002024f0c        0x4 /opt/devkitpro/libnds/lib/libnds9.a(timeSupport.o)
                0x0000000002024f0c                punixTime
 .bss.fifo_address_data
                0x0000000002024f10       0x40 /opt/devkitpro/libnds/lib/libnds9.a(fifosystem.o)
                0x0000000002024f10                fifo_address_data
 .bss.fifo_address_func
                0x0000000002024f50       0x40 /opt/devkitpro/libnds/lib/libnds9.a(fifosystem.o)
                0x0000000002024f50                fifo_address_func
 .bss.fifo_address_queue
                0x0000000002024f90       0x40 /opt/devkitpro/libnds/lib/libnds9.a(fifosystem.o)
                0x0000000002024f90                fifo_address_queue
 .bss.fifo_buffer
                0x0000000002024fd0      0x800 /opt/devkitpro/libnds/lib/libnds9.a(fifosystem.o)
                0x0000000002024fd0                fifo_buffer
 .bss.fifo_data_queue
                0x00000000020257d0       0x40 /opt/devkitpro/libnds/lib/libnds9.a(fifosystem.o)
                0x00000000020257d0                fifo_data_queue
 .bss.fifo_datamsg_data
                0x0000000002025810       0x40 /opt/devkitpro/libnds/lib/libnds9.a(fifosystem.o)
                0x0000000002025810                fifo_datamsg_data
 .bss.fifo_datamsg_func
                0x0000000002025850       0x40 /opt/devkitpro/libnds/lib/libnds9.a(fifosystem.o)
                0x0000000002025850                fifo_datamsg_func
 .bss.fifo_value32_data
                0x0000000002025890       0x40 /opt/devkitpro/libnds/lib/libnds9.a(fifosystem.o)
                0x0000000002025890                fifo_value32_data
 .bss.fifo_value32_func
                0x00000000020258d0       0x40 /opt/devkitpro/libnds/lib/libnds9.a(fifosystem.o)
                0x00000000020258d0                fifo_value32_func
 .bss.fifo_value32_queue
                0x0000000002025910       0x40 /opt/devkitpro/libnds/lib/libnds9.a(fifosystem.o)
                0x0000000002025910                fifo_value32_queue
 .bss.processing
                0x0000000002025950        0x4 /opt/devkitpro/libnds/lib/libnds9.a(fifosystem.o)
                0x0000000002025950                processing
 .bss.bgIsTextLut
                0x0000000002025954        0x8 /opt/devkitpro/libnds/lib/libnds9.a(background.o)
                0x0000000002025954                bgIsTextLut
 .bss.bgState   0x000000000202595c      0x140 /opt/devkitpro/libnds/lib/libnds9.a(background.o)
                0x000000000202595c                bgState
 .bss.SDcallback
                0x0000000002025a9c        0x4 /opt/devkitpro/libnds/lib/libnds9.a(system.o)
 .bss.__malloc_current_mallinfo
                0x0000000002025aa0       0x28 /opt/devkitpro/devkitARM/bin/../lib/gcc/arm-none-eabi/11.1.0/../../../../arm-none-eabi/lib/thumb/libg.a(lib_a-mallocr.o)
                0x0000000002025aa0                __malloc_current_mallinfo
 .bss.__malloc_max_sbrked_mem
                0x0000000002025ac8        0x4 /opt/devkitpro/devkitARM/bin/../lib/gcc/arm-none-eabi/11.1.0/../../../../arm-none-eabi/lib/thumb/libg.a(lib_a-mallocr.o)
                0x0000000002025ac8                __malloc_max_sbrked_mem
 .bss.__malloc_max_total_mem
                0x0000000002025acc        0x4 /opt/devkitpro/devkitARM/bin/../lib/gcc/arm-none-eabi/11.1.0/../../../../arm-none-eabi/lib/thumb/libg.a(lib_a-mallocr.o)
                0x0000000002025acc                __malloc_max_total_mem
 .bss.__malloc_top_pad
                0x0000000002025ad0        0x4 /opt/devkitpro/devkitARM/bin/../lib/gcc/arm-none-eabi/11.1.0/../../../../arm-none-eabi/lib/thumb/libg.a(lib_a-mallocr.o)
                0x0000000002025ad0                __malloc_top_pad
 .bss.__tzname_dst
                0x0000000002025ad4        0xb /opt/devkitpro/devkitARM/bin/../lib/gcc/arm-none-eabi/11.1.0/../../../../arm-none-eabi/lib/thumb/libg.a(lib_a-tzset_r.o)
 *fill*         0x0000000002025adf        0x1 
 .bss.__tzname_std
                0x0000000002025ae0        0xb /opt/devkitpro/devkitARM/bin/../lib/gcc/arm-none-eabi/11.1.0/../../../../arm-none-eabi/lib/thumb/libg.a(lib_a-tzset_r.o)
 *fill*         0x0000000002025aeb        0x1 
 .bss.prev_tzenv
                0x0000000002025aec        0x4 /opt/devkitpro/devkitARM/bin/../lib/gcc/arm-none-eabi/11.1.0/../../../../arm-none-eabi/lib/thumb/libg.a(lib_a-tzset_r.o)
 .bss._daylight
                0x0000000002025af0        0x4 /opt/devkitpro/devkitARM/bin/../lib/gcc/arm-none-eabi/11.1.0/../../../../arm-none-eabi/lib/thumb/libg.a(lib_a-tzvars.o)
                0x0000000002025af0                _daylight
 .bss._timezone
                0x0000000002025af4        0x4 /opt/devkitpro/devkitARM/bin/../lib/gcc/arm-none-eabi/11.1.0/../../../../arm-none-eabi/lib/thumb/libg.a(lib_a-tzvars.o)
                0x0000000002025af4                _timezone
 .bss.initial_env
                0x0000000002025af8        0x4 /opt/devkitpro/devkitARM/bin/../lib/gcc/arm-none-eabi/11.1.0/../../../../arm-none-eabi/lib/thumb/libg.a(lib_a-environ.o)
 .bss.heap_start.0
                0x0000000002025afc        0x4 /opt/devkitpro/devkitARM/bin/../lib/gcc/arm-none-eabi/11.1.0/../../../../arm-none-eabi/lib/thumb/libsysbase.a(sbrk.o)
 .bss.fake_heap_end
                0x0000000002025b00        0x4 /opt/devkitpro/devkitARM/bin/../lib/gcc/arm-none-eabi/11.1.0/../../../../arm-none-eabi/lib/thumb/libsysbase.a(malloc_vars.o)
                0x0000000002025b00                fake_heap_end
 .bss.fake_heap_start
                0x0000000002025b04        0x4 /opt/devkitpro/devkitARM/bin/../lib/gcc/arm-none-eabi/11.1.0/../../../../arm-none-eabi/lib/thumb/libsysbase.a(malloc_vars.o)
                0x0000000002025b04                fake_heap_start
 .bss.temp_cwd  0x0000000002025b08      0x400 /opt/devkitpro/devkitARM/bin/../lib/gcc/arm-none-eabi/11.1.0/../../../../arm-none-eabi/lib/thumb/libsysbase.a(chdir.o)
 .bss.__syscalls
                0x0000000002025f08       0x48 /opt/devkitpro/devkitARM/bin/../lib/gcc/arm-none-eabi/11.1.0/../../../../arm-none-eabi/lib/thumb/libsysbase.a(syscall_support.o)
                0x0000000002025f08                __syscalls
 *(EXCLUDE_FILE(*.twl*) COMMON)
                0x0000000002025f50                . = ALIGN (0x4)
                0x0000000002025f50                __bss_end__ = ABSOLUTE (.)
                0x0000000002025f50                __end__ = ABSOLUTE (.)

.twl            0x0000000002025f50      0x158 load address 0x0000000002400000
                0x0000000002400000                __arm9i_lma__ = LOADADDR (.twl)
                0x0000000002025f50                __arm9i_start__ = ABSOLUTE (.)
 *(.twl)
 *.twl*(.text .stub .text.* .gnu.linkonce.t.*)
 .text.sdio_ClearStatus
                0x0000000002025f50        0x4 /opt/devkitpro/libnds/lib/libnds9.a(sd.twl.o)
                0x0000000002025f50                sdio_ClearStatus
 .text.sdio_Startup
                0x0000000002025f54       0x50 /opt/devkitpro/libnds/lib/libnds9.a(sd.twl.o)
                0x0000000002025f54                sdio_Startup
 .text.sdio_Shutdown
                0x0000000002025fa4        0x4 /opt/devkitpro/libnds/lib/libnds9.a(sd.twl.o)
                0x0000000002025fa4                sdio_Shutdown
 .text.sdio_IsInserted
                0x0000000002025fa8       0x30 /opt/devkitpro/libnds/lib/libnds9.a(sd.twl.o)
                0x0000000002025fa8                sdio_IsInserted
 .text.sdio_ReadSectors
                0x0000000002025fd8       0x50 /opt/devkitpro/libnds/lib/libnds9.a(sd.twl.o)
                0x0000000002025fd8                sdio_ReadSectors
 .text.sdio_WriteSectors
                0x0000000002026028       0x50 /opt/devkitpro/libnds/lib/libnds9.a(sd.twl.o)
                0x0000000002026028                sdio_WriteSectors
 .text.sdio_WriteSectors.__stub
                0x0000000002026078       0x10 linker stubs
 *.twl*(.rodata)
 *.twl*(.roda)
 *.twl*(.rodata.*)
 .rodata.__io_dsisd
                0x0000000002026088       0x20 /opt/devkitpro/libnds/lib/libnds9.a(sd.twl.o)
                0x0000000002026088                __io_dsisd
 *.twl*(.data)
 *.twl*(.data.*)
 *.twl*(.gnu.linkonce.d*)
                0x00000000020260a8                __arm9i_end__ = ABSOLUTE (.)

.rel.dyn        0x00000000020260a8        0x0 load address 0x0000000002400158
 .rel.iplt      0x00000000020260a8        0x0 /opt/devkitpro/devkitARM/bin/../lib/gcc/arm-none-eabi/11.1.0/../../../../arm-none-eabi/lib/thumb/ds_arm9_crt0.o

.twl_bss        0x00000000020260a8        0x0
                0x00000000020260a8                __twl_bss_start__ = ABSOLUTE (.)
 *(.twl_bss)
 *.twl*(.dynbss)
 *.twl*(.gnu.linkonce.b*)
 *.twl*(.bss*)
 *.twl*(COMMON)
                0x00000000020260a8                . = ALIGN (0x4)
                0x00000000020260a8                __twl_bss_end__ = ABSOLUTE (.)
                0x00000000020260a8                __twl_end__ = ABSOLUTE (.)

.stab
 *(.stab)

.stabstr
 *(.stabstr)

.stab.excl
 *(.stab.excl)

.stab.exclstr
 *(.stab.exclstr)

.stab.index
 *(.stab.index)

.stab.indexstr
 *(.stab.indexstr)

.comment        0x0000000000000000       0x69
 *(.comment)
 .comment       0x0000000000000000       0x23 /opt/devkitpro/devkitARM/bin/../lib/gcc/arm-none-eabi/11.1.0/thumb/crtbegin.o
                                         0x24 (size before relaxing)
 .comment       0x0000000000000023       0x24 bootstrap.o
 .comment       0x0000000000000023       0x24 nds_loader_arm9.o
 .comment       0x0000000000000023       0x23 /opt/devkitpro/libnds/lib/libfat.a(libfat.o)
                                         0x24 (size before relaxing)
 .comment       0x0000000000000046       0x24 /opt/devkitpro/libnds/lib/libfat.a(disc.o)
 .comment       0x0000000000000046       0x24 /opt/devkitpro/libnds/lib/libfat.a(fatfile.o)
 .comment       0x0000000000000046       0x24 /opt/devkitpro/libnds/lib/libfat.a(cache.o)
 .comment       0x0000000000000046       0x24 /opt/devkitpro/libnds/lib/libfat.a(fatdir.o)
 .comment       0x0000000000000046       0x24 /opt/devkitpro/libnds/lib/libfat.a(directory.o)
 .comment       0x0000000000000046       0x24 /opt/devkitpro/libnds/lib/libfat.a(partition.o)
 .comment       0x0000000000000046       0x24 /opt/devkitpro/libnds/lib/libfat.a(lock.o)
 .comment       0x0000000000000046       0x24 /opt/devkitpro/libnds/lib/libfat.a(filetime.o)
 .comment       0x0000000000000046       0x24 /opt/devkitpro/libnds/lib/libfat.a(file_allocation_table.o)
 .comment       0x0000000000000046       0x23 /opt/devkitpro/libnds/lib/libnds9.a(console.o)
                                         0x24 (size before relaxing)
 .comment       0x0000000000000069       0x24 /opt/devkitpro/libnds/lib/libnds9.a(dldi.o)
 .comment       0x0000000000000069       0x24 /opt/devkitpro/libnds/lib/libnds9.a(initSystem.o)
 .comment       0x0000000000000069       0x24 /opt/devkitpro/libnds/lib/libnds9.a(timeSupport.o)